Archive member included because of file (symbol)

../../ecrobot/../ecrobot/libecrobot.a(ecrobot_HiTechnic.o)
                              build/BTdrive2.o (ecrobot_get_gyro_sensor)
../../ecrobot/../ecrobot/libecrobot.a(ecrobot_interface.o)
                              build/BTdrive2.o (ecrobot_set_motor_speed)
../../ecrobot/../ecrobot/libecrobot.a(colorsensor.o)
                              ../../ecrobot/../ecrobot/libecrobot.a(ecrobot_interface.o) (colorsensor_init)
../../ecrobot/../ecrobot/libecrobot.a(osek_hook.o)
                              build/kernel/osctl.o (StartupHook)
../../ecrobot/../ecrobot/libecrobot.a(uart.oram)
                              build/config/at91sam7s-gnu/irq.oram (uart_isr_C_0)
../../ecrobot/../ecrobot/libecrobot.a(systick.oram)
                              build/syslib/at91sam7s-gnu/lego_nxt/hw_sys_timer.oram (systick_low_priority_C)
../../ecrobot/../ecrobot/libecrobot.a(byte_fifo.oram)
                              ../../ecrobot/../ecrobot/libecrobot.a(uart.oram) (byte_fifo_put)
../../ecrobot/../ecrobot/libecrobot.a(aic.oram)
                              ../../ecrobot/../ecrobot/libecrobot.a(uart.oram) (aic_set_vector)
../../ecrobot/../ecrobot/libecrobot.a(udp.oram)
                              build/config/at91sam7s-gnu/irq.oram (udp_isr_C)
../../ecrobot/../ecrobot/libecrobot.a(twi.oram)
                              build/config/at91sam7s-gnu/irq.oram (twi_isr_C)
../../ecrobot/../ecrobot/libecrobot.a(nxt_spi.oram)
                              build/config/at91sam7s-gnu/irq.oram (spi_isr_C)
../../ecrobot/../ecrobot/libecrobot.a(nxt_motors.oram)
                              ../../ecrobot/../ecrobot/libecrobot.a(ecrobot_interface.o) (nxt_motor_get_count)
../../ecrobot/../ecrobot/libecrobot.a(data_abort.oram)
                              build/ecrobot_init.o (data_abort_C)
../../ecrobot/../ecrobot/libecrobot.a(display.oram)
                              build/ecrobot_base.o (display_update)
../../ecrobot/../ecrobot/libecrobot.a(i2c.oram)
                              build/config/at91sam7s-gnu/irq.oram (i2c_timer_isr_C)
../../ecrobot/../ecrobot/libecrobot.a(sound.oram)
                              ../../ecrobot/../ecrobot/libecrobot.a(ecrobot_interface.o) (sound_get_time)
../../ecrobot/../ecrobot/libecrobot.a(bt.oram)
                              build/ecrobot_bluetooth.o (bt_send)
../../ecrobot/../ecrobot/libecrobot.a(nxt_avr.oram)
                              build/ecrobot_base.o (nxt_avr_power_down)
../../ecrobot/../ecrobot/libecrobot.a(sensors.oram)
                              ../../ecrobot/../ecrobot/libecrobot.a(ecrobot_interface.o) (unset_digi0)
../../ecrobot/../ecrobot/libecrobot.a(sensors1.oram)
                              ../../ecrobot/../ecrobot/libecrobot.a(colorsensor.o) (sensor_pins)
../../ecrobot/../ecrobot/libecrobot.a(nxt_lcd.oram)
                              ../../ecrobot/../ecrobot/libecrobot.a(display.oram) (nxt_lcd_force_update)
../../ecrobot/../ecrobot/libecrobot.a(flash_loader.oram)
                              build/ecrobot_base.o (set_flash_request)
../../ecrobot/../ecrobot/libecrobot.a(interrupts.oram)
                              ../../ecrobot/../ecrobot/libecrobot.a(uart.oram) (interrupts_get_and_disable)
../../ecrobot/../ecrobot/libecrobot.a(nxtosek_splash.obmp)
                              build/ecrobot_base.o (nxtosek_splash_bmp_start)
../../ecrobot/../ecrobot/libecrobot.a(ecrobot_usb.o)
                              ../../ecrobot/../ecrobot/libecrobot.a(flash_loader.oram) (ecrobot_init_usb)
../../ecrobot/../ecrobot/libecrobot.a(flashprog.oram)
                              ../../ecrobot/../ecrobot/libecrobot.a(flash_loader.oram) (flash_write_page)
/cygdrive/C/cygwin/GNUARM/bin/../lib/gcc/arm-elf/4.0.2/thumb/interwork/libgcc.a(_udivsi3.o)
                              build/ecrobot_base.o (__udivsi3)
/cygdrive/C/cygwin/GNUARM/bin/../lib/gcc/arm-elf/4.0.2/thumb/interwork/libgcc.a(_divsi3.o)
                              ../../ecrobot/../ecrobot/libecrobot.a(uart.oram) (__divsi3)
/cygdrive/C/cygwin/GNUARM/bin/../lib/gcc/arm-elf/4.0.2/thumb/interwork/libgcc.a(_umodsi3.o)
                              build/BTdrive2.o (__umodsi3)
/cygdrive/C/cygwin/GNUARM/bin/../lib/gcc/arm-elf/4.0.2/thumb/interwork/libgcc.a(_modsi3.o)
                              build/BTdrive2.o (__modsi3)
/cygdrive/C/cygwin/GNUARM/bin/../lib/gcc/arm-elf/4.0.2/thumb/interwork/libgcc.a(_dvmd_tls.o)
                              /cygdrive/C/cygwin/GNUARM/bin/../lib/gcc/arm-elf/4.0.2/thumb/interwork/libgcc.a(_udivsi3.o) (__div0)
/cygdrive/C/cygwin/GNUARM/bin/../lib/gcc/arm-elf/4.0.2/thumb/interwork/libgcc.a(_addsubdf3.o)
                              ../../ecrobot/../ecrobot/libecrobot.a(colorsensor.o) (__floatsidf)
/cygdrive/C/cygwin/GNUARM/bin/../lib/gcc/arm-elf/4.0.2/thumb/interwork/libgcc.a(_muldivdf3.o)
                              ../../ecrobot/../ecrobot/libecrobot.a(colorsensor.o) (__muldf3)
[...]
Memory Configuration

Name             Origin             Length             Attributes
header_ram       0x001ffff0         0x00000010
vector_ram       0x00200000         0x00000040
ram              0x00200040         0x0000ffc0
*default*        0x00000000         0xffffffff

Linker script and memory map

LOAD build/kernel/alarm.o
LOAD build/kernel/event.o
LOAD build/kernel/interrupt.o
LOAD build/kernel/osctl.o
LOAD build/kernel/resource.o
LOAD build/kernel/task.o
LOAD build/kernel/task_manage.o
LOAD build/config/at91sam7s-gnu/cpu_config.o
LOAD build/config/at91sam7s-gnu/lego_nxt/sys_config.o
LOAD build/./kernel_cfg.o
LOAD build/syscalls.o
LOAD build/ecrobot_bluetooth.o
LOAD build/ecrobot_base.o
LOAD build/ecrobot.o
LOAD build/BTdrive2.o
LOAD build/syslib/at91sam7s-gnu/lego_nxt/hw_sys_timer.oram
LOAD build/nxtvm/platform/nxt/vectors.o
LOAD build/config/at91sam7s-gnu/debug.o
LOAD build/config/at91sam7s-gnu/lego_nxt/sys_support.o
LOAD build/nxt_binary_header.o
LOAD build/nxt_entry_point.o
LOAD build/ecrobot_init.o
LOAD build/config/at91sam7s-gnu/cpu_support.oram
LOAD build/config/at91sam7s-gnu/irq.oram
LOAD ../../ecrobot/../c++/liblejososek.a
LOAD ../../ecrobot/../ecrobot/libecrobot.a
LOAD /cygdrive/C/cygwin/GNUARM/bin/../lib/gcc/arm-elf/4.0.2/../../../../arm-elf/lib/thumb/interwork/libstdc++.a
LOAD /cygdrive/C/cygwin/GNUARM/bin/../lib/gcc/arm-elf/4.0.2/../../../../arm-elf/lib/thumb/interwork/libm.a
LOAD /cygdrive/C/cygwin/GNUARM/bin/../lib/gcc/arm-elf/4.0.2/thumb/interwork/libgcc.a
LOAD /cygdrive/C/cygwin/GNUARM/bin/../lib/gcc/arm-elf/4.0.2/../../../../arm-elf/lib/thumb/interwork/libc.a
LOAD /cygdrive/C/cygwin/GNUARM/bin/../lib/gcc/arm-elf/4.0.2/thumb/interwork/libgcc.a
                0x00200000                RAM_BASE = 0x200000
                0x00010000                RAM_SIZE = 0x10000

.header         0x001ffff0       0x10
 *nxt_binary_header.o(*.text *.text.*)
 .text          0x001ffff0       0x10 build/nxt_binary_header.o
                0x00200000                . = ALIGN (0x10)

.vectors        0x00200000       0x40
 vectors.o(*.text *.text.*)
 .text          0x00200000       0x38 build/nxtvm/platform/nxt/vectors.o
                0x00200040                . = ALIGN (0x10)
 *fill*         0x00200038        0x8 00
                0x00200000                __vectors_ram_start__ = ADDR (.vectors)
                0x00200040                __vectors_ram_end__ = (ADDR (.vectors) + SIZEOF (.vectors))
                0x00200000                __vectors_load_start__ = LOADADDR (.vectors)
                0x00200040                __vectors_load_end__ = (LOADADDR (.vectors) + SIZEOF (.vectors))

.entry          0x00200040       0x40
 *nxt_entry_point.o(*.text *.text.*)
 .text          0x00200040       0x38 build/nxt_entry_point.o
                0x00200040                NXT_Entry_Point
                0x00200080                . = ALIGN (0x10)
 *fill*         0x00200078        0x8 00

.init           0x00200080      0x280
 *ecrobot_init.o(*.text *.text.*)
 .text          0x00200080      0x280 build/ecrobot_init.o
                0x002001ec                undef_handler
                0x002001f4                prefetch_abort_handler
                0x002001f8                data_abort_handler
                0x002001f0                swi_handler
                0x00200080                start
                0x00200214                reserved_handler
                0x00200300                . = ALIGN (0x10)

.ram_text       0x00200300     0x3590
                0x00200300                . = ALIGN (0x10)
 *.oram(*.text *.text.* *.glue*)
 .text.systick_isr_C1
                0x00200300       0x28 build/syslib/at91sam7s-gnu/lego_nxt/hw_sys_timer.oram
                0x00200300                systick_isr_C1
 *fill*         0x00200328        0x8 00
 .text          0x00200330      0x230 build/config/at91sam7s-gnu/cpu_support.oram
                0x00200510                enable_int
                0x002003b0                start_dispatch
                0x00200370                activate_r
                0x00200508                disable_int
                0x00200330                dispatch
                0x002004dc                int_return
                0x0020046c                _interrupt
                0x002003a0                exit_and_dispatch
                0x00200518                nop
 .text          0x00200560      0x2c0 build/config/at91sam7s-gnu/irq.oram
                0x00200560                default_isr
                0x002006ec                uart_isr_entry_0
                0x0020066c                twi_isr_entry
                0x0020072c                uart_isr_entry_1
                0x0020062c                spi_isr_entry
                0x002005ac                systick_low_priority_entry
                0x0020076c                nxt_motor_isr_entry
                0x002007ac                i2c_timer_isr_entry
                0x00200560                default_fiq
                0x00200564                systick_isr_entry
                0x00200560                spurious_isr
                0x002006ac                sound_isr_entry
                0x002005ec                udp_isr_entry
 .text.uart_process_isr
                0x00200820       0x88 ../../ecrobot/../ecrobot/libecrobot.a(uart.oram)
 .text.uart_isr_C_0
                0x002008a8        0xc ../../ecrobot/../ecrobot/libecrobot.a(uart.oram)
                0x002008a8                uart_isr_C_0
 .text.uart_isr_C_1
                0x002008b4        0xc ../../ecrobot/../ecrobot/libecrobot.a(uart.oram)
                0x002008b4                uart_isr_C_1
 .text.systick_low_priority_C
                0x002008c0       0x1c ../../ecrobot/../ecrobot/libecrobot.a(systick.oram)
                0x002008c0                systick_low_priority_C
 .text.systick_isr_C
                0x002008dc       0x24 ../../ecrobot/../ecrobot/libecrobot.a(systick.oram)
                0x002008dc                systick_isr_C
 .text.systick_get_ms
                0x00200900        0xc ../../ecrobot/../ecrobot/libecrobot.a(systick.oram)
                0x00200900                systick_get_ms
 .text.systick_wait_ms
                0x0020090c       0x1c ../../ecrobot/../ecrobot/libecrobot.a(systick.oram)
                0x0020090c                systick_wait_ms
 .text.systick_wait_ns
                0x00200928       0x1c ../../ecrobot/../ecrobot/libecrobot.a(systick.oram)
                0x00200928                systick_wait_ns
 .text.systick_init
                0x00200944       0x58 ../../ecrobot/../ecrobot/libecrobot.a(systick.oram)
                0x00200944                systick_init
 .text.systick_suspend
                0x0020099c        0xc ../../ecrobot/../ecrobot/libecrobot.a(systick.oram)
                0x0020099c                systick_suspend
 .text.systick_resume
                0x002009a8        0xc ../../ecrobot/../ecrobot/libecrobot.a(systick.oram)
                0x002009a8                systick_resume
 .text.byte_fifo_put
                0x002009b4       0x58 ../../ecrobot/../ecrobot/libecrobot.a(byte_fifo.oram)
                0x002009b4                byte_fifo_put
 .text.byte_fifo_get
                0x00200a0c       0x2c ../../ecrobot/../ecrobot/libecrobot.a(byte_fifo.oram)
                0x00200a0c                byte_fifo_get
 .text.aic_initialise
                0x00200a38       0x5c ../../ecrobot/../ecrobot/libecrobot.a(aic.oram)
                0x00200a38                aic_initialise
 .text.aic_set_vector
                0x00200a94       0x30 ../../ecrobot/../ecrobot/libecrobot.a(aic.oram)
                0x00200a94                aic_set_vector
 .text.aic_mask_on
                0x00200ac4       0x24 ../../ecrobot/../ecrobot/libecrobot.a(aic.oram)
                0x00200ac4                aic_mask_on
 .text.aic_mask_off
                0x00200ae8       0x24 ../../ecrobot/../ecrobot/libecrobot.a(aic.oram)
                0x00200ae8                aic_mask_off
 .text.aic_clear
                0x00200b0c       0x24 ../../ecrobot/../ecrobot/libecrobot.a(aic.oram)
                0x00200b0c                aic_clear
 .text.reset    0x00200b30       0x4c ../../ecrobot/../ecrobot/libecrobot.a(udp.oram)
 .text.udp_send_null
                0x00200b7c       0x2c ../../ecrobot/../ecrobot/libecrobot.a(udp.oram)
 .text.udp_send_stall
                0x00200ba8       0x2c ../../ecrobot/../ecrobot/libecrobot.a(udp.oram)
 .text.udp_send_control
                0x00200bd4       0x60 ../../ecrobot/../ecrobot/libecrobot.a(udp.oram)
 .text.udp_isr_C
                0x00200c34      0x7d0 ../../ecrobot/../ecrobot/libecrobot.a(udp.oram)
                0x00200c34                udp_isr_C
 .text.twi_status
                0x00201404       0x20 ../../ecrobot/../ecrobot/libecrobot.a(twi.oram)
                0x00201404                twi_status
 .text.twi_isr_C
                0x00201424       0xc4 ../../ecrobot/../ecrobot/libecrobot.a(twi.oram)
                0x00201424                twi_isr_C
 .text.twi_reset
                0x002014e8       0xb4 ../../ecrobot/../ecrobot/libecrobot.a(twi.oram)
                0x002014e8                twi_reset
 .text.twi_init
                0x0020159c       0x4c ../../ecrobot/../ecrobot/libecrobot.a(twi.oram)
                0x0020159c                twi_init
 .text.twi_start_read
                0x002015e8       0x60 ../../ecrobot/../ecrobot/libecrobot.a(twi.oram)
                0x002015e8                twi_start_read
 .text.twi_start_write
                0x00201648       0x64 ../../ecrobot/../ecrobot/libecrobot.a(twi.oram)
                0x00201648                twi_start_write
 .text.spi_set_mode
                0x002016ac       0x40 ../../ecrobot/../ecrobot/libecrobot.a(nxt_spi.oram)
 .text.spi_isr_C
                0x002016ec       0x8c ../../ecrobot/../ecrobot/libecrobot.a(nxt_spi.oram)
                0x002016ec                spi_isr_C
 .text.nxt_spi_init
                0x00201778      0x12c ../../ecrobot/../ecrobot/libecrobot.a(nxt_spi.oram)
                0x00201778                nxt_spi_init
 .text.nxt_spi_write
                0x002018a4       0x44 ../../ecrobot/../ecrobot/libecrobot.a(nxt_spi.oram)
                0x002018a4                nxt_spi_write
 .text.nxt_spi_set_display
                0x002018e8       0x10 ../../ecrobot/../ecrobot/libecrobot.a(nxt_spi.oram)
                0x002018e8                nxt_spi_set_display
 .text.nxt_spi_refresh
                0x002018f8       0x24 ../../ecrobot/../ecrobot/libecrobot.a(nxt_spi.oram)
                0x002018f8                nxt_spi_refresh
 .text.nxt_motor_get_count
                0x0020191c       0x14 ../../ecrobot/../ecrobot/libecrobot.a(nxt_motors.oram)
                0x0020191c                nxt_motor_get_count
 .text.nxt_motor_set_count
                0x00201930       0x10 ../../ecrobot/../ecrobot/libecrobot.a(nxt_motors.oram)
                0x00201930                nxt_motor_set_count
 .text.nxt_motor_set_speed
                0x00201940       0x34 ../../ecrobot/../ecrobot/libecrobot.a(nxt_motors.oram)
                0x00201940                nxt_motor_set_speed
 .text.nxt_motor_1kHz_process
                0x00201974       0x28 ../../ecrobot/../ecrobot/libecrobot.a(nxt_motors.oram)
                0x00201974                nxt_motor_1kHz_process
 .text.nxt_motor_quad_decode
                0x0020199c       0x30 ../../ecrobot/../ecrobot/libecrobot.a(nxt_motors.oram)
                0x0020199c                nxt_motor_quad_decode
 .text.nxt_motor_isr_C
                0x002019cc       0x88 ../../ecrobot/../ecrobot/libecrobot.a(nxt_motors.oram)
                0x002019cc                nxt_motor_isr_C
 .text.nxt_motor_init
                0x00201a54       0x68 ../../ecrobot/../ecrobot/libecrobot.a(nxt_motors.oram)
                0x00201a54                nxt_motor_init
 .text.data_abort_C
                0x00201abc       0x7c ../../ecrobot/../ecrobot/libecrobot.a(data_abort.oram)
                0x00201abc                data_abort_C
 .text.display_update
                0x00201b38       0x14 ../../ecrobot/../ecrobot/libecrobot.a(display.oram)
                0x00201b38                display_update
 .text.display_force_update
                0x00201b4c        0xc ../../ecrobot/../ecrobot/libecrobot.a(display.oram)
                0x00201b4c                display_force_update
 .text.display_clear
                0x00201b58       0x24 ../../ecrobot/../ecrobot/libecrobot.a(display.oram)
                0x00201b58                display_clear
 .text.display_goto_xy
                0x00201b7c       0x14 ../../ecrobot/../ecrobot/libecrobot.a(display.oram)
                0x00201b7c                display_goto_xy
 .text.display_char
                0x00201b90       0x60 ../../ecrobot/../ecrobot/libecrobot.a(display.oram)
                0x00201b90                display_char
 .text.display_string
                0x00201bf0       0x3c ../../ecrobot/../ecrobot/libecrobot.a(display.oram)
                0x00201bf0                display_string
 .text.display_hex
                0x00201c2c       0x50 ../../ecrobot/../ecrobot/libecrobot.a(display.oram)
                0x00201c2c                display_hex
 .text.display_unsigned_worker
                0x00201c7c       0x70 ../../ecrobot/../ecrobot/libecrobot.a(display.oram)
 .text.display_unsigned
                0x00201cec        0xc ../../ecrobot/../ecrobot/libecrobot.a(display.oram)
                0x00201cec                display_unsigned
 .text.display_int
                0x00201cf8       0x14 ../../ecrobot/../ecrobot/libecrobot.a(display.oram)
                0x00201cf8                display_int
 .text.display_bitmap_copy
                0x00201d0c       0x5c ../../ecrobot/../ecrobot/libecrobot.a(display.oram)
                0x00201d0c                display_bitmap_copy
 .text.display_init
                0x00201d68       0x50 ../../ecrobot/../ecrobot/libecrobot.a(display.oram)
                0x00201d68                display_init
 .text.i2c_timer_isr_C
                0x00201db8      0x314 ../../ecrobot/../ecrobot/libecrobot.a(i2c.oram)
                0x00201db8                i2c_timer_isr_C
 .text.i2c_disable
                0x002020cc       0x20 ../../ecrobot/../ecrobot/libecrobot.a(i2c.oram)
                0x002020cc                i2c_disable
 .text.i2c_init
                0x002020ec       0xa4 ../../ecrobot/../ecrobot/libecrobot.a(i2c.oram)
                0x002020ec                i2c_init
 .text.set_vol  0x00202190       0xa4 ../../ecrobot/../ecrobot/libecrobot.a(sound.oram)
 .text.sound_fill_sample_buffer
                0x00202234       0xe4 ../../ecrobot/../ecrobot/libecrobot.a(sound.oram)
                0x00202234                sound_fill_sample_buffer
 .text.sound_freq_vol
                0x00202318      0x1ec ../../ecrobot/../ecrobot/libecrobot.a(sound.oram)
                0x00202318                sound_freq_vol
 .text.sound_init
                0x00202504       0xa0 ../../ecrobot/../ecrobot/libecrobot.a(sound.oram)
                0x00202504                sound_init
 .text.sound_isr_C
                0x002025a4      0x180 ../../ecrobot/../ecrobot/libecrobot.a(sound.oram)
                0x002025a4                sound_isr_C
 .text.bt_init  0x00202724      0x1c0 ../../ecrobot/../ecrobot/libecrobot.a(bt.oram)
                0x00202724                bt_init
 .text.bt_send  0x002028e4       0x5c ../../ecrobot/../ecrobot/libecrobot.a(bt.oram)
                0x002028e4                bt_send
 .text.bt_write
                0x00202940       0x70 ../../ecrobot/../ecrobot/libecrobot.a(bt.oram)
                0x00202940                bt_write
 .text.bt_pending
                0x002029b0       0x50 ../../ecrobot/../ecrobot/libecrobot.a(bt.oram)
                0x002029b0                bt_pending
 .text.bt_clear_arm7_cmd
                0x00202a00       0x10 ../../ecrobot/../ecrobot/libecrobot.a(bt.oram)
                0x00202a00                bt_clear_arm7_cmd
 .text.bt_set_arm7_cmd
                0x00202a10       0x10 ../../ecrobot/../ecrobot/libecrobot.a(bt.oram)
                0x00202a10                bt_set_arm7_cmd
 .text.bt_receive
                0x00202a20      0x160 ../../ecrobot/../ecrobot/libecrobot.a(bt.oram)
                0x00202a20                bt_receive
 .text.bt_reset
                0x00202b80       0x84 ../../ecrobot/../ecrobot/libecrobot.a(bt.oram)
                0x00202b80                bt_reset
 .text.nxt_avr_power_down
                0x00202c04       0x10 ../../ecrobot/../ecrobot/libecrobot.a(nxt_avr.oram)
                0x00202c04                nxt_avr_power_down
 .text.nxt_avr_link_init
                0x00202c14       0x20 ../../ecrobot/../ecrobot/libecrobot.a(nxt_avr.oram)
                0x00202c14                nxt_avr_link_init
 .text.nxt_avr_init
                0x00202c34       0x6c ../../ecrobot/../ecrobot/libecrobot.a(nxt_avr.oram)
                0x00202c34                nxt_avr_init
 .text.nxt_avr_1kHz_update
                0x00202ca0      0x1cc ../../ecrobot/../ecrobot/libecrobot.a(nxt_avr.oram)
                0x00202ca0                nxt_avr_1kHz_update
 .text.buttons_get
                0x00202e6c        0xc ../../ecrobot/../ecrobot/libecrobot.a(nxt_avr.oram)
                0x00202e6c                buttons_get
 .text.battery_voltage
                0x00202e78       0x28 ../../ecrobot/../ecrobot/libecrobot.a(nxt_avr.oram)
                0x00202e78                battery_voltage
 .text.sensor_adc
                0x00202ea0       0x20 ../../ecrobot/../ecrobot/libecrobot.a(nxt_avr.oram)
                0x00202ea0                sensor_adc
 .text.nxt_avr_set_motor
                0x00202ec0       0x34 ../../ecrobot/../ecrobot/libecrobot.a(nxt_avr.oram)
                0x00202ec0                nxt_avr_set_motor
 .text.nxt_avr_set_input_power
                0x00202ef4       0x3c ../../ecrobot/../ecrobot/libecrobot.a(nxt_avr.oram)
                0x00202ef4                nxt_avr_set_input_power
 .text.unset_digi0
                0x00202f30       0x44 ../../ecrobot/../ecrobot/libecrobot.a(sensors.oram)
                0x00202f30                unset_digi0
 .text.unset_digi1
                0x00202f74       0x44 ../../ecrobot/../ecrobot/libecrobot.a(sensors.oram)
                0x00202f74                unset_digi1
 .text.init_sensors
                0x00202fb8       0x4c ../../ecrobot/../ecrobot/libecrobot.a(sensors.oram)
                0x00202fb8                init_sensors
 .text.nxt_lcd_command
                0x00203004       0x18 ../../ecrobot/../ecrobot/libecrobot.a(nxt_lcd.oram)
                0x00203004                nxt_lcd_command
 .text.nxt_lcd_set_col
                0x0020301c       0x24 ../../ecrobot/../ecrobot/libecrobot.a(nxt_lcd.oram)
                0x0020301c                nxt_lcd_set_col
 .text.nxt_lcd_set_multiplex_rate
                0x00203040       0x18 ../../ecrobot/../ecrobot/libecrobot.a(nxt_lcd.oram)
                0x00203040                nxt_lcd_set_multiplex_rate
 .text.nxt_lcd_set_page_address
                0x00203058       0x18 ../../ecrobot/../ecrobot/libecrobot.a(nxt_lcd.oram)
                0x00203058                nxt_lcd_set_page_address
 .text.nxt_lcd_set_pot
                0x00203070       0x1c ../../ecrobot/../ecrobot/libecrobot.a(nxt_lcd.oram)
                0x00203070                nxt_lcd_set_pot
 .text.nxt_lcd_set_ram_address_control
                0x0020308c       0x18 ../../ecrobot/../ecrobot/libecrobot.a(nxt_lcd.oram)
                0x0020308c                nxt_lcd_set_ram_address_control
 .text.nxt_lcd_enable
                0x002030a4       0x14 ../../ecrobot/../ecrobot/libecrobot.a(nxt_lcd.oram)
                0x002030a4                nxt_lcd_enable
 .text.nxt_lcd_set_map_control
                0x002030b8       0x18 ../../ecrobot/../ecrobot/libecrobot.a(nxt_lcd.oram)
                0x002030b8                nxt_lcd_set_map_control
 .text.nxt_lcd_reset
                0x002030d0        0xc ../../ecrobot/../ecrobot/libecrobot.a(nxt_lcd.oram)
                0x002030d0                nxt_lcd_reset
 .text.nxt_lcd_set_bias_ratio
                0x002030dc       0x18 ../../ecrobot/../ecrobot/libecrobot.a(nxt_lcd.oram)
                0x002030dc                nxt_lcd_set_bias_ratio
 .text.nxt_lcd_force_update
                0x002030f4       0x30 ../../ecrobot/../ecrobot/libecrobot.a(nxt_lcd.oram)
                0x002030f4                nxt_lcd_force_update
 .text.nxt_lcd_update
                0x00203124        0xc ../../ecrobot/../ecrobot/libecrobot.a(nxt_lcd.oram)
                0x00203124                nxt_lcd_update
 .text.nxt_lcd_power_up
                0x00203130       0x48 ../../ecrobot/../ecrobot/libecrobot.a(nxt_lcd.oram)
                0x00203130                nxt_lcd_power_up
 .text.nxt_lcd_power_down
                0x00203178        0xc ../../ecrobot/../ecrobot/libecrobot.a(nxt_lcd.oram)
                0x00203178                nxt_lcd_power_down
 .text.nxt_lcd_init
                0x00203184       0x18 ../../ecrobot/../ecrobot/libecrobot.a(nxt_lcd.oram)
                0x00203184                nxt_lcd_init
 .text.verify_flash_page
                0x0020319c       0x34 ../../ecrobot/../ecrobot/libecrobot.a(flash_loader.oram)
 .text.set_flash_request
                0x002031d0       0x38 ../../ecrobot/../ecrobot/libecrobot.a(flash_loader.oram)
                0x002031d0                set_flash_request
 .text.nxt_device_init
                0x00203208       0x38 ../../ecrobot/../ecrobot/libecrobot.a(flash_loader.oram)
                0x00203208                nxt_device_init
 .text          0x00203240       0x68 ../../ecrobot/../ecrobot/libecrobot.a(interrupts.oram)
                0x00203298                fiq_enable
                0x00203240                interrupts_get_and_disable
                0x00203274                fiq_get_and_disable
                0x00203264                interrupts_enable
 .text.flash_write_page
                0x002032a8       0xc0 ../../ecrobot/../ecrobot/libecrobot.a(flashprog.oram)
                0x002032a8                flash_write_page
                0x00203370                . = ALIGN (0x10)
 *fill*         0x00203368        0x8 00
 *.oram(*.rodata *.rodata.*)
 .rodata.ld     0x00203370        0x4 ../../ecrobot/../ecrobot/libecrobot.a(udp.oram)
 .rodata.cfd    0x00203374       0x20 ../../ecrobot/../ecrobot/libecrobot.a(udp.oram)
 .rodata.dd     0x00203394       0x12 ../../ecrobot/../ecrobot/libecrobot.a(udp.oram)
 *fill*         0x002033a6        0x2 00
 .rodata.str1.4
                0x002033a8       0x22 ../../ecrobot/../ecrobot/libecrobot.a(data_abort.oram)
                                 0x24 (size before relaxing)
 .rodata.font   0x002033ca      0x280 ../../ecrobot/../ecrobot/libecrobot.a(display.oram)
 *fill*         0x0020364a        0x2 00
 .rodata.str1.4
                0x0020364c       0x76 ../../ecrobot/../ecrobot/libecrobot.a(display.oram)
                                 0x78 (size before relaxing)
 *fill*         0x002036c2        0x2 00
 .rodata.i2c_pin
                0x002036c4       0x20 ../../ecrobot/../ecrobot/libecrobot.a(i2c.oram)
 .rodata.i2c_timer_isr_C
                0x002036e4       0x38 ../../ecrobot/../ecrobot/libecrobot.a(i2c.oram)
 .rodata.logvol
                0x0020371c        0xc ../../ecrobot/../ecrobot/libecrobot.a(sound.oram)
                0x0020371c                logvol
 .rodata.silence
                0x00203728       0x40 ../../ecrobot/../ecrobot/libecrobot.a(sound.oram)
                0x00203728                silence
 .rodata.sine   0x00203768       0x10 ../../ecrobot/../ecrobot/libecrobot.a(sound.oram)
                0x00203768                sine
 .rodata.sample_pattern
                0x00203778       0x84 ../../ecrobot/../ecrobot/libecrobot.a(sound.oram)
                0x00203778                sample_pattern
 .rodata        0x002037fc        0xc ../../ecrobot/../ecrobot/libecrobot.a(sound.oram)
 .rodata.avr_brainwash_string
                0x00203808       0x30 ../../ecrobot/../ecrobot/libecrobot.a(nxt_avr.oram)
                0x00203808                avr_brainwash_string
 .rodata.nxt_avr_1kHz_update
                0x00203838       0x14 ../../ecrobot/../ecrobot/libecrobot.a(nxt_avr.oram)
 .rodata.C.33.1823
                0x0020384c       0x10 ../../ecrobot/../ecrobot/libecrobot.a(sensors.oram)
 .rodata.C.37.1857
                0x0020385c       0x10 ../../ecrobot/../ecrobot/libecrobot.a(sensors.oram)
 .rodata.str1.4
                0x0020386c       0x23 ../../ecrobot/../ecrobot/libecrobot.a(flash_loader.oram)
                                 0x24 (size before relaxing)
                0x00203890                . = ALIGN (0x10)
 *fill*         0x0020388f        0x1 00
                0x00200300                __ramtext_ram_start__ = ADDR (.ram_text)
                0x00203890                __ramtext_ram_end__ = (ADDR (.ram_text) + SIZEOF (.ram_text))
                0x00200300                __ramtext_load_start__ = LOADADDR (.ram_text)
                0x00203890                __ramtext_load_end__ = (__ramtext_load_start__ + SIZEOF (.ram_text))

.wav_data       0x00203890        0x0
 *.owav(*.data *.data.*)
                0x00203890                . = ALIGN (0x10)

.bmp_data       0x00203890      0x440
 *.obmp(*.data *.data.*)
 .data          0x00203890      0x43e ../../ecrobot/../ecrobot/libecrobot.a(nxtosek_splash.obmp)
                0x00203890                nxtosek_splash_bmp_start
                0x00203cce                nxtosek_splash_bmp_end
                0x00203cd0                . = ALIGN (0x10)
 *fill*         0x00203cce        0x2 00

.spr_data       0x00203cd0        0x0
 *.ospr(*.data *.data.*)
                0x00203cd0                . = ALIGN (0x10)

.data           0x00203cd0       0x90
 *(*.data *.data.*)
 .data.bt_status
                0x00203cd0        0x1 build/ecrobot_bluetooth.o
 .data.ININOW   0x00203cd1        0x1 build/BTdrive2.o
                0x00203cd1                ININOW
 *fill*         0x00203cd2        0x2 00
 .data.status   0x00203cd4       0x20 build/BTdrive2.o
                0x00203cd4                status
 .data.distance_state
                0x00203cf4       0x10 ../../ecrobot/../ecrobot/libecrobot.a(ecrobot_interface.o)
 .data.deviceStatus
                0x00203d04        0x1 ../../ecrobot/../ecrobot/libecrobot.a(ecrobot_interface.o)
 .data.named    0x00203d05       0x22 ../../ecrobot/../ecrobot/libecrobot.a(udp.oram)
 .data.snd      0x00203d27       0x1a ../../ecrobot/../ecrobot/libecrobot.a(udp.oram)
 *fill*         0x00203d41        0x3 00
 .data.configured
                0x00203d44        0x4 ../../ecrobot/../ecrobot/libecrobot.a(udp.oram)
 .data.mode     0x00203d48        0x1 ../../ecrobot/../ecrobot/libecrobot.a(nxt_spi.oram)
                0x00203d48                mode
 *fill*         0x00203d49        0x3 00
 .bss.data      0x00203d4c        0x4 ../../ecrobot/../ecrobot/libecrobot.a(nxt_spi.oram)
                0x00203d4c                data
 .data.display_auto_update
                0x00203d50        0x4 ../../ecrobot/../ecrobot/libecrobot.a(display.oram)
                0x00203d50                display_auto_update
 .data.display_buffer
                0x00203d54        0x4 ../../ecrobot/../ecrobot/libecrobot.a(display.oram)
                0x00203d60                . = ALIGN (0x10)
 *fill*         0x00203d58        0x8 00
                0x00203cd0                __data_ram_start__ = ADDR (.data)
                0x00203d60                __data_ram_end__ = (ADDR (.data) + SIZEOF (.data))
                0x00203cd0                __data_load_start__ = LOADADDR (.data)
                0x00203d60                __data_load_end__ = (__data_load_start__ + SIZEOF (.data))

.text           0x00203d60     0x1fd0
                0x00203d60                . = ALIGN (0x10)
 *(*.text *.text.* *.glue*)
 .text.enqueue_alarm
                0x00203d60       0x90 build/kernel/alarm.o
 .text.alarm_initialize
                0x00203df0       0x98 build/kernel/alarm.o
                0x00203df0                alarm_initialize
 .text.SignalCounter
                0x00203e88      0x134 build/kernel/alarm.o
                0x00203e88                SignalCounter
 .text.StartOS  0x00203fbc       0x58 build/kernel/osctl.o
                0x00203fbc                StartOS
 .text.ShutdownOS
                0x00204014       0x4c build/kernel/osctl.o
                0x00204014                ShutdownOS
 .text.call_pretaskhook
                0x00204060       0x24 build/kernel/osctl.o
                0x00204060                call_pretaskhook
 .text.call_errorhook
                0x00204084       0x78 build/kernel/osctl.o
                0x00204084                call_errorhook
 .text.call_posttaskhook
                0x002040fc       0x24 build/kernel/osctl.o
                0x002040fc                call_posttaskhook
 .text.search_schedtsk
                0x00204120       0x94 build/kernel/task.o
                0x00204120                search_schedtsk
 .text.make_runnable
                0x002041b4       0xac build/kernel/task.o
                0x002041b4                make_runnable
 .text.make_active
                0x00204260       0x78 build/kernel/task.o
                0x00204260                make_active
 .text.task_initialize
                0x002042d8       0x90 build/kernel/task.o
                0x002042d8                task_initialize
 .text.ActivateTask
                0x00204368       0x8c build/kernel/task_manage.o
                0x00204368                ActivateTask
 .text.TerminateTask
                0x002043f4       0x74 build/kernel/task_manage.o
                0x002043f4                TerminateTask
 .text.cpu_initialize
                0x00204468        0x4 build/config/at91sam7s-gnu/cpu_config.o
                0x00204468                cpu_initialize
 .text.cpu_terminate
                0x0020446c        0x4 build/config/at91sam7s-gnu/cpu_config.o
                0x0020446c                cpu_terminate
 .text.sys_initialize
                0x00204470        0x4 build/config/at91sam7s-gnu/lego_nxt/sys_config.o
                0x00204470                sys_initialize
 .text.sys_exit
                0x00204474        0x4 build/config/at91sam7s-gnu/lego_nxt/sys_config.o
                0x00204474                sys_exit
 .text._activate_alarm_cyclic_alarm1
                0x00204478        0xc build/./kernel_cfg.o
 .text._activate_alarm_cyclic_alarm2
                0x00204484        0xc build/./kernel_cfg.o
 .text._activate_alarm_cyclic_alarm3
                0x00204490        0xc build/./kernel_cfg.o
 .text._activate_alarm_cyclic_alarm4
                0x0020449c        0xc build/./kernel_cfg.o
 .text.object_initialize
                0x002044a8       0x10 build/./kernel_cfg.o
                0x002044a8                object_initialize
 .text.ecrobot_get_bt_status
                0x002044b8       0x10 build/ecrobot_bluetooth.o
                0x002044b8                ecrobot_get_bt_status
 .text.close_bt_stream
                0x002044c8       0x2c build/ecrobot_bluetooth.o
 .text.ecrobot_send_bt_packet
                0x002044f4       0x54 build/ecrobot_bluetooth.o
                0x002044f4                ecrobot_send_bt_packet
 .text.ecrobot_read_bt_packet
                0x00204548       0x4c build/ecrobot_bluetooth.o
                0x00204548                ecrobot_read_bt_packet
 .text.send_bt_command
                0x00204594       0x40 build/ecrobot_bluetooth.o
 .text.ecrobot_term_bt_connection
                0x002045d4       0x48 build/ecrobot_bluetooth.o
                0x002045d4                ecrobot_term_bt_connection
 .text.read_bt_command
                0x0020461c       0x5c build/ecrobot_bluetooth.o
 .text.open_bt_stream
                0x00204678       0x50 build/ecrobot_bluetooth.o
 .text.ecrobot_get_bt_signal_strength
                0x002046c8       0x84 build/ecrobot_bluetooth.o
                0x002046c8                ecrobot_get_bt_signal_strength
 .text.ecrobot_get_bt_device_address
                0x0020474c       0x6c build/ecrobot_bluetooth.o
                0x0020474c                ecrobot_get_bt_device_address
 .text.ecrobot_init_bt_slave
                0x002047b8      0x12c build/ecrobot_bluetooth.o
                0x002047b8                ecrobot_init_bt_slave
 .text.init_OS_flag
                0x002048e4        0xc build/ecrobot_base.o
                0x002048e4                init_OS_flag
 .text.set_OS_flag
                0x002048f0        0xc build/ecrobot_base.o
                0x002048f0                set_OS_flag
 .text.get_OS_flag
                0x002048fc        0xc build/ecrobot_base.o
                0x002048fc                get_OS_flag
 .text.cpp_constructor
                0x00204908       0x28 build/ecrobot_base.o
                0x00204908                cpp_constructor
 .text.cpp_destructor
                0x00204930       0x28 build/ecrobot_base.o
                0x00204930                cpp_destructor
 .text.execution_mode
                0x00204958       0x24 build/ecrobot_base.o
                0x00204958                execution_mode
 .text.show_main_screen
                0x0020497c       0x48 build/ecrobot_base.o
                0x0020497c                show_main_screen
 .text.display_status_bar
                0x002049c4       0x5c build/ecrobot_base.o
                0x002049c4                display_status_bar
 .text.restart_NXT
                0x00204a20       0x2c build/ecrobot_base.o
                0x00204a20                restart_NXT
 .text.shutdown_NXT
                0x00204a4c       0x2c build/ecrobot_base.o
                0x00204a4c                shutdown_NXT
 .text.check_NXT_buttons
                0x00204a78       0x38 build/ecrobot_base.o
                0x00204a78                check_NXT_buttons
 .text.show_bd_addr
                0x00204ab0       0x44 build/ecrobot_base.o
                0x00204ab0                show_bd_addr
 .text.show_bd_addr_err
                0x00204af4       0x3c build/ecrobot_base.o
                0x00204af4                show_bd_addr_err
 .text.add_status_info
                0x00204b30       0x68 build/ecrobot_base.o
                0x00204b30                add_status_info
 .text.show_splash_screen
                0x00204b98       0x90 build/ecrobot_base.o
                0x00204b98                show_splash_screen
 .text.main     0x00204c28      0x10c build/ecrobot.o
                0x00204c28                main
 .text.ecrobot_device_terminate
                0x00204d34       0x38 build/BTdrive2.o
                0x00204d34                ecrobot_device_terminate
 .text.user_1ms_isr_type2
                0x00204d6c       0x14 build/BTdrive2.o
                0x00204d6c                user_1ms_isr_type2
 .text.ecrobot_device_initialize
                0x00204d80       0x5c build/BTdrive2.o
                0x00204d80                ecrobot_device_initialize
 .text.TaskMainBeeper
                0x00204ddc       0xc4 build/BTdrive2.o
                0x00204ddc                TaskMainBeeper
 .text.TaskMainKicker
                0x00204ea0       0x80 build/BTdrive2.o
                0x00204ea0                TaskMainKicker
 .text.save     0x00204f20      0x11c build/BTdrive2.o
                0x00204f20                save
 .text.TaskMainStatusMonitor
                0x0020503c       0x68 build/BTdrive2.o
                0x0020503c                TaskMainStatusMonitor
 .text.TaskMainReadBtPacket
                0x002050a4      0x1c0 build/BTdrive2.o
                0x002050a4                TaskMainReadBtPacket
 .text.ecrobot_get_gyro_sensor
                0x00205264       0x14 ../../ecrobot/../ecrobot/libecrobot.a(ecrobot_HiTechnic.o)
                0x00205264                ecrobot_get_gyro_sensor
 .text.ecrobot_set_motor_speed
                0x00205278       0x14 ../../ecrobot/../ecrobot/libecrobot.a(ecrobot_interface.o)
                0x00205278                ecrobot_set_motor_speed
 .text.getDistance
                0x0020528c       0x20 ../../ecrobot/../ecrobot/libecrobot.a(ecrobot_interface.o)
 .text.ecrobot_get_battery_voltage
                0x002052ac        0xc ../../ecrobot/../ecrobot/libecrobot.a(ecrobot_interface.o)
                0x002052ac                ecrobot_get_battery_voltage
 .text.ecrobot_get_button_state
                0x002052b8        0xc ../../ecrobot/../ecrobot/libecrobot.a(ecrobot_interface.o)
                0x002052b8                ecrobot_get_button_state
 .text.ecrobot_init_nxtstate
                0x002052c4       0x28 ../../ecrobot/../ecrobot/libecrobot.a(ecrobot_interface.o)
                0x002052c4                ecrobot_init_nxtstate
 .text.ecrobot_poll_nxtstate
                0x002052ec       0x64 ../../ecrobot/../ecrobot/libecrobot.a(ecrobot_interface.o)
                0x002052ec                ecrobot_poll_nxtstate
 .text.ecrobot_setDeviceInitialized
                0x00205350       0x18 ../../ecrobot/../ecrobot/libecrobot.a(ecrobot_interface.o)
                0x00205350                ecrobot_setDeviceInitialized
 .text.ecrobot_initDeviceStatus
                0x00205368        0xc ../../ecrobot/../ecrobot/libecrobot.a(ecrobot_interface.o)
                0x00205368                ecrobot_initDeviceStatus
 .text.ecrobot_bmp2lcd
                0x00205374      0x1c8 ../../ecrobot/../ecrobot/libecrobot.a(ecrobot_interface.o)
                0x00205374                ecrobot_bmp2lcd
 .text.ecrobot_status_monitor
                0x0020553c      0x138 ../../ecrobot/../ecrobot/libecrobot.a(ecrobot_interface.o)
                0x0020553c                ecrobot_status_monitor
 .text.ecrobot_sound_tone
                0x00205674        0xc ../../ecrobot/../ecrobot/libecrobot.a(ecrobot_interface.o)
                0x00205674                ecrobot_sound_tone
 .text.StartupHook
                0x00205680        0x4 ../../ecrobot/../ecrobot/libecrobot.a(osek_hook.o)
                0x00205680                StartupHook
 .text.PreTaskHook
                0x00205684        0x4 ../../ecrobot/../ecrobot/libecrobot.a(osek_hook.o)
                0x00205684                PreTaskHook
 .text.PostTaskHook
                0x00205688        0x4 ../../ecrobot/../ecrobot/libecrobot.a(osek_hook.o)
                0x00205688                PostTaskHook
 .text.ErrorHook
                0x0020568c        0x4 ../../ecrobot/../ecrobot/libecrobot.a(osek_hook.o)
                0x0020568c                ErrorHook
 .text.ShutdownHook
                0x00205690        0x4 ../../ecrobot/../ecrobot/libecrobot.a(osek_hook.o)
                0x00205690                ShutdownHook
 .text          0x00205694       0x8c /cygdrive/C/cygwin/GNUARM/bin/../lib/gcc/arm-elf/4.0.2/thumb/interwork/libgcc.a(_udivsi3.o)
                0x00205694                __udivsi3
                0x00205710                __aeabi_uidivmod
 .text          0x00205720       0xa4 /cygdrive/C/cygwin/GNUARM/bin/../lib/gcc/arm-elf/4.0.2/thumb/interwork/libgcc.a(_divsi3.o)
                0x00205720                __divsi3
                0x002057b4                __aeabi_idivmod
 .text          0x002057c4       0xc8 /cygdrive/C/cygwin/GNUARM/bin/../lib/gcc/arm-elf/4.0.2/thumb/interwork/libgcc.a(_umodsi3.o)
                0x002057c4                __umodsi3
 .text          0x0020588c       0xd8 /cygdrive/C/cygwin/GNUARM/bin/../lib/gcc/arm-elf/4.0.2/thumb/interwork/libgcc.a(_modsi3.o)
                0x0020588c                __modsi3
 .text          0x00205964        0x4 /cygdrive/C/cygwin/GNUARM/bin/../lib/gcc/arm-elf/4.0.2/thumb/interwork/libgcc.a(_dvmd_tls.o)
                0x00205964                __aeabi_ldiv0
                0x00205964                __div0
                0x00205964                __aeabi_idiv0
 .text          0x00205968       0x68 /cygdrive/C/cygwin/GNUARM/bin/../lib/gcc/arm-elf/4.0.2/../../../../arm-elf/lib/thumb/interwork/libc.a(memcpy.o)
                0x00205968                memcpy
 .text          0x002059d0       0x68 /cygdrive/C/cygwin/GNUARM/bin/../lib/gcc/arm-elf/4.0.2/../../../../arm-elf/lib/thumb/interwork/libc.a(memset.o)
                0x002059d0                memset
 .text          0x00205a38       0x60 /cygdrive/C/cygwin/GNUARM/bin/../lib/gcc/arm-elf/4.0.2/../../../../arm-elf/lib/thumb/interwork/libc.a(strcpy.o)
                0x00205a38                strcpy
 .text          0x00205a98       0x48 /cygdrive/C/cygwin/GNUARM/bin/../lib/gcc/arm-elf/4.0.2/../../../../arm-elf/lib/thumb/interwork/libc.a(strlen.o)
                0x00205a98                strlen
 .glue_7        0x00205ae0       0x30 /cygdrive/C/cygwin/GNUARM/bin/../lib/gcc/arm-elf/4.0.2/../../../../arm-elf/lib/thumb/interwork/libc.a(strncpy.o)
                0x00205af8                __call_posttaskhook_from_arm
                0x00205ae1                __ecrobot_debug1_from_arm
                0x00205aed                __ecrobot_debug2_from_arm
                0x00205b04                __call_pretaskhook_from_arm
 .glue_7t       0x00205b10       0x60 /cygdrive/C/cygwin/GNUARM/bin/../lib/gcc/arm-elf/4.0.2/../../../../arm-elf/lib/thumb/interwork/libc.a(strncpy.o)
                0x00205b3c                __start_change_to_arm
                0x00205b58                __interrupts_get_and_disable_from_thumb
                0x00205b51                ____gtdf2_from_thumb
                0x00205b30                __exit_and_dispatch_from_thumb
                0x00205b34                __exit_and_dispatch_change_to_arm
                0x00205b10                __disable_int_from_thumb
                0x00205b28                __start_dispatch_from_thumb
                0x00205b38                __start_from_thumb
                0x00205b4c                ____muldf3_change_to_arm
                0x00205b18                __enable_int_from_thumb
                0x00205b20                __dispatch_from_thumb
                0x00205b64                __interrupts_enable_change_to_arm
                0x00205b5c                __interrupts_get_and_disable_change_to_arm
                0x00205b24                __dispatch_change_to_arm
                0x00205b54                ____gtdf2_change_to_arm
                0x00205b41                ____floatsidf_from_thumb
                0x00205b69                __display_bios_status_from_thumb
                0x00205b14                __disable_int_change_to_arm
                0x00205b49                ____muldf3_from_thumb
                0x00205b1c                __enable_int_change_to_arm
                0x00205b44                ____floatsidf_change_to_arm
                0x00205b60                __interrupts_enable_from_thumb
                0x00205b6c                __display_bios_status_change_to_arm
                0x00205b2c                __start_dispatch_change_to_arm
                0x00205b70                . = ALIGN (0x10)
 *(*.rodata *.rodata.*)
 .rodata.search_table.966
                0x00205b70        0xf build/kernel/task.o
 *fill*         0x00205b7f        0x1 00
 .rodata.alminib_cycle
                0x00205b80       0x10 build/./kernel_cfg.o
                0x00205b80                alminib_cycle
 .rodata.alminib_almval
                0x00205b90       0x10 build/./kernel_cfg.o
                0x00205b90                alminib_almval
 .rodata.alminib_autosta
                0x00205ba0        0x4 build/./kernel_cfg.o
                0x00205ba0                alminib_autosta
 .rodata.alminib_cback
                0x00205ba4       0x10 build/./kernel_cfg.o
                0x00205ba4                alminib_cback
 .rodata.alminib_cntid
                0x00205bb4        0x4 build/./kernel_cfg.o
                0x00205bb4                alminib_cntid
 .rodata.cntinib_tickbase
                0x00205bb8        0x4 build/./kernel_cfg.o
                0x00205bb8                cntinib_tickbase
 .rodata.cntinib_maxval2
                0x00205bbc        0x4 build/./kernel_cfg.o
                0x00205bbc                cntinib_maxval2
 .rodata.cntinib_maxval
                0x00205bc0        0x4 build/./kernel_cfg.o
                0x00205bc0                cntinib_maxval
 .rodata.SysTimerCnt
                0x00205bc4        0x1 build/./kernel_cfg.o
                0x00205bc4                SysTimerCnt
 *fill*         0x00205bc5        0x1 00
 .rodata.tinib_stksz
                0x00205bc6        0x8 build/./kernel_cfg.o
                0x00205bc6                tinib_stksz
 *fill*         0x00205bce        0x2 00
 .rodata.tinib_stk
                0x00205bd0       0x10 build/./kernel_cfg.o
                0x00205bd0                tinib_stk
 .rodata.tinib_task
                0x00205be0       0x10 build/./kernel_cfg.o
                0x00205be0                tinib_task
 .rodata.tinib_autoact
                0x00205bf0        0x4 build/./kernel_cfg.o
                0x00205bf0                tinib_autoact
 .rodata.tinib_maxact
                0x00205bf4        0x4 build/./kernel_cfg.o
                0x00205bf4                tinib_maxact
 .rodata.tinib_exepri
                0x00205bf8        0x4 build/./kernel_cfg.o
                0x00205bf8                tinib_exepri
 .rodata.tinib_inipri
                0x00205bfc        0x4 build/./kernel_cfg.o
                0x00205bfc                tinib_inipri
 .rodata.tnum_exttask
                0x00205c00        0x1 build/./kernel_cfg.o
                0x00205c00                tnum_exttask
 .rodata.tnum_task
                0x00205c01        0x1 build/./kernel_cfg.o
                0x00205c01                tnum_task
 .rodata.tnum_counter
                0x00205c02        0x1 build/./kernel_cfg.o
                0x00205c02                tnum_counter
 .rodata.tnum_alarm
                0x00205c03        0x1 build/./kernel_cfg.o
                0x00205c03                tnum_alarm
 .rodata.exec_addr
                0x00205c04        0x4 build/ecrobot_base.o
                0x00205c04                exec_addr
 .rodata.str1.4
                0x00205c08       0x80 build/ecrobot_base.o
 .rodata.NXT_PORT
                0x00205c88        0x5 build/BTdrive2.o
                0x00205c88                NXT_PORT
 *fill*         0x00205c8d        0x3 00
 .rodata.str1.4
                0x00205c90       0x17 build/BTdrive2.o
                                 0x18 (size before relaxing)
 *fill*         0x00205ca7        0x1 00
 .rodata.str1.4
                0x00205ca8       0x7c ../../ecrobot/../ecrobot/libecrobot.a(ecrobot_interface.o)
                                 0x84 (size before relaxing)
                0x00205d30                . = ALIGN (0x10)
 *fill*         0x00205d24        0xc 00
 *(*.gnu.linkonce.* .gcc_except_table)
                0x00205d30                . = ALIGN (0x10)

.tors           0x00205d30        0x0
                0x00205d30                . = ALIGN (0x10)
                0x00205d30                __ctor_begin = .
 *(*.ctors*)
                0x00205d30                __ctor_end = .
                0x00205d30                . = ALIGN (0x10)
                0x00205d30                __dtor_begin = .
 *(*.dtors*)
                0x00205d30                __dtor_end = .
                0x00205d30                . = ALIGN (0x10)

.bss            0x00205d30     0x1a34
 *(*.bss *.bss.*)
 .bss.ready_primap
                0x00205d30        0x2 build/kernel/task.o
 .bss.ready_queue_last
                0x00205d32       0x10 build/kernel/task.o
 .bss.ready_queue_first
                0x00205d42       0x10 build/kernel/task.o
 *fill*         0x00205d52        0x2 00
 .bss._stack_Beeper
                0x00205d54      0x200 build/./kernel_cfg.o
 .bss._stack_Kicker
                0x00205f54      0x200 build/./kernel_cfg.o
 .bss._stack_StatusMonitor
                0x00206154      0x200 build/./kernel_cfg.o
 .bss._stack_ReadBtPacket
                0x00206354      0x200 build/./kernel_cfg.o
 .bss.receiveBuf
                0x00206554       0x80 build/ecrobot_bluetooth.o
 .bss.sendBuf   0x002065d4      0x100 build/ecrobot_bluetooth.o
 .bss.handle    0x002066d4        0x1 build/ecrobot_bluetooth.o
 *fill*         0x002066d5        0x3 00
 .bss.status_bar_position
                0x002066d8        0x4 build/ecrobot_base.o
 .bss.last_act_time.2753
                0x002066dc        0x4 build/ecrobot_base.o
 .bss.lcd.2682  0x002066e0      0x320 build/ecrobot_base.o
 .bss.OS_flag   0x00206a00        0x4 build/ecrobot_base.o
 .bss.status_bar
                0x00206a04       0x10 build/ecrobot_base.o
 .bss.recvtime  0x00206a14        0x4 build/BTdrive2.o
                0x00206a14                recvtime
 .bss.speedMC   0x00206a18        0x1 build/BTdrive2.o
                0x00206a18                speedMC
 .bss.speedMA   0x00206a19        0x1 build/BTdrive2.o
                0x00206a19                speedMA
 .bss.bt_feedback_buf.2366
                0x00206a1a       0x22 build/BTdrive2.o
 .bss.SensRe.2365
                0x00206a3c        0x2 build/BTdrive2.o
 .bss.bt_receive_buf.2364
                0x00206a3e       0x22 build/BTdrive2.o
 .bss.buttons_i
                0x00206a60        0x4 ../../ecrobot/../ecrobot/libecrobot.a(ecrobot_interface.o)
 .bss.buttons_states
                0x00206a64       0x14 ../../ecrobot/../ecrobot/libecrobot.a(ecrobot_interface.o)
 .bss.ecrobot_inputs
                0x00206a78        0x8 ../../ecrobot/../ecrobot/libecrobot.a(ecrobot_interface.o)
 .bss.systick_ms
                0x00206a80        0x4 ../../ecrobot/../ecrobot/libecrobot.a(systick.oram)
 .bss.delayedEnable
                0x00206a84        0x1 ../../ecrobot/../ecrobot/libecrobot.a(udp.oram)
 *fill*         0x00206a85        0x3 00
 .bss.outCnt    0x00206a88        0x4 ../../ecrobot/../ecrobot/libecrobot.a(udp.oram)
 .bss.outPtr    0x00206a8c        0x4 ../../ecrobot/../ecrobot/libecrobot.a(udp.oram)
 .bss.newAddress
                0x00206a90        0x4 ../../ecrobot/../ecrobot/libecrobot.a(udp.oram)
 .bss.currentRxBank
                0x00206a94        0x4 ../../ecrobot/../ecrobot/libecrobot.a(udp.oram)
 .bss.currentFeatures
                0x00206a98        0x4 ../../ecrobot/../ecrobot/libecrobot.a(udp.oram)
 .bss.currentConfig
                0x00206a9c        0x1 ../../ecrobot/../ecrobot/libecrobot.a(udp.oram)
 *fill*         0x00206a9d        0x3 00
 .bss.twi_mask  0x00206aa0        0x4 ../../ecrobot/../ecrobot/libecrobot.a(twi.oram)
 .bss.twi_ptr   0x00206aa4        0x4 ../../ecrobot/../ecrobot/libecrobot.a(twi.oram)
 .bss.twi_pending
                0x00206aa8        0x4 ../../ecrobot/../ecrobot/libecrobot.a(twi.oram)
 .bss.twi_state
                0x00206aac        0x4 ../../ecrobot/../ecrobot/libecrobot.a(twi.oram)
 .bss.page      0x00206ab0        0x1 ../../ecrobot/../ecrobot/libecrobot.a(nxt_spi.oram)
                0x00206ab0                page
 .bss.dirty     0x00206ab1        0x1 ../../ecrobot/../ecrobot/libecrobot.a(nxt_spi.oram)
                0x00206ab1                dirty
 *fill*         0x00206ab2        0x2 00
 .bss.display   0x00206ab4        0x4 ../../ecrobot/../ecrobot/libecrobot.a(nxt_spi.oram)
                0x00206ab4                display
 .bss.interrupts_this_period
                0x00206ab8        0x4 ../../ecrobot/../ecrobot/libecrobot.a(nxt_motors.oram)
 .bss.nxt_motor_initialised
                0x00206abc        0x4 ../../ecrobot/../ecrobot/libecrobot.a(nxt_motors.oram)
 .bss.motor     0x00206ac0       0x30 ../../ecrobot/../ecrobot/libecrobot.a(nxt_motors.oram)
 .bss.display_tick
                0x00206af0        0x4 ../../ecrobot/../ecrobot/libecrobot.a(display.oram)
                0x00206af0                display_tick
 .bss.display_array
                0x00206af4      0x388 ../../ecrobot/../ecrobot/libecrobot.a(display.oram)
 .bss.i2c_int_count
                0x00206e7c        0x4 ../../ecrobot/../ecrobot/libecrobot.a(i2c.oram)
 .bss.i2c_port  0x00206e80      0x170 ../../ecrobot/../ecrobot/libecrobot.a(i2c.oram)
 .bss.sound_mode
                0x00206ff0        0x1 ../../ecrobot/../ecrobot/libecrobot.a(sound.oram)
                0x00206ff0                sound_mode
 *fill*         0x00206ff1        0x3 00
 .bss.in_buf_idx
                0x00206ff4        0x4 ../../ecrobot/../ecrobot/libecrobot.a(bt.oram)
 .bss.buf_ptr   0x00206ff8        0x4 ../../ecrobot/../ecrobot/libecrobot.a(bt.oram)
 .bss.out_buf   0x00206ffc      0x200 ../../ecrobot/../ecrobot/libecrobot.a(bt.oram)
 .bss.out_buf_ptr
                0x002071fc        0x1 ../../ecrobot/../ecrobot/libecrobot.a(bt.oram)
 .bss.in_buf_in_ptr
                0x002071fd        0x1 ../../ecrobot/../ecrobot/libecrobot.a(bt.oram)
 .bss.in_buf    0x002071fe      0x100 ../../ecrobot/../ecrobot/libecrobot.a(bt.oram)
 *fill*         0x002072fe        0x2 00
 .bss.link_state
                0x00207300        0x4 ../../ecrobot/../ecrobot/libecrobot.a(nxt_avr.oram)
 .bss.update_count
                0x00207304        0x4 ../../ecrobot/../ecrobot/libecrobot.a(nxt_avr.oram)
 .bss.nxt_avr_stats
                0x00207308       0x14 ../../ecrobot/../ecrobot/libecrobot.a(nxt_avr.oram)
 .bss.debounce_cnt
                0x0020731c        0x2 ../../ecrobot/../ecrobot/libecrobot.a(nxt_avr.oram)
 .bss.debounce_state
                0x0020731e        0x2 ../../ecrobot/../ecrobot/libecrobot.a(nxt_avr.oram)
 .bss.button_state
                0x00207320        0x2 ../../ecrobot/../ecrobot/libecrobot.a(nxt_avr.oram)
 .bss.prev_buttons
                0x00207322        0x2 ../../ecrobot/../ecrobot/libecrobot.a(nxt_avr.oram)
 .bss.from_buf  0x00207324        0x4 ../../ecrobot/../ecrobot/libecrobot.a(nxt_avr.oram)
 .bss.io_from_avr
                0x00207328        0x4 ../../ecrobot/../ecrobot/libecrobot.a(nxt_avr.oram)
 .bss.data_from_avr
                0x0020732c       0x1a ../../ecrobot/../ecrobot/libecrobot.a(nxt_avr.oram)
 .bss.data_to_avr
                0x00207346        0x9 ../../ecrobot/../ecrobot/libecrobot.a(nxt_avr.oram)
 .bss.io_to_avr
                0x0020734f        0x8 ../../ecrobot/../ecrobot/libecrobot.a(nxt_avr.oram)
 *fill*         0x00207357        0x1 00
 .bss.display   0x00207358        0x4 ../../ecrobot/../ecrobot/libecrobot.a(nxt_lcd.oram)
                0x00207360                . = ALIGN (0x10)
 *fill*         0x0020735c        0x4 00
                0x00207360                __bss_end__ = .
 COMMON         0x00207360        0x2 build/kernel/interrupt.o
                0x00207360                runisr
                0x00207361                sus_all_cnt
 *fill*         0x00207362        0x2 00
 COMMON         0x00207364       0x10 build/kernel/osctl.o
                0x00207364                callevel
                0x00207365                _errorhook_svcid
                0x00207366                appmode
                0x00207368                _errorhook_par1
                0x0020736c                _errorhook_par3
                0x00207370                _errorhook_par2
 COMMON         0x00207374        0x3 build/kernel/task.o
                0x00207374                runtsk
                0x00207375                schedtsk
                0x00207376                nextpri
 *fill*         0x00207377        0x1 00
 COMMON         0x00207378       0x70 build/./kernel_cfg.o
                0x00207378                tcb_waievt
                0x0020737c                rescb_prevpri
                0x0020737d                almcb_prev
                0x00207381                tcb_lastres
                0x00207388                almcb_almval
                0x00207398                tcxb_pc
                0x002073a8                tcb_next
                0x002073ac                tcb_curpri
                0x002073b0                tcb_tstat
                0x002073b4                isrcb_lastres
                0x002073b5                cntcb_almque
                0x002073b6                rescb_prevres
                0x002073b7                tcb_actcnt
                0x002073bc                tcb_curevt
                0x002073c0                almcb_cycle
                0x002073d0                tcxb_sp
                0x002073e0                almcb_next
                0x002073e4                cntcb_curval
 COMMON         0x002073e8        0x5 build/BTdrive2.o
                0x002073e8                BSens
                0x002073e9                BBeep
                0x002073ea                rssi
                0x002073ec                BKick
 *fill*         0x002073ed        0x3 00
 COMMON         0x002073f0       0x44 ../../ecrobot/../ecrobot/libecrobot.a(uart.oram)
                0x002073f0                uart
 COMMON         0x00207434        0x4 ../../ecrobot/../ecrobot/libecrobot.a(data_abort.oram)
                0x00207434                data_abort_pc
 COMMON         0x00207438        0x8 ../../ecrobot/../ecrobot/libecrobot.a(display.oram)
                0x00207438                display_x
                0x0020743c                display_y
 COMMON         0x00207440      0x324 ../../ecrobot/../ecrobot/libecrobot.a(sound.oram)
                0x00207440                sample
                0x00205d30                __bss_start__ = ADDR (.bss)
                0x00207764                __bss_end__ = (ADDR (.bss) + SIZEOF (.bss))
                0x00207764                PROVIDE (end, .)

.heap_area      0x00207764     0x8414
                0x0020fb78                . = (. + (0x20fb78 - end))
 *fill*         0x00207764     0x8414 00

.stack          0x0020fb78      0x488
                0x0020fbf8                . = (. + 0x80)
 *fill*         0x0020fb78       0x80 00
                0x0020fc00                . = ALIGN (0x10)
 *fill*         0x0020fbf8        0x8 00
                0x0020fc00                __irq_stack__ = .
                0x0020fc00                __system_stack_bottom__ = .
                0x00210000                . = (. + 0x400)
 *fill*         0x0020fc00      0x400 00
                0x00210000                . = ALIGN (0x10)
                0x00210000                __system_stack__ = .
                0x00210000                __system_stack_top__ = .
                0x0020fb78                __stack_start__ = ADDR (.stack)
                0x00210000                __stack_end__ = (ADDR (.stack) + SIZEOF (.stack))
OUTPUT(BTdrive2_rxe.elf elf32-littlearm)

.comment        0x00000000      0x372
 .comment       0x00000000       0x12 build/kernel/alarm.o
 .comment       0x00000012       0x12 build/kernel/event.o
 .comment       0x00000024       0x12 build/kernel/interrupt.o
 .comment       0x00000036       0x12 build/kernel/osctl.o
 .comment       0x00000048       0x12 build/kernel/resource.o
 .comment       0x0000005a       0x12 build/kernel/task.o
 .comment       0x0000006c       0x12 build/kernel/task_manage.o
 .comment       0x0000007e       0x12 build/config/at91sam7s-gnu/cpu_config.o
 .comment       0x00000090       0x12 build/config/at91sam7s-gnu/lego_nxt/sys_config.o
 .comment       0x000000a2       0x12 build/./kernel_cfg.o
 .comment       0x000000b4       0x12 build/syscalls.o
 .comment       0x000000c6       0x12 build/ecrobot_bluetooth.o
 .comment       0x000000d8       0x12 build/ecrobot_base.o
 .comment       0x000000ea       0x12 build/ecrobot.o
 .comment       0x000000fc       0x12 build/BTdrive2.o
 .comment       0x0000010e       0x12 build/syslib/at91sam7s-gnu/lego_nxt/hw_sys_timer.oram
 .comment       0x00000120       0x12 ../../ecrobot/../ecrobot/libecrobot.a(ecrobot_HiTechnic.o)
 .comment       0x00000132       0x12 ../../ecrobot/../ecrobot/libecrobot.a(ecrobot_interface.o)
 .comment       0x00000144       0x12 ../../ecrobot/../ecrobot/libecrobot.a(colorsensor.o)
 .comment       0x00000156       0x12 ../../ecrobot/../ecrobot/libecrobot.a(osek_hook.o)
 .comment       0x00000168       0x12 ../../ecrobot/../ecrobot/libecrobot.a(uart.oram)
 .comment       0x0000017a       0x12 ../../ecrobot/../ecrobot/libecrobot.a(systick.oram)
 .comment       0x0000018c       0x12 ../../ecrobot/../ecrobot/libecrobot.a(byte_fifo.oram)
 .comment       0x0000019e       0x12 ../../ecrobot/../ecrobot/libecrobot.a(aic.oram)
 .comment       0x000001b0       0x12 ../../ecrobot/../ecrobot/libecrobot.a(udp.oram)
 .comment       0x000001c2       0x12 ../../ecrobot/../ecrobot/libecrobot.a(twi.oram)
 .comment       0x000001d4       0x12 ../../ecrobot/../ecrobot/libecrobot.a(nxt_spi.oram)
 .comment       0x000001e6       0x12 ../../ecrobot/../ecrobot/libecrobot.a(nxt_motors.oram)
 .comment       0x000001f8       0x12 ../../ecrobot/../ecrobot/libecrobot.a(data_abort.oram)
 .comment       0x0000020a       0x12 ../../ecrobot/../ecrobot/libecrobot.a(display.oram)
 .comment       0x0000021c       0x12 ../../ecrobot/../ecrobot/libecrobot.a(i2c.oram)
 .comment       0x0000022e       0x12 ../../ecrobot/../ecrobot/libecrobot.a(sound.oram)
 .comment       0x00000240       0x12 ../../ecrobot/../ecrobot/libecrobot.a(bt.oram)
 .comment       0x00000252       0x12 ../../ecrobot/../ecrobot/libecrobot.a(nxt_avr.oram)
 .comment       0x00000264       0x12 ../../ecrobot/../ecrobot/libecrobot.a(sensors.oram)
 .comment       0x00000276       0x12 ../../ecrobot/../ecrobot/libecrobot.a(sensors1.oram)
 .comment       0x00000288       0x12 ../../ecrobot/../ecrobot/libecrobot.a(nxt_lcd.oram)
 .comment       0x0000029a       0x12 ../../ecrobot/../ecrobot/libecrobot.a(flash_loader.oram)
 .comment       0x000002ac       0x12 ../../ecrobot/../ecrobot/libecrobot.a(ecrobot_usb.o)
 .comment       0x000002be       0x12 ../../ecrobot/../ecrobot/libecrobot.a(flashprog.oram)
 .comment       0x000002d0       0x12 /cygdrive/C/cygwin/GNUARM/bin/../lib/gcc/arm-elf/4.0.2/thumb/interwork/libgcc.a(_muldi3.o)
 .comment       0x000002e2       0x12 /cygdrive/C/cygwin/GNUARM/bin/../lib/gcc/arm-elf/4.0.2/thumb/interwork/libgcc.a(_divdi3.o)
 .comment       0x000002f4       0x12 /cygdrive/C/cygwin/GNUARM/bin/../lib/gcc/arm-elf/4.0.2/thumb/interwork/libgcc.a(_clz.o)
 .comment       0x00000306       0x12 /cygdrive/C/cygwin/GNUARM/bin/../lib/gcc/arm-elf/4.0.2/../../../../arm-elf/lib/thumb/interwork/libc.a(memcpy.o)
 .comment       0x00000318       0x12 /cygdrive/C/cygwin/GNUARM/bin/../lib/gcc/arm-elf/4.0.2/../../../../arm-elf/lib/thumb/interwork/libc.a(memset.o)
 .comment       0x0000032a       0x12 /cygdrive/C/cygwin/GNUARM/bin/../lib/gcc/arm-elf/4.0.2/../../../../arm-elf/lib/thumb/interwork/libc.a(strcmp.o)
 .comment       0x0000033c       0x12 /cygdrive/C/cygwin/GNUARM/bin/../lib/gcc/arm-elf/4.0.2/../../../../arm-elf/lib/thumb/interwork/libc.a(strcpy.o)
 .comment       0x0000034e       0x12 /cygdrive/C/cygwin/GNUARM/bin/../lib/gcc/arm-elf/4.0.2/../../../../arm-elf/lib/thumb/interwork/libc.a(strlen.o)
 .comment       0x00000360       0x12 /cygdrive/C/cygwin/GNUARM/bin/../lib/gcc/arm-elf/4.0.2/../../../../arm-elf/lib/thumb/interwork/libc.a(strncpy.o)

.debug_line     0x00000000      0xb77
 .debug_line    0x00000000       0x70 /cygdrive/C/cygwin/GNUARM/bin/../lib/gcc/arm-elf/4.0.2/thumb/interwork/libgcc.a(_udivsi3.o)
 .debug_line    0x00000070       0x7c /cygdrive/C/cygwin/GNUARM/bin/../lib/gcc/arm-elf/4.0.2/thumb/interwork/libgcc.a(_divsi3.o)
 .debug_line    0x000000ec       0x68 /cygdrive/C/cygwin/GNUARM/bin/../lib/gcc/arm-elf/4.0.2/thumb/interwork/libgcc.a(_umodsi3.o)
 .debug_line    0x00000154       0x71 /cygdrive/C/cygwin/GNUARM/bin/../lib/gcc/arm-elf/4.0.2/thumb/interwork/libgcc.a(_modsi3.o)
 .debug_line    0x000001c5       0x5a /cygdrive/C/cygwin/GNUARM/bin/../lib/gcc/arm-elf/4.0.2/thumb/interwork/libgcc.a(_dvmd_tls.o)
 .debug_line    0x0000021f      0x162 /cygdrive/C/cygwin/GNUARM/bin/../lib/gcc/arm-elf/4.0.2/thumb/interwork/libgcc.a(_addsubdf3.o)
 .debug_line    0x00000381      0x177 /cygdrive/C/cygwin/GNUARM/bin/../lib/gcc/arm-elf/4.0.2/thumb/interwork/libgcc.a(_muldivdf3.o)
 .debug_line    0x000004f8       0xa4 /cygdrive/C/cygwin/GNUARM/bin/../lib/gcc/arm-elf/4.0.2/thumb/interwork/libgcc.a(_cmpdf2.o)
 .debug_line    0x0000059c       0x61 /cygdrive/C/cygwin/GNUARM/bin/../lib/gcc/arm-elf/4.0.2/thumb/interwork/libgcc.a(_muldi3.o)
 .debug_line    0x000005fd      0x122 /cygdrive/C/cygwin/GNUARM/bin/../lib/gcc/arm-elf/4.0.2/thumb/interwork/libgcc.a(_divdi3.o)
 .debug_line    0x0000071f       0x48 /cygdrive/C/cygwin/GNUARM/bin/../lib/gcc/arm-elf/4.0.2/thumb/interwork/libgcc.a(_clz.o)
 .debug_line    0x00000767       0xc3 /cygdrive/C/cygwin/GNUARM/bin/../lib/gcc/arm-elf/4.0.2/../../../../arm-elf/lib/thumb/interwork/libc.a(memcpy.o)
 .debug_line    0x0000082a       0xd4 /cygdrive/C/cygwin/GNUARM/bin/../lib/gcc/arm-elf/4.0.2/../../../../arm-elf/lib/thumb/interwork/libc.a(memset.o)
 .debug_line    0x000008fe       0x88 /cygdrive/C/cygwin/GNUARM/bin/../lib/gcc/arm-elf/4.0.2/../../../../arm-elf/lib/thumb/interwork/libc.a(strcmp.o)
 .debug_line    0x00000986       0x80 /cygdrive/C/cygwin/GNUARM/bin/../lib/gcc/arm-elf/4.0.2/../../../../arm-elf/lib/thumb/interwork/libc.a(strcpy.o)
 .debug_line    0x00000a06       0xaf /cygdrive/C/cygwin/GNUARM/bin/../lib/gcc/arm-elf/4.0.2/../../../../arm-elf/lib/thumb/interwork/libc.a(strlen.o)
 .debug_line    0x00000ab5       0xc2 /cygdrive/C/cygwin/GNUARM/bin/../lib/gcc/arm-elf/4.0.2/../../../../arm-elf/lib/thumb/interwork/libc.a(strncpy.o)

.debug_info     0x00000000     0x137a
 .debug_info    0x00000000       0x6a /cygdrive/C/cygwin/GNUARM/bin/../lib/gcc/arm-elf/4.0.2/thumb/interwork/libgcc.a(_udivsi3.o)
 .debug_info    0x0000006a       0x6a /cygdrive/C/cygwin/GNUARM/bin/../lib/gcc/arm-elf/4.0.2/thumb/interwork/libgcc.a(_divsi3.o)
 .debug_info    0x000000d4       0x6a /cygdrive/C/cygwin/GNUARM/bin/../lib/gcc/arm-elf/4.0.2/thumb/interwork/libgcc.a(_umodsi3.o)
 .debug_info    0x0000013e       0x6a /cygdrive/C/cygwin/GNUARM/bin/../lib/gcc/arm-elf/4.0.2/thumb/interwork/libgcc.a(_modsi3.o)
 .debug_info    0x000001a8       0x6a /cygdrive/C/cygwin/GNUARM/bin/../lib/gcc/arm-elf/4.0.2/thumb/interwork/libgcc.a(_dvmd_tls.o)
 .debug_info    0x00000212       0x69 /cygdrive/C/cygwin/GNUARM/bin/../lib/gcc/arm-elf/4.0.2/thumb/interwork/libgcc.a(_addsubdf3.o)
 .debug_info    0x0000027b       0x69 /cygdrive/C/cygwin/GNUARM/bin/../lib/gcc/arm-elf/4.0.2/thumb/interwork/libgcc.a(_muldivdf3.o)
 .debug_info    0x000002e4       0x69 /cygdrive/C/cygwin/GNUARM/bin/../lib/gcc/arm-elf/4.0.2/thumb/interwork/libgcc.a(_cmpdf2.o)
 .debug_info    0x0000034d      0x20e /cygdrive/C/cygwin/GNUARM/bin/../lib/gcc/arm-elf/4.0.2/thumb/interwork/libgcc.a(_muldi3.o)
 .debug_info    0x0000055b      0x758 /cygdrive/C/cygwin/GNUARM/bin/../lib/gcc/arm-elf/4.0.2/thumb/interwork/libgcc.a(_divdi3.o)
 .debug_info    0x00000cb3       0xc9 /cygdrive/C/cygwin/GNUARM/bin/../lib/gcc/arm-elf/4.0.2/thumb/interwork/libgcc.a(_clz.o)
 .debug_info    0x00000d7c      0x10d /cygdrive/C/cygwin/GNUARM/bin/../lib/gcc/arm-elf/4.0.2/../../../../arm-elf/lib/thumb/interwork/libc.a(memcpy.o)
 .debug_info    0x00000e89      0x111 /cygdrive/C/cygwin/GNUARM/bin/../lib/gcc/arm-elf/4.0.2/../../../../arm-elf/lib/thumb/interwork/libc.a(memset.o)
 .debug_info    0x00000f9a       0xd9 /cygdrive/C/cygwin/GNUARM/bin/../lib/gcc/arm-elf/4.0.2/../../../../arm-elf/lib/thumb/interwork/libc.a(strcmp.o)
 .debug_info    0x00001073      0x10c /cygdrive/C/cygwin/GNUARM/bin/../lib/gcc/arm-elf/4.0.2/../../../../arm-elf/lib/thumb/interwork/libc.a(strcpy.o)
 .debug_info    0x0000117f       0xd5 /cygdrive/C/cygwin/GNUARM/bin/../lib/gcc/arm-elf/4.0.2/../../../../arm-elf/lib/thumb/interwork/libc.a(strlen.o)
 .debug_info    0x00001254      0x126 /cygdrive/C/cygwin/GNUARM/bin/../lib/gcc/arm-elf/4.0.2/../../../../arm-elf/lib/thumb/interwork/libc.a(strncpy.o)

.debug_abbrev   0x00000000      0x69d
 .debug_abbrev  0x00000000       0x14 /cygdrive/C/cygwin/GNUARM/bin/../lib/gcc/arm-elf/4.0.2/thumb/interwork/libgcc.a(_udivsi3.o)
 .debug_abbrev  0x00000014       0x14 /cygdrive/C/cygwin/GNUARM/bin/../lib/gcc/arm-elf/4.0.2/thumb/interwork/libgcc.a(_divsi3.o)
 .debug_abbrev  0x00000028       0x14 /cygdrive/C/cygwin/GNUARM/bin/../lib/gcc/arm-elf/4.0.2/thumb/interwork/libgcc.a(_umodsi3.o)
 .debug_abbrev  0x0000003c       0x14 /cygdrive/C/cygwin/GNUARM/bin/../lib/gcc/arm-elf/4.0.2/thumb/interwork/libgcc.a(_modsi3.o)
 .debug_abbrev  0x00000050       0x14 /cygdrive/C/cygwin/GNUARM/bin/../lib/gcc/arm-elf/4.0.2/thumb/interwork/libgcc.a(_dvmd_tls.o)
 .debug_abbrev  0x00000064       0x14 /cygdrive/C/cygwin/GNUARM/bin/../lib/gcc/arm-elf/4.0.2/thumb/interwork/libgcc.a(_addsubdf3.o)
 .debug_abbrev  0x00000078       0x14 /cygdrive/C/cygwin/GNUARM/bin/../lib/gcc/arm-elf/4.0.2/thumb/interwork/libgcc.a(_muldivdf3.o)
 .debug_abbrev  0x0000008c       0x14 /cygdrive/C/cygwin/GNUARM/bin/../lib/gcc/arm-elf/4.0.2/thumb/interwork/libgcc.a(_cmpdf2.o)
 .debug_abbrev  0x000000a0       0xec /cygdrive/C/cygwin/GNUARM/bin/../lib/gcc/arm-elf/4.0.2/thumb/interwork/libgcc.a(_muldi3.o)
 .debug_abbrev  0x0000018c      0x174 /cygdrive/C/cygwin/GNUARM/bin/../lib/gcc/arm-elf/4.0.2/thumb/interwork/libgcc.a(_divdi3.o)
 .debug_abbrev  0x00000300       0x61 /cygdrive/C/cygwin/GNUARM/bin/../lib/gcc/arm-elf/4.0.2/thumb/interwork/libgcc.a(_clz.o)
 .debug_abbrev  0x00000361       0x99 /cygdrive/C/cygwin/GNUARM/bin/../lib/gcc/arm-elf/4.0.2/../../../../arm-elf/lib/thumb/interwork/libc.a(memcpy.o)
 .debug_abbrev  0x000003fa       0x9a /cygdrive/C/cygwin/GNUARM/bin/../lib/gcc/arm-elf/4.0.2/../../../../arm-elf/lib/thumb/interwork/libc.a(memset.o)
 .debug_abbrev  0x00000494       0x71 /cygdrive/C/cygwin/GNUARM/bin/../lib/gcc/arm-elf/4.0.2/../../../../arm-elf/lib/thumb/interwork/libc.a(strcmp.o)
 .debug_abbrev  0x00000505       0x80 /cygdrive/C/cygwin/GNUARM/bin/../lib/gcc/arm-elf/4.0.2/../../../../arm-elf/lib/thumb/interwork/libc.a(strcpy.o)
 .debug_abbrev  0x00000585       0x8b /cygdrive/C/cygwin/GNUARM/bin/../lib/gcc/arm-elf/4.0.2/../../../../arm-elf/lib/thumb/interwork/libc.a(strlen.o)
 .debug_abbrev  0x00000610       0x8d /cygdrive/C/cygwin/GNUARM/bin/../lib/gcc/arm-elf/4.0.2/../../../../arm-elf/lib/thumb/interwork/libc.a(strncpy.o)

.debug_aranges  0x00000000      0x200
 .debug_aranges
                0x00000000       0x20 /cygdrive/C/cygwin/GNUARM/bin/../lib/gcc/arm-elf/4.0.2/thumb/interwork/libgcc.a(_udivsi3.o)
 .debug_aranges
                0x00000020       0x20 /cygdrive/C/cygwin/GNUARM/bin/../lib/gcc/arm-elf/4.0.2/thumb/interwork/libgcc.a(_divsi3.o)
 .debug_aranges
                0x00000040       0x20 /cygdrive/C/cygwin/GNUARM/bin/../lib/gcc/arm-elf/4.0.2/thumb/interwork/libgcc.a(_umodsi3.o)
 .debug_aranges
                0x00000060       0x20 /cygdrive/C/cygwin/GNUARM/bin/../lib/gcc/arm-elf/4.0.2/thumb/interwork/libgcc.a(_modsi3.o)
 .debug_aranges
                0x00000080       0x20 /cygdrive/C/cygwin/GNUARM/bin/../lib/gcc/arm-elf/4.0.2/thumb/interwork/libgcc.a(_dvmd_tls.o)
 .debug_aranges
                0x000000a0       0x20 /cygdrive/C/cygwin/GNUARM/bin/../lib/gcc/arm-elf/4.0.2/thumb/interwork/libgcc.a(_addsubdf3.o)
 .debug_aranges
                0x000000c0       0x20 /cygdrive/C/cygwin/GNUARM/bin/../lib/gcc/arm-elf/4.0.2/thumb/interwork/libgcc.a(_muldivdf3.o)
 .debug_aranges
                0x000000e0       0x20 /cygdrive/C/cygwin/GNUARM/bin/../lib/gcc/arm-elf/4.0.2/thumb/interwork/libgcc.a(_cmpdf2.o)
 .debug_aranges
                0x00000100       0x20 /cygdrive/C/cygwin/GNUARM/bin/../lib/gcc/arm-elf/4.0.2/thumb/interwork/libgcc.a(_muldi3.o)
 .debug_aranges
                0x00000120       0x20 /cygdrive/C/cygwin/GNUARM/bin/../lib/gcc/arm-elf/4.0.2/thumb/interwork/libgcc.a(_divdi3.o)
 .debug_aranges
                0x00000140       0x20 /cygdrive/C/cygwin/GNUARM/bin/../lib/gcc/arm-elf/4.0.2/../../../../arm-elf/lib/thumb/interwork/libc.a(memcpy.o)
 .debug_aranges
                0x00000160       0x20 /cygdrive/C/cygwin/GNUARM/bin/../lib/gcc/arm-elf/4.0.2/../../../../arm-elf/lib/thumb/interwork/libc.a(memset.o)
 .debug_aranges
                0x00000180       0x20 /cygdrive/C/cygwin/GNUARM/bin/../lib/gcc/arm-elf/4.0.2/../../../../arm-elf/lib/thumb/interwork/libc.a(strcmp.o)
 .debug_aranges
                0x000001a0       0x20 /cygdrive/C/cygwin/GNUARM/bin/../lib/gcc/arm-elf/4.0.2/../../../../arm-elf/lib/thumb/interwork/libc.a(strcpy.o)
 .debug_aranges
                0x000001c0       0x20 /cygdrive/C/cygwin/GNUARM/bin/../lib/gcc/arm-elf/4.0.2/../../../../arm-elf/lib/thumb/interwork/libc.a(strlen.o)
 .debug_aranges
                0x000001e0       0x20 /cygdrive/C/cygwin/GNUARM/bin/../lib/gcc/arm-elf/4.0.2/../../../../arm-elf/lib/thumb/interwork/libc.a(strncpy.o)

.debug_frame    0x00000000      0x180
 .debug_frame   0x00000000       0x38 /cygdrive/C/cygwin/GNUARM/bin/../lib/gcc/arm-elf/4.0.2/thumb/interwork/libgcc.a(_muldi3.o)
 .debug_frame   0x00000038       0x3c /cygdrive/C/cygwin/GNUARM/bin/../lib/gcc/arm-elf/4.0.2/thumb/interwork/libgcc.a(_divdi3.o)
 .debug_frame   0x00000074       0x2c /cygdrive/C/cygwin/GNUARM/bin/../lib/gcc/arm-elf/4.0.2/../../../../arm-elf/lib/thumb/interwork/libc.a(memcpy.o)
 .debug_frame   0x000000a0       0x2c /cygdrive/C/cygwin/GNUARM/bin/../lib/gcc/arm-elf/4.0.2/../../../../arm-elf/lib/thumb/interwork/libc.a(memset.o)
 .debug_frame   0x000000cc       0x2c /cygdrive/C/cygwin/GNUARM/bin/../lib/gcc/arm-elf/4.0.2/../../../../arm-elf/lib/thumb/interwork/libc.a(strcmp.o)
 .debug_frame   0x000000f8       0x2c /cygdrive/C/cygwin/GNUARM/bin/../lib/gcc/arm-elf/4.0.2/../../../../arm-elf/lib/thumb/interwork/libc.a(strcpy.o)
 .debug_frame   0x00000124       0x2c /cygdrive/C/cygwin/GNUARM/bin/../lib/gcc/arm-elf/4.0.2/../../../../arm-elf/lib/thumb/interwork/libc.a(strlen.o)
 .debug_frame   0x00000150       0x30 /cygdrive/C/cygwin/GNUARM/bin/../lib/gcc/arm-elf/4.0.2/../../../../arm-elf/lib/thumb/interwork/libc.a(strncpy.o)

.debug_loc      0x00000000     0x13c0
 .debug_loc     0x00000000      0x156 /cygdrive/C/cygwin/GNUARM/bin/../lib/gcc/arm-elf/4.0.2/thumb/interwork/libgcc.a(_muldi3.o)
 .debug_loc     0x00000156      0xd45 /cygdrive/C/cygwin/GNUARM/bin/../lib/gcc/arm-elf/4.0.2/thumb/interwork/libgcc.a(_divdi3.o)
 .debug_loc     0x00000e9b      0x127 /cygdrive/C/cygwin/GNUARM/bin/../lib/gcc/arm-elf/4.0.2/../../../../arm-elf/lib/thumb/interwork/libc.a(memcpy.o)
 .debug_loc     0x00000fc2      0x12a /cygdrive/C/cygwin/GNUARM/bin/../lib/gcc/arm-elf/4.0.2/../../../../arm-elf/lib/thumb/interwork/libc.a(memset.o)
 .debug_loc     0x000010ec       0x8e /cygdrive/C/cygwin/GNUARM/bin/../lib/gcc/arm-elf/4.0.2/../../../../arm-elf/lib/thumb/interwork/libc.a(strcmp.o)
 .debug_loc     0x0000117a       0xb4 /cygdrive/C/cygwin/GNUARM/bin/../lib/gcc/arm-elf/4.0.2/../../../../arm-elf/lib/thumb/interwork/libc.a(strcpy.o)
 .debug_loc     0x0000122e       0x3c /cygdrive/C/cygwin/GNUARM/bin/../lib/gcc/arm-elf/4.0.2/../../../../arm-elf/lib/thumb/interwork/libc.a(strlen.o)
 .debug_loc     0x0000126a      0x156 /cygdrive/C/cygwin/GNUARM/bin/../lib/gcc/arm-elf/4.0.2/../../../../arm-elf/lib/thumb/interwork/libc.a(strncpy.o)

.debug_pubnames
                0x00000000      0x10d
 .debug_pubnames
                0x00000000       0x1f /cygdrive/C/cygwin/GNUARM/bin/../lib/gcc/arm-elf/4.0.2/thumb/interwork/libgcc.a(_muldi3.o)
 .debug_pubnames
                0x0000001f       0x1f /cygdrive/C/cygwin/GNUARM/bin/../lib/gcc/arm-elf/4.0.2/thumb/interwork/libgcc.a(_divdi3.o)
 .debug_pubnames
                0x0000003e       0x20 /cygdrive/C/cygwin/GNUARM/bin/../lib/gcc/arm-elf/4.0.2/thumb/interwork/libgcc.a(_clz.o)
 .debug_pubnames
                0x0000005e       0x1d /cygdrive/C/cygwin/GNUARM/bin/../lib/gcc/arm-elf/4.0.2/../../../../arm-elf/lib/thumb/interwork/libc.a(memcpy.o)
 .debug_pubnames
                0x0000007b       0x1d /cygdrive/C/cygwin/GNUARM/bin/../lib/gcc/arm-elf/4.0.2/../../../../arm-elf/lib/thumb/interwork/libc.a(memset.o)
 .debug_pubnames
                0x00000098       0x1d /cygdrive/C/cygwin/GNUARM/bin/../lib/gcc/arm-elf/4.0.2/../../../../arm-elf/lib/thumb/interwork/libc.a(strcmp.o)
 .debug_pubnames
                0x000000b5       0x1d /cygdrive/C/cygwin/GNUARM/bin/../lib/gcc/arm-elf/4.0.2/../../../../arm-elf/lib/thumb/interwork/libc.a(strcpy.o)
 .debug_pubnames
                0x000000d2       0x1d /cygdrive/C/cygwin/GNUARM/bin/../lib/gcc/arm-elf/4.0.2/../../../../arm-elf/lib/thumb/interwork/libc.a(strlen.o)
 .debug_pubnames
                0x000000ef       0x1e /cygdrive/C/cygwin/GNUARM/bin/../lib/gcc/arm-elf/4.0.2/../../../../arm-elf/lib/thumb/interwork/libc.a(strncpy.o)

.debug_ranges   0x00000000      0x1d8
 .debug_ranges  0x00000000       0x30 /cygdrive/C/cygwin/GNUARM/bin/../lib/gcc/arm-elf/4.0.2/thumb/interwork/libgcc.a(_muldi3.o)
 .debug_ranges  0x00000030      0x1a8 /cygdrive/C/cygwin/GNUARM/bin/../lib/gcc/arm-elf/4.0.2/thumb/interwork/libgcc.a(_divdi3.o)

.debug_str      0x00000000      0x38b
 .debug_str     0x00000000       0xfb /cygdrive/C/cygwin/GNUARM/bin/../lib/gcc/arm-elf/4.0.2/thumb/interwork/libgcc.a(_muldi3.o)
                                0x14f (size before relaxing)
 .debug_str     0x000000fb       0x5d /cygdrive/C/cygwin/GNUARM/bin/../lib/gcc/arm-elf/4.0.2/thumb/interwork/libgcc.a(_divdi3.o)
                                0x1a3 (size before relaxing)
 .debug_str     0x00000158        0x0 /cygdrive/C/cygwin/GNUARM/bin/../lib/gcc/arm-elf/4.0.2/thumb/interwork/libgcc.a(_clz.o)
                                0x104 (size before relaxing)
 .debug_str     0x00000158       0xb3 /cygdrive/C/cygwin/GNUARM/bin/../lib/gcc/arm-elf/4.0.2/../../../../arm-elf/lib/thumb/interwork/libc.a(memcpy.o)
                                 0xdf (size before relaxing)
 .debug_str     0x0000020b       0x5a /cygdrive/C/cygwin/GNUARM/bin/../lib/gcc/arm-elf/4.0.2/../../../../arm-elf/lib/thumb/interwork/libc.a(memset.o)
                                0x129 (size before relaxing)
 .debug_str     0x00000265       0x46 /cygdrive/C/cygwin/GNUARM/bin/../lib/gcc/arm-elf/4.0.2/../../../../arm-elf/lib/thumb/interwork/libc.a(strcmp.o)
                                0x10e (size before relaxing)
 .debug_str     0x000002ab       0x46 /cygdrive/C/cygwin/GNUARM/bin/../lib/gcc/arm-elf/4.0.2/../../../../arm-elf/lib/thumb/interwork/libc.a(strcpy.o)
                                0x130 (size before relaxing)
 .debug_str     0x000002f1       0x4c /cygdrive/C/cygwin/GNUARM/bin/../lib/gcc/arm-elf/4.0.2/../../../../arm-elf/lib/thumb/interwork/libc.a(strlen.o)
                                0x128 (size before relaxing)
 .debug_str     0x0000033d       0x4e /cygdrive/C/cygwin/GNUARM/bin/../lib/gcc/arm-elf/4.0.2/../../../../arm-elf/lib/thumb/interwork/libc.a(strncpy.o)
                                0x13f (size before relaxing)

Cross Reference Table

Symbol                                            File
ActivateTask                                      build/kernel/task_manage.o
                                                  build/./kernel_cfg.o
BBeep                                             build/BTdrive2.o
BKick                                             build/BTdrive2.o
BSens                                             build/BTdrive2.o
Beeper                                            build/./kernel_cfg.o
CancelAlarm                                       build/kernel/alarm.o
ChainTask                                         build/kernel/task_manage.o
ClearEvent                                        build/kernel/event.o
DisableAllInterrupts                              build/kernel/interrupt.o
EnableAllInterrupts                               build/kernel/interrupt.o
ErrorHook                                         ../../ecrobot/../ecrobot/libecrobot.a(osek_hook.o)
                                                  build/kernel/osctl.o
GetActiveApplicationMode                          build/kernel/osctl.o
GetAlarm                                          build/kernel/alarm.o
GetAlarmBase                                      build/kernel/alarm.o
GetEvent                                          build/kernel/event.o
GetResource                                       build/kernel/resource.o
GetTaskID                                         build/kernel/task_manage.o
GetTaskState                                      build/kernel/task_manage.o
ININOW                                            build/BTdrive2.o
Kicker                                            build/./kernel_cfg.o
NXT_COLORSENSOR_PROTOCOLS                         ../../ecrobot/../ecrobot/libecrobot.a(ecrobot_interface.o)
NXT_Entry_Point                                   build/nxt_entry_point.o
                                                  build/nxt_binary_header.o
NXT_PORT                                          build/BTdrive2.o
PostTaskHook                                      ../../ecrobot/../ecrobot/libecrobot.a(osek_hook.o)
                                                  build/config/at91sam7s-gnu/cpu_support.oram
                                                  build/kernel/osctl.o
PreTaskHook                                       ../../ecrobot/../ecrobot/libecrobot.a(osek_hook.o)
                                                  build/config/at91sam7s-gnu/cpu_support.oram
                                                  build/kernel/osctl.o
ReadBtPacket                                      build/./kernel_cfg.o
ReleaseResource                                   build/kernel/resource.o
ResumeAllInterrupts                               build/kernel/interrupt.o
ResumeOSInterrupts                                build/kernel/interrupt.o
Schedule                                          build/kernel/task_manage.o
SetAbsAlarm                                       build/kernel/alarm.o
SetEvent                                          build/kernel/event.o
SetRelAlarm                                       build/kernel/alarm.o
ShutdownHook                                      ../../ecrobot/../ecrobot/libecrobot.a(osek_hook.o)
                                                  build/kernel/osctl.o
ShutdownOS                                        build/kernel/osctl.o
SignalCounter                                     build/kernel/alarm.o
                                                  build/BTdrive2.o
StartOS                                           build/kernel/osctl.o
                                                  build/ecrobot.o
StartupHook                                       ../../ecrobot/../ecrobot/libecrobot.a(osek_hook.o)
                                                  build/kernel/osctl.o
StatusMonitor                                     build/./kernel_cfg.o
SuspendAllInterrupts                              build/kernel/interrupt.o
SuspendOSInterrupts                               build/kernel/interrupt.o
SysTimerCnt                                       build/./kernel_cfg.o
                                                  build/BTdrive2.o
TaskMainBeeper                                    build/BTdrive2.o
                                                  build/./kernel_cfg.o
TaskMainKicker                                    build/BTdrive2.o
                                                  build/./kernel_cfg.o
TaskMainReadBtPacket                              build/BTdrive2.o
                                                  build/./kernel_cfg.o
TaskMainStatusMonitor                             build/BTdrive2.o
                                                  build/./kernel_cfg.o
TerminateTask                                     build/kernel/task_manage.o
                                                  build/BTdrive2.o
WaitEvent                                         build/kernel/event.o
____floatsidf_change_to_arm                       /cygdrive/C/cygwin/GNUARM/bin/../lib/gcc/arm-elf/4.0.2/../../../../arm-elf/lib/thumb/interwork/libc.a(strncpy.o)
____floatsidf_from_thumb                          /cygdrive/C/cygwin/GNUARM/bin/../lib/gcc/arm-elf/4.0.2/../../../../arm-elf/lib/thumb/interwork/libc.a(strncpy.o)
____gtdf2_change_to_arm                           /cygdrive/C/cygwin/GNUARM/bin/../lib/gcc/arm-elf/4.0.2/../../../../arm-elf/lib/thumb/interwork/libc.a(strncpy.o)
____gtdf2_from_thumb                              /cygdrive/C/cygwin/GNUARM/bin/../lib/gcc/arm-elf/4.0.2/../../../../arm-elf/lib/thumb/interwork/libc.a(strncpy.o)
____muldf3_change_to_arm                          /cygdrive/C/cygwin/GNUARM/bin/../lib/gcc/arm-elf/4.0.2/../../../../arm-elf/lib/thumb/interwork/libc.a(strncpy.o)
____muldf3_from_thumb                             /cygdrive/C/cygwin/GNUARM/bin/../lib/gcc/arm-elf/4.0.2/../../../../arm-elf/lib/thumb/interwork/libc.a(strncpy.o)
__adddf3                                          /cygdrive/C/cygwin/GNUARM/bin/../lib/gcc/arm-elf/4.0.2/thumb/interwork/libgcc.a(_addsubdf3.o)
__aeabi_cdcmpeq                                   /cygdrive/C/cygwin/GNUARM/bin/../lib/gcc/arm-elf/4.0.2/thumb/interwork/libgcc.a(_cmpdf2.o)
__aeabi_cdcmple                                   /cygdrive/C/cygwin/GNUARM/bin/../lib/gcc/arm-elf/4.0.2/thumb/interwork/libgcc.a(_cmpdf2.o)
__aeabi_cdrcmple                                  /cygdrive/C/cygwin/GNUARM/bin/../lib/gcc/arm-elf/4.0.2/thumb/interwork/libgcc.a(_cmpdf2.o)
__aeabi_dadd                                      /cygdrive/C/cygwin/GNUARM/bin/../lib/gcc/arm-elf/4.0.2/thumb/interwork/libgcc.a(_addsubdf3.o)
__aeabi_dcmpeq                                    /cygdrive/C/cygwin/GNUARM/bin/../lib/gcc/arm-elf/4.0.2/thumb/interwork/libgcc.a(_cmpdf2.o)
__aeabi_dcmpge                                    /cygdrive/C/cygwin/GNUARM/bin/../lib/gcc/arm-elf/4.0.2/thumb/interwork/libgcc.a(_cmpdf2.o)
__aeabi_dcmpgt                                    /cygdrive/C/cygwin/GNUARM/bin/../lib/gcc/arm-elf/4.0.2/thumb/interwork/libgcc.a(_cmpdf2.o)
__aeabi_dcmple                                    /cygdrive/C/cygwin/GNUARM/bin/../lib/gcc/arm-elf/4.0.2/thumb/interwork/libgcc.a(_cmpdf2.o)
__aeabi_dcmplt                                    /cygdrive/C/cygwin/GNUARM/bin/../lib/gcc/arm-elf/4.0.2/thumb/interwork/libgcc.a(_cmpdf2.o)
__aeabi_ddiv                                      /cygdrive/C/cygwin/GNUARM/bin/../lib/gcc/arm-elf/4.0.2/thumb/interwork/libgcc.a(_muldivdf3.o)
__aeabi_dmul                                      /cygdrive/C/cygwin/GNUARM/bin/../lib/gcc/arm-elf/4.0.2/thumb/interwork/libgcc.a(_muldivdf3.o)
__aeabi_drsub                                     /cygdrive/C/cygwin/GNUARM/bin/../lib/gcc/arm-elf/4.0.2/thumb/interwork/libgcc.a(_addsubdf3.o)
__aeabi_dsub                                      /cygdrive/C/cygwin/GNUARM/bin/../lib/gcc/arm-elf/4.0.2/thumb/interwork/libgcc.a(_addsubdf3.o)
__aeabi_f2d                                       /cygdrive/C/cygwin/GNUARM/bin/../lib/gcc/arm-elf/4.0.2/thumb/interwork/libgcc.a(_addsubdf3.o)
__aeabi_i2d                                       /cygdrive/C/cygwin/GNUARM/bin/../lib/gcc/arm-elf/4.0.2/thumb/interwork/libgcc.a(_addsubdf3.o)
__aeabi_idiv0                                     /cygdrive/C/cygwin/GNUARM/bin/../lib/gcc/arm-elf/4.0.2/thumb/interwork/libgcc.a(_dvmd_tls.o)
__aeabi_idivmod                                   /cygdrive/C/cygwin/GNUARM/bin/../lib/gcc/arm-elf/4.0.2/thumb/interwork/libgcc.a(_divsi3.o)
__aeabi_l2d                                       /cygdrive/C/cygwin/GNUARM/bin/../lib/gcc/arm-elf/4.0.2/thumb/interwork/libgcc.a(_addsubdf3.o)
__aeabi_ldiv0                                     /cygdrive/C/cygwin/GNUARM/bin/../lib/gcc/arm-elf/4.0.2/thumb/interwork/libgcc.a(_dvmd_tls.o)
__aeabi_ui2d                                      /cygdrive/C/cygwin/GNUARM/bin/../lib/gcc/arm-elf/4.0.2/thumb/interwork/libgcc.a(_addsubdf3.o)
__aeabi_uidivmod                                  /cygdrive/C/cygwin/GNUARM/bin/../lib/gcc/arm-elf/4.0.2/thumb/interwork/libgcc.a(_udivsi3.o)
__aeabi_ul2d                                      /cygdrive/C/cygwin/GNUARM/bin/../lib/gcc/arm-elf/4.0.2/thumb/interwork/libgcc.a(_addsubdf3.o)
__bss_end__                                       build/ecrobot_init.o
__bss_start__                                     build/ecrobot_init.o
__call_posttaskhook_from_arm                      /cygdrive/C/cygwin/GNUARM/bin/../lib/gcc/arm-elf/4.0.2/../../../../arm-elf/lib/thumb/interwork/libc.a(strncpy.o)
__call_pretaskhook_from_arm                       /cygdrive/C/cygwin/GNUARM/bin/../lib/gcc/arm-elf/4.0.2/../../../../arm-elf/lib/thumb/interwork/libc.a(strncpy.o)
__clz_tab                                         /cygdrive/C/cygwin/GNUARM/bin/../lib/gcc/arm-elf/4.0.2/thumb/interwork/libgcc.a(_clz.o)
                                                  /cygdrive/C/cygwin/GNUARM/bin/../lib/gcc/arm-elf/4.0.2/thumb/interwork/libgcc.a(_divdi3.o)
__cmpdf2                                          /cygdrive/C/cygwin/GNUARM/bin/../lib/gcc/arm-elf/4.0.2/thumb/interwork/libgcc.a(_cmpdf2.o)
__ctor_begin                                      build/ecrobot_base.o
__ctor_end                                        build/ecrobot_base.o
__data_load_end__                                 build/ecrobot_init.o
__data_load_start__                               build/ecrobot_init.o
__data_ram_start__                                build/ecrobot_init.o
__disable_int_change_to_arm                       /cygdrive/C/cygwin/GNUARM/bin/../lib/gcc/arm-elf/4.0.2/../../../../arm-elf/lib/thumb/interwork/libc.a(strncpy.o)
__disable_int_from_thumb                          /cygdrive/C/cygwin/GNUARM/bin/../lib/gcc/arm-elf/4.0.2/../../../../arm-elf/lib/thumb/interwork/libc.a(strncpy.o)
__dispatch_change_to_arm                          /cygdrive/C/cygwin/GNUARM/bin/../lib/gcc/arm-elf/4.0.2/../../../../arm-elf/lib/thumb/interwork/libc.a(strncpy.o)
__dispatch_from_thumb                             /cygdrive/C/cygwin/GNUARM/bin/../lib/gcc/arm-elf/4.0.2/../../../../arm-elf/lib/thumb/interwork/libc.a(strncpy.o)
__display_bios_status_change_to_arm               /cygdrive/C/cygwin/GNUARM/bin/../lib/gcc/arm-elf/4.0.2/../../../../arm-elf/lib/thumb/interwork/libc.a(strncpy.o)
__display_bios_status_from_thumb                  /cygdrive/C/cygwin/GNUARM/bin/../lib/gcc/arm-elf/4.0.2/../../../../arm-elf/lib/thumb/interwork/libc.a(strncpy.o)
__div0                                            /cygdrive/C/cygwin/GNUARM/bin/../lib/gcc/arm-elf/4.0.2/thumb/interwork/libgcc.a(_dvmd_tls.o)
                                                  /cygdrive/C/cygwin/GNUARM/bin/../lib/gcc/arm-elf/4.0.2/thumb/interwork/libgcc.a(_modsi3.o)
                                                  /cygdrive/C/cygwin/GNUARM/bin/../lib/gcc/arm-elf/4.0.2/thumb/interwork/libgcc.a(_umodsi3.o)
                                                  /cygdrive/C/cygwin/GNUARM/bin/../lib/gcc/arm-elf/4.0.2/thumb/interwork/libgcc.a(_divsi3.o)
                                                  /cygdrive/C/cygwin/GNUARM/bin/../lib/gcc/arm-elf/4.0.2/thumb/interwork/libgcc.a(_udivsi3.o)
__divdf3                                          /cygdrive/C/cygwin/GNUARM/bin/../lib/gcc/arm-elf/4.0.2/thumb/interwork/libgcc.a(_muldivdf3.o)
__divdi3                                          /cygdrive/C/cygwin/GNUARM/bin/../lib/gcc/arm-elf/4.0.2/thumb/interwork/libgcc.a(_divdi3.o)
                                                  ../../ecrobot/../ecrobot/libecrobot.a(sound.oram)
__divsi3                                          /cygdrive/C/cygwin/GNUARM/bin/../lib/gcc/arm-elf/4.0.2/thumb/interwork/libgcc.a(_divsi3.o)
                                                  ../../ecrobot/../ecrobot/libecrobot.a(sound.oram)
                                                  ../../ecrobot/../ecrobot/libecrobot.a(uart.oram)
__dtor_begin                                      build/ecrobot_base.o
__dtor_end                                        build/ecrobot_base.o
__ecrobot_debug1_from_arm                         /cygdrive/C/cygwin/GNUARM/bin/../lib/gcc/arm-elf/4.0.2/../../../../arm-elf/lib/thumb/interwork/libc.a(strncpy.o)
__ecrobot_debug2_from_arm                         /cygdrive/C/cygwin/GNUARM/bin/../lib/gcc/arm-elf/4.0.2/../../../../arm-elf/lib/thumb/interwork/libc.a(strncpy.o)
__enable_int_change_to_arm                        /cygdrive/C/cygwin/GNUARM/bin/../lib/gcc/arm-elf/4.0.2/../../../../arm-elf/lib/thumb/interwork/libc.a(strncpy.o)
__enable_int_from_thumb                           /cygdrive/C/cygwin/GNUARM/bin/../lib/gcc/arm-elf/4.0.2/../../../../arm-elf/lib/thumb/interwork/libc.a(strncpy.o)
__eqdf2                                           /cygdrive/C/cygwin/GNUARM/bin/../lib/gcc/arm-elf/4.0.2/thumb/interwork/libgcc.a(_cmpdf2.o)
__exit_and_dispatch_change_to_arm                 /cygdrive/C/cygwin/GNUARM/bin/../lib/gcc/arm-elf/4.0.2/../../../../arm-elf/lib/thumb/interwork/libc.a(strncpy.o)
__exit_and_dispatch_from_thumb                    /cygdrive/C/cygwin/GNUARM/bin/../lib/gcc/arm-elf/4.0.2/../../../../arm-elf/lib/thumb/interwork/libc.a(strncpy.o)
__extendsfdf2                                     /cygdrive/C/cygwin/GNUARM/bin/../lib/gcc/arm-elf/4.0.2/thumb/interwork/libgcc.a(_addsubdf3.o)
__floatdidf                                       /cygdrive/C/cygwin/GNUARM/bin/../lib/gcc/arm-elf/4.0.2/thumb/interwork/libgcc.a(_addsubdf3.o)
__floatsidf                                       /cygdrive/C/cygwin/GNUARM/bin/../lib/gcc/arm-elf/4.0.2/thumb/interwork/libgcc.a(_addsubdf3.o)
                                                  ../../ecrobot/../ecrobot/libecrobot.a(colorsensor.o)
__floatundidf                                     /cygdrive/C/cygwin/GNUARM/bin/../lib/gcc/arm-elf/4.0.2/thumb/interwork/libgcc.a(_addsubdf3.o)
__floatunsidf                                     /cygdrive/C/cygwin/GNUARM/bin/../lib/gcc/arm-elf/4.0.2/thumb/interwork/libgcc.a(_addsubdf3.o)
__gedf2                                           /cygdrive/C/cygwin/GNUARM/bin/../lib/gcc/arm-elf/4.0.2/thumb/interwork/libgcc.a(_cmpdf2.o)
__gtdf2                                           /cygdrive/C/cygwin/GNUARM/bin/../lib/gcc/arm-elf/4.0.2/thumb/interwork/libgcc.a(_cmpdf2.o)
                                                  ../../ecrobot/../ecrobot/libecrobot.a(colorsensor.o)
__interrupts_enable_change_to_arm                 /cygdrive/C/cygwin/GNUARM/bin/../lib/gcc/arm-elf/4.0.2/../../../../arm-elf/lib/thumb/interwork/libc.a(strncpy.o)
__interrupts_enable_from_thumb                    /cygdrive/C/cygwin/GNUARM/bin/../lib/gcc/arm-elf/4.0.2/../../../../arm-elf/lib/thumb/interwork/libc.a(strncpy.o)
__interrupts_get_and_disable_change_to_arm        /cygdrive/C/cygwin/GNUARM/bin/../lib/gcc/arm-elf/4.0.2/../../../../arm-elf/lib/thumb/interwork/libc.a(strncpy.o)
__interrupts_get_and_disable_from_thumb           /cygdrive/C/cygwin/GNUARM/bin/../lib/gcc/arm-elf/4.0.2/../../../../arm-elf/lib/thumb/interwork/libc.a(strncpy.o)
__irq_stack__                                     build/ecrobot_init.o
__ledf2                                           /cygdrive/C/cygwin/GNUARM/bin/../lib/gcc/arm-elf/4.0.2/thumb/interwork/libgcc.a(_cmpdf2.o)