Archive member included because of file (symbol)

../../ecrobot/../ecrobot/libecrobot.a(ecrobot_HiTechnic.o)
                              build/BTdrive2.o (ecrobot_get_gyro_sensor)
../../ecrobot/../ecrobot/libecrobot.a(ecrobot_interface.o)
                              build/BTdrive2.o (ecrobot_set_motor_speed)
../../ecrobot/../ecrobot/libecrobot.a(colorsensor.o)
                              ../../ecrobot/../ecrobot/libecrobot.a(ecrobot_interface.o) (colorsensor_init)
../../ecrobot/../ecrobot/libecrobot.a(osek_hook.o)
                              build/kernel/osctl.o (StartupHook)
../../ecrobot/../ecrobot/libecrobot.a(uart.oram)
                              build/config/at91sam7s-gnu/irq.oram (uart_isr_C_0)
../../ecrobot/../ecrobot/libecrobot.a(systick.oram)
                              build/syslib/at91sam7s-gnu/lego_nxt/hw_sys_timer.oram (systick_low_priority_C)
../../ecrobot/../ecrobot/libecrobot.a(byte_fifo.oram)
                              ../../ecrobot/../ecrobot/libecrobot.a(uart.oram) (byte_fifo_put)
../../ecrobot/../ecrobot/libecrobot.a(aic.oram)
                              ../../ecrobot/../ecrobot/libecrobot.a(uart.oram) (aic_set_vector)
../../ecrobot/../ecrobot/libecrobot.a(udp.oram)
                              build/config/at91sam7s-gnu/irq.oram (udp_isr_C)
../../ecrobot/../ecrobot/libecrobot.a(twi.oram)
                              build/config/at91sam7s-gnu/irq.oram (twi_isr_C)
../../ecrobot/../ecrobot/libecrobot.a(nxt_spi.oram)
                              build/config/at91sam7s-gnu/irq.oram (spi_isr_C)
../../ecrobot/../ecrobot/libecrobot.a(nxt_motors.oram)
                              ../../ecrobot/../ecrobot/libecrobot.a(ecrobot_interface.o) (nxt_motor_get_count)
../../ecrobot/../ecrobot/libecrobot.a(data_abort.oram)
                              build/ecrobot_init.o (data_abort_C)
../../ecrobot/../ecrobot/libecrobot.a(display.oram)
                              build/ecrobot_base.o (display_update)
../../ecrobot/../ecrobot/libecrobot.a(i2c.oram)
                              build/config/at91sam7s-gnu/irq.oram (i2c_timer_isr_C)
../../ecrobot/../ecrobot/libecrobot.a(sound.oram)
                              ../../ecrobot/../ecrobot/libecrobot.a(ecrobot_interface.o) (sound_get_time)
../../ecrobot/../ecrobot/libecrobot.a(bt.oram)
                              build/ecrobot_bluetooth.o (bt_send)
../../ecrobot/../ecrobot/libecrobot.a(nxt_avr.oram)
                              build/ecrobot_base.o (nxt_avr_power_down)
../../ecrobot/../ecrobot/libecrobot.a(sensors.oram)
                              ../../ecrobot/../ecrobot/libecrobot.a(ecrobot_interface.o) (unset_digi0)
../../ecrobot/../ecrobot/libecrobot.a(sensors1.oram)
                              ../../ecrobot/../ecrobot/libecrobot.a(colorsensor.o) (sensor_pins)
../../ecrobot/../ecrobot/libecrobot.a(nxt_lcd.oram)
                              ../../ecrobot/../ecrobot/libecrobot.a(display.oram) (nxt_lcd_force_update)
../../ecrobot/../ecrobot/libecrobot.a(flash_loader.oram)
                              build/ecrobot_base.o (set_flash_request)
../../ecrobot/../ecrobot/libecrobot.a(interrupts.oram)
                              ../../ecrobot/../ecrobot/libecrobot.a(uart.oram) (interrupts_get_and_disable)
../../ecrobot/../ecrobot/libecrobot.a(nxtosek_splash.obmp)
                              build/ecrobot_base.o (nxtosek_splash_bmp_start)
../../ecrobot/../ecrobot/libecrobot.a(ecrobot_usb.o)
                              ../../ecrobot/../ecrobot/libecrobot.a(flash_loader.oram) (ecrobot_init_usb)
../../ecrobot/../ecrobot/libecrobot.a(flashprog.oram)
                              ../../ecrobot/../ecrobot/libecrobot.a(flash_loader.oram) (flash_write_page)
/cygdrive/C/cygwin/GNUARM/bin/../lib/gcc/arm-elf/4.0.2/thumb/interwork/libgcc.a(_udivsi3.o)
                              build/ecrobot_base.o (__udivsi3)
/cygdrive/C/cygwin/GNUARM/bin/../lib/gcc/arm-elf/4.0.2/thumb/interwork/libgcc.a(_divsi3.o)
                              ../../ecrobot/../ecrobot/libecrobot.a(uart.oram) (__divsi3)
/cygdrive/C/cygwin/GNUARM/bin/../lib/gcc/arm-elf/4.0.2/thumb/interwork/libgcc.a(_umodsi3.o)
                              build/BTdrive2.o (__umodsi3)
/cygdrive/C/cygwin/GNUARM/bin/../lib/gcc/arm-elf/4.0.2/thumb/interwork/libgcc.a(_modsi3.o)
                              build/BTdrive2.o (__modsi3)
/cygdrive/C/cygwin/GNUARM/bin/../lib/gcc/arm-elf/4.0.2/thumb/interwork/libgcc.a(_dvmd_tls.o)
                              /cygdrive/C/cygwin/GNUARM/bin/../lib/gcc/arm-elf/4.0.2/thumb/interwork/libgcc.a(_udivsi3.o) (__div0)
/cygdrive/C/cygwin/GNUARM/bin/../lib/gcc/arm-elf/4.0.2/thumb/interwork/libgcc.a(_addsubdf3.o)
                              ../../ecrobot/../ecrobot/libecrobot.a(colorsensor.o) (__floatsidf)
/cygdrive/C/cygwin/GNUARM/bin/../lib/gcc/arm-elf/4.0.2/thumb/interwork/libgcc.a(_muldivdf3.o)
                              ../../ecrobot/../ecrobot/libecrobot.a(colorsensor.o) (__muldf3)
[...]
Memory Configuration

Name             Origin             Length             Attributes
rom              0x00108000         0x00038000
vector_ram       0x00200000         0x00000040
ram              0x00200040         0x0000ffc0
*default*        0x00000000         0xffffffff

Linker script and memory map

LOAD build/kernel/alarm.o
LOAD build/kernel/event.o
LOAD build/kernel/interrupt.o
LOAD build/kernel/osctl.o
LOAD build/kernel/resource.o
LOAD build/kernel/task.o
LOAD build/kernel/task_manage.o
LOAD build/config/at91sam7s-gnu/cpu_config.o
LOAD build/config/at91sam7s-gnu/lego_nxt/sys_config.o
LOAD build/./kernel_cfg.o
LOAD build/syscalls.o
LOAD build/ecrobot_bluetooth.o
LOAD build/ecrobot_base.o
LOAD build/ecrobot.o
LOAD build/BTdrive2.o
LOAD build/syslib/at91sam7s-gnu/lego_nxt/hw_sys_timer.oram
LOAD build/nxtvm/platform/nxt/vectors.o
LOAD build/config/at91sam7s-gnu/debug.o
LOAD build/config/at91sam7s-gnu/lego_nxt/sys_support.o
LOAD build/nxt_binary_header.o
LOAD build/nxt_entry_point.o
LOAD build/ecrobot_init.o
LOAD build/config/at91sam7s-gnu/cpu_support.oram
LOAD build/config/at91sam7s-gnu/irq.oram
LOAD ../../ecrobot/../c++/liblejososek.a
LOAD ../../ecrobot/../ecrobot/libecrobot.a
LOAD /cygdrive/C/cygwin/GNUARM/bin/../lib/gcc/arm-elf/4.0.2/../../../../arm-elf/lib/thumb/interwork/libstdc++.a
LOAD /cygdrive/C/cygwin/GNUARM/bin/../lib/gcc/arm-elf/4.0.2/../../../../arm-elf/lib/thumb/interwork/libm.a
LOAD /cygdrive/C/cygwin/GNUARM/bin/../lib/gcc/arm-elf/4.0.2/thumb/interwork/libgcc.a
LOAD /cygdrive/C/cygwin/GNUARM/bin/../lib/gcc/arm-elf/4.0.2/../../../../arm-elf/lib/thumb/interwork/libc.a
LOAD /cygdrive/C/cygwin/GNUARM/bin/../lib/gcc/arm-elf/4.0.2/thumb/interwork/libgcc.a
                0x00108000                ROM_BASE = 0x108000
                0x00038000                ROM_SIZE = 0x38000
                0x00200000                RAM_BASE = 0x200000
                0x00010000                RAM_SIZE = 0x10000

.vectors        0x00200000       0x40 load address 0x00108000
 vectors.o(*.text *.text.*)
 .text          0x00200000       0x38 build/nxtvm/platform/nxt/vectors.o
                0x00200040                . = ALIGN (0x10)
 *fill*         0x00200038        0x8 00
                0x00200000                __vectors_ram_start__ = ADDR (.vectors)
                0x00200040                __vectors_ram_end__ = (ADDR (.vectors) + SIZEOF (.vectors))
                0x00108000                __vectors_load_start__ = LOADADDR (.vectors)
                0x00108040                __vectors_load_end__ = (LOADADDR (.vectors) + SIZEOF (.vectors))

.init           0x00108040      0x280
 *ecrobot_init.o(*.text *.text.*)
 .text          0x00108040      0x280 build/ecrobot_init.o
                0x001081ac                undef_handler
                0x001081b4                prefetch_abort_handler
                0x001081b8                data_abort_handler
                0x001081b0                swi_handler
                0x00108040                start
                0x001081d4                reserved_handler
                0x001082c0                . = ALIGN (0x10)

.ram_text       0x00200040     0x3590 load address 0x001082c0
                0x00200040                . = ALIGN (0x10)
 *.oram(*.text *.text.* *.glue*)
 .text.systick_isr_C1
                0x00200040       0x28 build/syslib/at91sam7s-gnu/lego_nxt/hw_sys_timer.oram
                0x00200040                systick_isr_C1
 *fill*         0x00200068        0x8 00
 .text          0x00200070      0x230 build/config/at91sam7s-gnu/cpu_support.oram
                0x00200250                enable_int
                0x002000f0                start_dispatch
                0x002000b0                activate_r
                0x00200248                disable_int
                0x00200070                dispatch
                0x0020021c                int_return
                0x002001ac                _interrupt
                0x002000e0                exit_and_dispatch
                0x00200258                nop
 .text          0x002002a0      0x2c0 build/config/at91sam7s-gnu/irq.oram
                0x002002a0                default_isr
                0x0020042c                uart_isr_entry_0
                0x002003ac                twi_isr_entry
                0x0020046c                uart_isr_entry_1
                0x0020036c                spi_isr_entry
                0x002002ec                systick_low_priority_entry
                0x002004ac                nxt_motor_isr_entry
                0x002004ec                i2c_timer_isr_entry
                0x002002a0                default_fiq
                0x002002a4                systick_isr_entry
                0x002002a0                spurious_isr
                0x002003ec                sound_isr_entry
                0x0020032c                udp_isr_entry
 .text.uart_process_isr
                0x00200560       0x88 ../../ecrobot/../ecrobot/libecrobot.a(uart.oram)
 .text.uart_isr_C_0
                0x002005e8        0xc ../../ecrobot/../ecrobot/libecrobot.a(uart.oram)
                0x002005e8                uart_isr_C_0
 .text.uart_isr_C_1
                0x002005f4        0xc ../../ecrobot/../ecrobot/libecrobot.a(uart.oram)
                0x002005f4                uart_isr_C_1
 .text.systick_low_priority_C
                0x00200600       0x1c ../../ecrobot/../ecrobot/libecrobot.a(systick.oram)
                0x00200600                systick_low_priority_C
 .text.systick_isr_C
                0x0020061c       0x24 ../../ecrobot/../ecrobot/libecrobot.a(systick.oram)
                0x0020061c                systick_isr_C
 .text.systick_get_ms
                0x00200640        0xc ../../ecrobot/../ecrobot/libecrobot.a(systick.oram)
                0x00200640                systick_get_ms
 .text.systick_wait_ms
                0x0020064c       0x1c ../../ecrobot/../ecrobot/libecrobot.a(systick.oram)
                0x0020064c                systick_wait_ms
 .text.systick_wait_ns
                0x00200668       0x1c ../../ecrobot/../ecrobot/libecrobot.a(systick.oram)
                0x00200668                systick_wait_ns
 .text.systick_init
                0x00200684       0x58 ../../ecrobot/../ecrobot/libecrobot.a(systick.oram)
                0x00200684                systick_init
 .text.systick_suspend
                0x002006dc        0xc ../../ecrobot/../ecrobot/libecrobot.a(systick.oram)
                0x002006dc                systick_suspend
 .text.systick_resume
                0x002006e8        0xc ../../ecrobot/../ecrobot/libecrobot.a(systick.oram)
                0x002006e8                systick_resume
 .text.byte_fifo_put
                0x002006f4       0x58 ../../ecrobot/../ecrobot/libecrobot.a(byte_fifo.oram)
                0x002006f4                byte_fifo_put
 .text.byte_fifo_get
                0x0020074c       0x2c ../../ecrobot/../ecrobot/libecrobot.a(byte_fifo.oram)
                0x0020074c                byte_fifo_get
 .text.aic_initialise
                0x00200778       0x5c ../../ecrobot/../ecrobot/libecrobot.a(aic.oram)
                0x00200778                aic_initialise
 .text.aic_set_vector
                0x002007d4       0x30 ../../ecrobot/../ecrobot/libecrobot.a(aic.oram)
                0x002007d4                aic_set_vector
 .text.aic_mask_on
                0x00200804       0x24 ../../ecrobot/../ecrobot/libecrobot.a(aic.oram)
                0x00200804                aic_mask_on
 .text.aic_mask_off
                0x00200828       0x24 ../../ecrobot/../ecrobot/libecrobot.a(aic.oram)
                0x00200828                aic_mask_off
 .text.aic_clear
                0x0020084c       0x24 ../../ecrobot/../ecrobot/libecrobot.a(aic.oram)
                0x0020084c                aic_clear
 .text.reset    0x00200870       0x4c ../../ecrobot/../ecrobot/libecrobot.a(udp.oram)
 .text.udp_send_null
                0x002008bc       0x2c ../../ecrobot/../ecrobot/libecrobot.a(udp.oram)
 .text.udp_send_stall
                0x002008e8       0x2c ../../ecrobot/../ecrobot/libecrobot.a(udp.oram)
 .text.udp_send_control
                0x00200914       0x60 ../../ecrobot/../ecrobot/libecrobot.a(udp.oram)
 .text.udp_isr_C
                0x00200974      0x7d0 ../../ecrobot/../ecrobot/libecrobot.a(udp.oram)
                0x00200974                udp_isr_C
 .text.twi_status
                0x00201144       0x20 ../../ecrobot/../ecrobot/libecrobot.a(twi.oram)
                0x00201144                twi_status
 .text.twi_isr_C
                0x00201164       0xc4 ../../ecrobot/../ecrobot/libecrobot.a(twi.oram)
                0x00201164                twi_isr_C
 .text.twi_reset
                0x00201228       0xb4 ../../ecrobot/../ecrobot/libecrobot.a(twi.oram)
                0x00201228                twi_reset
 .text.twi_init
                0x002012dc       0x4c ../../ecrobot/../ecrobot/libecrobot.a(twi.oram)
                0x002012dc                twi_init
 .text.twi_start_read
                0x00201328       0x60 ../../ecrobot/../ecrobot/libecrobot.a(twi.oram)
                0x00201328                twi_start_read
 .text.twi_start_write
                0x00201388       0x64 ../../ecrobot/../ecrobot/libecrobot.a(twi.oram)
                0x00201388                twi_start_write
 .text.spi_set_mode
                0x002013ec       0x40 ../../ecrobot/../ecrobot/libecrobot.a(nxt_spi.oram)
 .text.spi_isr_C
                0x0020142c       0x8c ../../ecrobot/../ecrobot/libecrobot.a(nxt_spi.oram)
                0x0020142c                spi_isr_C
 .text.nxt_spi_init
                0x002014b8      0x12c ../../ecrobot/../ecrobot/libecrobot.a(nxt_spi.oram)
                0x002014b8                nxt_spi_init
 .text.nxt_spi_write
                0x002015e4       0x44 ../../ecrobot/../ecrobot/libecrobot.a(nxt_spi.oram)
                0x002015e4                nxt_spi_write
 .text.nxt_spi_set_display
                0x00201628       0x10 ../../ecrobot/../ecrobot/libecrobot.a(nxt_spi.oram)
                0x00201628                nxt_spi_set_display
 .text.nxt_spi_refresh
                0x00201638       0x24 ../../ecrobot/../ecrobot/libecrobot.a(nxt_spi.oram)
                0x00201638                nxt_spi_refresh
 .text.nxt_motor_get_count
                0x0020165c       0x14 ../../ecrobot/../ecrobot/libecrobot.a(nxt_motors.oram)
                0x0020165c                nxt_motor_get_count
 .text.nxt_motor_set_count
                0x00201670       0x10 ../../ecrobot/../ecrobot/libecrobot.a(nxt_motors.oram)
                0x00201670                nxt_motor_set_count
 .text.nxt_motor_set_speed
                0x00201680       0x34 ../../ecrobot/../ecrobot/libecrobot.a(nxt_motors.oram)
                0x00201680                nxt_motor_set_speed
 .text.nxt_motor_1kHz_process
                0x002016b4       0x28 ../../ecrobot/../ecrobot/libecrobot.a(nxt_motors.oram)
                0x002016b4                nxt_motor_1kHz_process
 .text.nxt_motor_quad_decode
                0x002016dc       0x30 ../../ecrobot/../ecrobot/libecrobot.a(nxt_motors.oram)
                0x002016dc                nxt_motor_quad_decode
 .text.nxt_motor_isr_C
                0x0020170c       0x88 ../../ecrobot/../ecrobot/libecrobot.a(nxt_motors.oram)
                0x0020170c                nxt_motor_isr_C
 .text.nxt_motor_init
                0x00201794       0x68 ../../ecrobot/../ecrobot/libecrobot.a(nxt_motors.oram)
                0x00201794                nxt_motor_init
 .text.data_abort_C
                0x002017fc       0x7c ../../ecrobot/../ecrobot/libecrobot.a(data_abort.oram)
                0x002017fc                data_abort_C
 .text.display_update
                0x00201878       0x14 ../../ecrobot/../ecrobot/libecrobot.a(display.oram)
                0x00201878                display_update
 .text.display_force_update
                0x0020188c        0xc ../../ecrobot/../ecrobot/libecrobot.a(display.oram)
                0x0020188c                display_force_update
 .text.display_clear
                0x00201898       0x24 ../../ecrobot/../ecrobot/libecrobot.a(display.oram)
                0x00201898                display_clear
 .text.display_goto_xy
                0x002018bc       0x14 ../../ecrobot/../ecrobot/libecrobot.a(display.oram)
                0x002018bc                display_goto_xy
 .text.display_char
                0x002018d0       0x60 ../../ecrobot/../ecrobot/libecrobot.a(display.oram)
                0x002018d0                display_char
 .text.display_string
                0x00201930       0x3c ../../ecrobot/../ecrobot/libecrobot.a(display.oram)
                0x00201930                display_string
 .text.display_hex
                0x0020196c       0x50 ../../ecrobot/../ecrobot/libecrobot.a(display.oram)
                0x0020196c                display_hex
 .text.display_unsigned_worker
                0x002019bc       0x70 ../../ecrobot/../ecrobot/libecrobot.a(display.oram)
 .text.display_unsigned
                0x00201a2c        0xc ../../ecrobot/../ecrobot/libecrobot.a(display.oram)
                0x00201a2c                display_unsigned
 .text.display_int
                0x00201a38       0x14 ../../ecrobot/../ecrobot/libecrobot.a(display.oram)
                0x00201a38                display_int
 .text.display_bitmap_copy
                0x00201a4c       0x5c ../../ecrobot/../ecrobot/libecrobot.a(display.oram)
                0x00201a4c                display_bitmap_copy
 .text.display_init
                0x00201aa8       0x50 ../../ecrobot/../ecrobot/libecrobot.a(display.oram)
                0x00201aa8                display_init
 .text.i2c_timer_isr_C
                0x00201af8      0x314 ../../ecrobot/../ecrobot/libecrobot.a(i2c.oram)
                0x00201af8                i2c_timer_isr_C
 .text.i2c_disable
                0x00201e0c       0x20 ../../ecrobot/../ecrobot/libecrobot.a(i2c.oram)
                0x00201e0c                i2c_disable
 .text.i2c_init
                0x00201e2c       0xa4 ../../ecrobot/../ecrobot/libecrobot.a(i2c.oram)
                0x00201e2c                i2c_init
 .text.set_vol  0x00201ed0       0xa4 ../../ecrobot/../ecrobot/libecrobot.a(sound.oram)
 .text.sound_fill_sample_buffer
                0x00201f74       0xe4 ../../ecrobot/../ecrobot/libecrobot.a(sound.oram)
                0x00201f74                sound_fill_sample_buffer
 .text.sound_freq_vol
                0x00202058      0x1ec ../../ecrobot/../ecrobot/libecrobot.a(sound.oram)
                0x00202058                sound_freq_vol
 .text.sound_init
                0x00202244       0xa0 ../../ecrobot/../ecrobot/libecrobot.a(sound.oram)
                0x00202244                sound_init
 .text.sound_isr_C
                0x002022e4      0x180 ../../ecrobot/../ecrobot/libecrobot.a(sound.oram)
                0x002022e4                sound_isr_C
 .text.bt_init  0x00202464      0x1c0 ../../ecrobot/../ecrobot/libecrobot.a(bt.oram)
                0x00202464                bt_init
 .text.bt_send  0x00202624       0x5c ../../ecrobot/../ecrobot/libecrobot.a(bt.oram)
                0x00202624                bt_send
 .text.bt_write
                0x00202680       0x70 ../../ecrobot/../ecrobot/libecrobot.a(bt.oram)
                0x00202680                bt_write
 .text.bt_pending
                0x002026f0       0x50 ../../ecrobot/../ecrobot/libecrobot.a(bt.oram)
                0x002026f0                bt_pending
 .text.bt_clear_arm7_cmd
                0x00202740       0x10 ../../ecrobot/../ecrobot/libecrobot.a(bt.oram)
                0x00202740                bt_clear_arm7_cmd
 .text.bt_set_arm7_cmd
                0x00202750       0x10 ../../ecrobot/../ecrobot/libecrobot.a(bt.oram)
                0x00202750                bt_set_arm7_cmd
 .text.bt_receive
                0x00202760      0x160 ../../ecrobot/../ecrobot/libecrobot.a(bt.oram)
                0x00202760                bt_receive
 .text.bt_reset
                0x002028c0       0x84 ../../ecrobot/../ecrobot/libecrobot.a(bt.oram)
                0x002028c0                bt_reset
 .text.nxt_avr_power_down
                0x00202944       0x10 ../../ecrobot/../ecrobot/libecrobot.a(nxt_avr.oram)
                0x00202944                nxt_avr_power_down
 .text.nxt_avr_link_init
                0x00202954       0x20 ../../ecrobot/../ecrobot/libecrobot.a(nxt_avr.oram)
                0x00202954                nxt_avr_link_init
 .text.nxt_avr_init
                0x00202974       0x6c ../../ecrobot/../ecrobot/libecrobot.a(nxt_avr.oram)
                0x00202974                nxt_avr_init
 .text.nxt_avr_1kHz_update
                0x002029e0      0x1cc ../../ecrobot/../ecrobot/libecrobot.a(nxt_avr.oram)
                0x002029e0                nxt_avr_1kHz_update
 .text.buttons_get
                0x00202bac        0xc ../../ecrobot/../ecrobot/libecrobot.a(nxt_avr.oram)
                0x00202bac                buttons_get
 .text.battery_voltage
                0x00202bb8       0x28 ../../ecrobot/../ecrobot/libecrobot.a(nxt_avr.oram)
                0x00202bb8                battery_voltage
 .text.sensor_adc
                0x00202be0       0x20 ../../ecrobot/../ecrobot/libecrobot.a(nxt_avr.oram)
                0x00202be0                sensor_adc
 .text.nxt_avr_set_motor
                0x00202c00       0x34 ../../ecrobot/../ecrobot/libecrobot.a(nxt_avr.oram)
                0x00202c00                nxt_avr_set_motor
 .text.nxt_avr_set_input_power
                0x00202c34       0x3c ../../ecrobot/../ecrobot/libecrobot.a(nxt_avr.oram)
                0x00202c34                nxt_avr_set_input_power
 .text.unset_digi0
                0x00202c70       0x44 ../../ecrobot/../ecrobot/libecrobot.a(sensors.oram)
                0x00202c70                unset_digi0
 .text.unset_digi1
                0x00202cb4       0x44 ../../ecrobot/../ecrobot/libecrobot.a(sensors.oram)
                0x00202cb4                unset_digi1
 .text.init_sensors
                0x00202cf8       0x4c ../../ecrobot/../ecrobot/libecrobot.a(sensors.oram)
                0x00202cf8                init_sensors
 .text.nxt_lcd_command
                0x00202d44       0x18 ../../ecrobot/../ecrobot/libecrobot.a(nxt_lcd.oram)
                0x00202d44                nxt_lcd_command
 .text.nxt_lcd_set_col
                0x00202d5c       0x24 ../../ecrobot/../ecrobot/libecrobot.a(nxt_lcd.oram)
                0x00202d5c                nxt_lcd_set_col
 .text.nxt_lcd_set_multiplex_rate
                0x00202d80       0x18 ../../ecrobot/../ecrobot/libecrobot.a(nxt_lcd.oram)
                0x00202d80                nxt_lcd_set_multiplex_rate
 .text.nxt_lcd_set_page_address
                0x00202d98       0x18 ../../ecrobot/../ecrobot/libecrobot.a(nxt_lcd.oram)
                0x00202d98                nxt_lcd_set_page_address
 .text.nxt_lcd_set_pot
                0x00202db0       0x1c ../../ecrobot/../ecrobot/libecrobot.a(nxt_lcd.oram)
                0x00202db0                nxt_lcd_set_pot
 .text.nxt_lcd_set_ram_address_control
                0x00202dcc       0x18 ../../ecrobot/../ecrobot/libecrobot.a(nxt_lcd.oram)
                0x00202dcc                nxt_lcd_set_ram_address_control
 .text.nxt_lcd_enable
                0x00202de4       0x14 ../../ecrobot/../ecrobot/libecrobot.a(nxt_lcd.oram)
                0x00202de4                nxt_lcd_enable
 .text.nxt_lcd_set_map_control
                0x00202df8       0x18 ../../ecrobot/../ecrobot/libecrobot.a(nxt_lcd.oram)
                0x00202df8                nxt_lcd_set_map_control
 .text.nxt_lcd_reset
                0x00202e10        0xc ../../ecrobot/../ecrobot/libecrobot.a(nxt_lcd.oram)
                0x00202e10                nxt_lcd_reset
 .text.nxt_lcd_set_bias_ratio
                0x00202e1c       0x18 ../../ecrobot/../ecrobot/libecrobot.a(nxt_lcd.oram)
                0x00202e1c                nxt_lcd_set_bias_ratio
 .text.nxt_lcd_force_update
                0x00202e34       0x30 ../../ecrobot/../ecrobot/libecrobot.a(nxt_lcd.oram)
                0x00202e34                nxt_lcd_force_update
 .text.nxt_lcd_update
                0x00202e64        0xc ../../ecrobot/../ecrobot/libecrobot.a(nxt_lcd.oram)
                0x00202e64                nxt_lcd_update
 .text.nxt_lcd_power_up
                0x00202e70       0x48 ../../ecrobot/../ecrobot/libecrobot.a(nxt_lcd.oram)
                0x00202e70                nxt_lcd_power_up
 .text.nxt_lcd_power_down
                0x00202eb8        0xc ../../ecrobot/../ecrobot/libecrobot.a(nxt_lcd.oram)
                0x00202eb8                nxt_lcd_power_down
 .text.nxt_lcd_init
                0x00202ec4       0x18 ../../ecrobot/../ecrobot/libecrobot.a(nxt_lcd.oram)
                0x00202ec4                nxt_lcd_init
 .text.verify_flash_page
                0x00202edc       0x34 ../../ecrobot/../ecrobot/libecrobot.a(flash_loader.oram)
 .text.set_flash_request
                0x00202f10       0x38 ../../ecrobot/../ecrobot/libecrobot.a(flash_loader.oram)
                0x00202f10                set_flash_request
 .text.nxt_device_init
                0x00202f48       0x38 ../../ecrobot/../ecrobot/libecrobot.a(flash_loader.oram)
                0x00202f48                nxt_device_init
 .text          0x00202f80       0x68 ../../ecrobot/../ecrobot/libecrobot.a(interrupts.oram)
                0x00202fd8                fiq_enable
                0x00202f80                interrupts_get_and_disable
                0x00202fb4                fiq_get_and_disable
                0x00202fa4                interrupts_enable
 .text.flash_write_page
                0x00202fe8       0xc0 ../../ecrobot/../ecrobot/libecrobot.a(flashprog.oram)
                0x00202fe8                flash_write_page
                0x002030b0                . = ALIGN (0x10)
 *fill*         0x002030a8        0x8 00
 *.oram(*.rodata *.rodata.*)
 .rodata.ld     0x002030b0        0x4 ../../ecrobot/../ecrobot/libecrobot.a(udp.oram)
 .rodata.cfd    0x002030b4       0x20 ../../ecrobot/../ecrobot/libecrobot.a(udp.oram)
 .rodata.dd     0x002030d4       0x12 ../../ecrobot/../ecrobot/libecrobot.a(udp.oram)
 *fill*         0x002030e6        0x2 00
 .rodata.str1.4
                0x002030e8       0x22 ../../ecrobot/../ecrobot/libecrobot.a(data_abort.oram)
                                 0x24 (size before relaxing)
 .rodata.font   0x0020310a      0x280 ../../ecrobot/../ecrobot/libecrobot.a(display.oram)
 *fill*         0x0020338a        0x2 00
 .rodata.str1.4
                0x0020338c       0x76 ../../ecrobot/../ecrobot/libecrobot.a(display.oram)
                                 0x78 (size before relaxing)
 *fill*         0x00203402        0x2 00
 .rodata.i2c_pin
                0x00203404       0x20 ../../ecrobot/../ecrobot/libecrobot.a(i2c.oram)
 .rodata.i2c_timer_isr_C
                0x00203424       0x38 ../../ecrobot/../ecrobot/libecrobot.a(i2c.oram)
 .rodata.logvol
                0x0020345c        0xc ../../ecrobot/../ecrobot/libecrobot.a(sound.oram)
                0x0020345c                logvol
 .rodata.silence
                0x00203468       0x40 ../../ecrobot/../ecrobot/libecrobot.a(sound.oram)
                0x00203468                silence
 .rodata.sine   0x002034a8       0x10 ../../ecrobot/../ecrobot/libecrobot.a(sound.oram)
                0x002034a8                sine
 .rodata.sample_pattern
                0x002034b8       0x84 ../../ecrobot/../ecrobot/libecrobot.a(sound.oram)
                0x002034b8                sample_pattern
 .rodata        0x0020353c        0xc ../../ecrobot/../ecrobot/libecrobot.a(sound.oram)
 .rodata.avr_brainwash_string
                0x00203548       0x30 ../../ecrobot/../ecrobot/libecrobot.a(nxt_avr.oram)
                0x00203548                avr_brainwash_string
 .rodata.nxt_avr_1kHz_update
                0x00203578       0x14 ../../ecrobot/../ecrobot/libecrobot.a(nxt_avr.oram)
 .rodata.C.33.1823
                0x0020358c       0x10 ../../ecrobot/../ecrobot/libecrobot.a(sensors.oram)
 .rodata.C.37.1857
                0x0020359c       0x10 ../../ecrobot/../ecrobot/libecrobot.a(sensors.oram)
 .rodata.str1.4
                0x002035ac       0x23 ../../ecrobot/../ecrobot/libecrobot.a(flash_loader.oram)
                                 0x24 (size before relaxing)
                0x002035d0                . = ALIGN (0x10)
 *fill*         0x002035cf        0x1 00
                0x00200040                __ramtext_ram_start__ = ADDR (.ram_text)
                0x002035d0                __ramtext_ram_end__ = (ADDR (.ram_text) + SIZEOF (.ram_text))
                0x001082c0                __ramtext_load_start__ = LOADADDR (.ram_text)
                0x0010b850                __ramtext_load_end__ = (__ramtext_load_start__ + SIZEOF (.ram_text))

.wav_data       0x0010b850        0x0
 *.owav(*.data *.data.*)
                0x0010b850                . = ALIGN (0x10)

.bmp_data       0x0010b850      0x440
 *.obmp(*.data *.data.*)
 .data          0x0010b850      0x43e ../../ecrobot/../ecrobot/libecrobot.a(nxtosek_splash.obmp)
                0x0010b850                nxtosek_splash_bmp_start
                0x0010bc8e                nxtosek_splash_bmp_end
                0x0010bc90                . = ALIGN (0x10)
 *fill*         0x0010bc8e        0x2 00

.spr_data       0x0010bc90        0x0
 *.ospr(*.data *.data.*)
                0x0010bc90                . = ALIGN (0x10)

.data           0x002035d0       0x90 load address 0x0010bc90
 *(*.data *.data.*)
 .data.bt_status
                0x002035d0        0x1 build/ecrobot_bluetooth.o
 .data.ININOW   0x002035d1        0x1 build/BTdrive2.o
                0x002035d1                ININOW
 *fill*         0x002035d2        0x2 00
 .data.status   0x002035d4       0x20 build/BTdrive2.o
                0x002035d4                status
 .data.distance_state
                0x002035f4       0x10 ../../ecrobot/../ecrobot/libecrobot.a(ecrobot_interface.o)
 .data.deviceStatus
                0x00203604        0x1 ../../ecrobot/../ecrobot/libecrobot.a(ecrobot_interface.o)
 .data.named    0x00203605       0x22 ../../ecrobot/../ecrobot/libecrobot.a(udp.oram)
 .data.snd      0x00203627       0x1a ../../ecrobot/../ecrobot/libecrobot.a(udp.oram)
 *fill*         0x00203641        0x3 00
 .data.configured
                0x00203644        0x4 ../../ecrobot/../ecrobot/libecrobot.a(udp.oram)
 .data.mode     0x00203648        0x1 ../../ecrobot/../ecrobot/libecrobot.a(nxt_spi.oram)
                0x00203648                mode
 *fill*         0x00203649        0x3 00
 .bss.data      0x0020364c        0x4 ../../ecrobot/../ecrobot/libecrobot.a(nxt_spi.oram)
                0x0020364c                data
 .data.display_auto_update
                0x00203650        0x4 ../../ecrobot/../ecrobot/libecrobot.a(display.oram)
                0x00203650                display_auto_update
 .data.display_buffer
                0x00203654        0x4 ../../ecrobot/../ecrobot/libecrobot.a(display.oram)
                0x00203660                . = ALIGN (0x10)
 *fill*         0x00203658        0x8 00
                0x002035d0                __data_ram_start__ = ADDR (.data)
                0x00203660                __data_ram_end__ = (ADDR (.data) + SIZEOF (.data))
                0x0010bc90                __data_load_start__ = LOADADDR (.data)
                0x0010bd20                __data_load_end__ = (__data_load_start__ + SIZEOF (.data))

.text           0x0010bd20     0x1fd0
                0x0010bd20                . = ALIGN (0x10)
 *(*.text *.text.* *.glue*)
 .text.enqueue_alarm
                0x0010bd20       0x90 build/kernel/alarm.o
 .text.alarm_initialize
                0x0010bdb0       0x98 build/kernel/alarm.o
                0x0010bdb0                alarm_initialize
 .text.SignalCounter
                0x0010be48      0x134 build/kernel/alarm.o
                0x0010be48                SignalCounter
 .text.StartOS  0x0010bf7c       0x58 build/kernel/osctl.o
                0x0010bf7c                StartOS
 .text.ShutdownOS
                0x0010bfd4       0x4c build/kernel/osctl.o
                0x0010bfd4                ShutdownOS
 .text.call_pretaskhook
                0x0010c020       0x24 build/kernel/osctl.o
                0x0010c020                call_pretaskhook
 .text.call_errorhook
                0x0010c044       0x78 build/kernel/osctl.o
                0x0010c044                call_errorhook
 .text.call_posttaskhook
                0x0010c0bc       0x24 build/kernel/osctl.o
                0x0010c0bc                call_posttaskhook
 .text.search_schedtsk
                0x0010c0e0       0x94 build/kernel/task.o
                0x0010c0e0                search_schedtsk
 .text.make_runnable
                0x0010c174       0xac build/kernel/task.o
                0x0010c174                make_runnable
 .text.make_active
                0x0010c220       0x78 build/kernel/task.o
                0x0010c220                make_active
 .text.task_initialize
                0x0010c298       0x90 build/kernel/task.o
                0x0010c298                task_initialize
 .text.ActivateTask
                0x0010c328       0x8c build/kernel/task_manage.o
                0x0010c328                ActivateTask
 .text.TerminateTask
                0x0010c3b4       0x74 build/kernel/task_manage.o
                0x0010c3b4                TerminateTask
 .text.cpu_initialize
                0x0010c428        0x4 build/config/at91sam7s-gnu/cpu_config.o
                0x0010c428                cpu_initialize
 .text.cpu_terminate
                0x0010c42c        0x4 build/config/at91sam7s-gnu/cpu_config.o
                0x0010c42c                cpu_terminate
 .text.sys_initialize
                0x0010c430        0x4 build/config/at91sam7s-gnu/lego_nxt/sys_config.o
                0x0010c430                sys_initialize
 .text.sys_exit
                0x0010c434        0x4 build/config/at91sam7s-gnu/lego_nxt/sys_config.o
                0x0010c434                sys_exit
 .text._activate_alarm_cyclic_alarm1
                0x0010c438        0xc build/./kernel_cfg.o
 .text._activate_alarm_cyclic_alarm2
                0x0010c444        0xc build/./kernel_cfg.o
 .text._activate_alarm_cyclic_alarm3
                0x0010c450        0xc build/./kernel_cfg.o
 .text._activate_alarm_cyclic_alarm4
                0x0010c45c        0xc build/./kernel_cfg.o
 .text.object_initialize
                0x0010c468       0x10 build/./kernel_cfg.o
                0x0010c468                object_initialize
 .text.ecrobot_get_bt_status
                0x0010c478       0x10 build/ecrobot_bluetooth.o
                0x0010c478                ecrobot_get_bt_status
 .text.close_bt_stream
                0x0010c488       0x2c build/ecrobot_bluetooth.o
 .text.ecrobot_send_bt_packet
                0x0010c4b4       0x54 build/ecrobot_bluetooth.o
                0x0010c4b4                ecrobot_send_bt_packet
 .text.ecrobot_read_bt_packet
                0x0010c508       0x4c build/ecrobot_bluetooth.o
                0x0010c508                ecrobot_read_bt_packet
 .text.send_bt_command
                0x0010c554       0x40 build/ecrobot_bluetooth.o
 .text.ecrobot_term_bt_connection
                0x0010c594       0x48 build/ecrobot_bluetooth.o
                0x0010c594                ecrobot_term_bt_connection
 .text.read_bt_command
                0x0010c5dc       0x5c build/ecrobot_bluetooth.o
 .text.open_bt_stream
                0x0010c638       0x50 build/ecrobot_bluetooth.o
 .text.ecrobot_get_bt_signal_strength
                0x0010c688       0x84 build/ecrobot_bluetooth.o
                0x0010c688                ecrobot_get_bt_signal_strength
 .text.ecrobot_get_bt_device_address
                0x0010c70c       0x6c build/ecrobot_bluetooth.o
                0x0010c70c                ecrobot_get_bt_device_address
 .text.ecrobot_init_bt_slave
                0x0010c778      0x12c build/ecrobot_bluetooth.o
                0x0010c778                ecrobot_init_bt_slave
 .text.init_OS_flag
                0x0010c8a4        0xc build/ecrobot_base.o
                0x0010c8a4                init_OS_flag
 .text.set_OS_flag
                0x0010c8b0        0xc build/ecrobot_base.o
                0x0010c8b0                set_OS_flag
 .text.get_OS_flag
                0x0010c8bc        0xc build/ecrobot_base.o
                0x0010c8bc                get_OS_flag
 .text.cpp_constructor
                0x0010c8c8       0x28 build/ecrobot_base.o
                0x0010c8c8                cpp_constructor
 .text.cpp_destructor
                0x0010c8f0       0x28 build/ecrobot_base.o
                0x0010c8f0                cpp_destructor
 .text.execution_mode
                0x0010c918       0x24 build/ecrobot_base.o
                0x0010c918                execution_mode
 .text.show_main_screen
                0x0010c93c       0x48 build/ecrobot_base.o
                0x0010c93c                show_main_screen
 .text.display_status_bar
                0x0010c984       0x5c build/ecrobot_base.o
                0x0010c984                display_status_bar
 .text.restart_NXT
                0x0010c9e0       0x2c build/ecrobot_base.o
                0x0010c9e0                restart_NXT
 .text.shutdown_NXT
                0x0010ca0c       0x2c build/ecrobot_base.o
                0x0010ca0c                shutdown_NXT
 .text.check_NXT_buttons
                0x0010ca38       0x38 build/ecrobot_base.o
                0x0010ca38                check_NXT_buttons
 .text.show_bd_addr
                0x0010ca70       0x44 build/ecrobot_base.o
                0x0010ca70                show_bd_addr
 .text.show_bd_addr_err
                0x0010cab4       0x3c build/ecrobot_base.o
                0x0010cab4                show_bd_addr_err
 .text.add_status_info
                0x0010caf0       0x68 build/ecrobot_base.o
                0x0010caf0                add_status_info
 .text.show_splash_screen
                0x0010cb58       0x90 build/ecrobot_base.o
                0x0010cb58                show_splash_screen
 .text.main     0x0010cbe8      0x10c build/ecrobot.o
                0x0010cbe8                main
 .text.ecrobot_device_terminate
                0x0010ccf4       0x38 build/BTdrive2.o
                0x0010ccf4                ecrobot_device_terminate
 .text.user_1ms_isr_type2
                0x0010cd2c       0x14 build/BTdrive2.o
                0x0010cd2c                user_1ms_isr_type2
 .text.ecrobot_device_initialize
                0x0010cd40       0x5c build/BTdrive2.o
                0x0010cd40                ecrobot_device_initialize
 .text.TaskMainBeeper
                0x0010cd9c       0xc4 build/BTdrive2.o
                0x0010cd9c                TaskMainBeeper
 .text.TaskMainKicker
                0x0010ce60       0x80 build/BTdrive2.o
                0x0010ce60                TaskMainKicker
 .text.save     0x0010cee0      0x11c build/BTdrive2.o
                0x0010cee0                save
 .text.TaskMainStatusMonitor
                0x0010cffc       0x68 build/BTdrive2.o
                0x0010cffc                TaskMainStatusMonitor
 .text.TaskMainReadBtPacket
                0x0010d064      0x1c0 build/BTdrive2.o
                0x0010d064                TaskMainReadBtPacket
 .text.ecrobot_get_gyro_sensor
                0x0010d224       0x14 ../../ecrobot/../ecrobot/libecrobot.a(ecrobot_HiTechnic.o)
                0x0010d224                ecrobot_get_gyro_sensor
 .text.ecrobot_set_motor_speed
                0x0010d238       0x14 ../../ecrobot/../ecrobot/libecrobot.a(ecrobot_interface.o)
                0x0010d238                ecrobot_set_motor_speed
 .text.getDistance
                0x0010d24c       0x20 ../../ecrobot/../ecrobot/libecrobot.a(ecrobot_interface.o)
 .text.ecrobot_get_battery_voltage
                0x0010d26c        0xc ../../ecrobot/../ecrobot/libecrobot.a(ecrobot_interface.o)
                0x0010d26c                ecrobot_get_battery_voltage
 .text.ecrobot_get_button_state
                0x0010d278        0xc ../../ecrobot/../ecrobot/libecrobot.a(ecrobot_interface.o)
                0x0010d278                ecrobot_get_button_state
 .text.ecrobot_init_nxtstate
                0x0010d284       0x28 ../../ecrobot/../ecrobot/libecrobot.a(ecrobot_interface.o)
                0x0010d284                ecrobot_init_nxtstate
 .text.ecrobot_poll_nxtstate
                0x0010d2ac       0x64 ../../ecrobot/../ecrobot/libecrobot.a(ecrobot_interface.o)
                0x0010d2ac                ecrobot_poll_nxtstate
 .text.ecrobot_setDeviceInitialized
                0x0010d310       0x18 ../../ecrobot/../ecrobot/libecrobot.a(ecrobot_interface.o)
                0x0010d310                ecrobot_setDeviceInitialized
 .text.ecrobot_initDeviceStatus
                0x0010d328        0xc ../../ecrobot/../ecrobot/libecrobot.a(ecrobot_interface.o)
                0x0010d328                ecrobot_initDeviceStatus
 .text.ecrobot_bmp2lcd
                0x0010d334      0x1c8 ../../ecrobot/../ecrobot/libecrobot.a(ecrobot_interface.o)
                0x0010d334                ecrobot_bmp2lcd
 .text.ecrobot_status_monitor
                0x0010d4fc      0x138 ../../ecrobot/../ecrobot/libecrobot.a(ecrobot_interface.o)
                0x0010d4fc                ecrobot_status_monitor
 .text.ecrobot_sound_tone
                0x0010d634        0xc ../../ecrobot/../ecrobot/libecrobot.a(ecrobot_interface.o)
                0x0010d634                ecrobot_sound_tone
 .text.StartupHook
                0x0010d640        0x4 ../../ecrobot/../ecrobot/libecrobot.a(osek_hook.o)
                0x0010d640                StartupHook
 .text.PreTaskHook
                0x0010d644        0x4 ../../ecrobot/../ecrobot/libecrobot.a(osek_hook.o)
                0x0010d644                PreTaskHook
 .text.PostTaskHook
                0x0010d648        0x4 ../../ecrobot/../ecrobot/libecrobot.a(osek_hook.o)
                0x0010d648                PostTaskHook
 .text.ErrorHook
                0x0010d64c        0x4 ../../ecrobot/../ecrobot/libecrobot.a(osek_hook.o)
                0x0010d64c                ErrorHook
 .text.ShutdownHook
                0x0010d650        0x4 ../../ecrobot/../ecrobot/libecrobot.a(osek_hook.o)
                0x0010d650                ShutdownHook
 .text          0x0010d654       0x8c /cygdrive/C/cygwin/GNUARM/bin/../lib/gcc/arm-elf/4.0.2/thumb/interwork/libgcc.a(_udivsi3.o)
                0x0010d654                __udivsi3
                0x0010d6d0                __aeabi_uidivmod
 .text          0x0010d6e0       0xa4 /cygdrive/C/cygwin/GNUARM/bin/../lib/gcc/arm-elf/4.0.2/thumb/interwork/libgcc.a(_divsi3.o)
                0x0010d6e0                __divsi3
                0x0010d774                __aeabi_idivmod
 .text          0x0010d784       0xc8 /cygdrive/C/cygwin/GNUARM/bin/../lib/gcc/arm-elf/4.0.2/thumb/interwork/libgcc.a(_umodsi3.o)
                0x0010d784                __umodsi3
 .text          0x0010d84c       0xd8 /cygdrive/C/cygwin/GNUARM/bin/../lib/gcc/arm-elf/4.0.2/thumb/interwork/libgcc.a(_modsi3.o)
                0x0010d84c                __modsi3
 .text          0x0010d924        0x4 /cygdrive/C/cygwin/GNUARM/bin/../lib/gcc/arm-elf/4.0.2/thumb/interwork/libgcc.a(_dvmd_tls.o)
                0x0010d924                __aeabi_ldiv0
                0x0010d924                __div0
                0x0010d924                __aeabi_idiv0
 .text          0x0010d928       0x68 /cygdrive/C/cygwin/GNUARM/bin/../lib/gcc/arm-elf/4.0.2/../../../../arm-elf/lib/thumb/interwork/libc.a(memcpy.o)
                0x0010d928                memcpy
 .text          0x0010d990       0x68 /cygdrive/C/cygwin/GNUARM/bin/../lib/gcc/arm-elf/4.0.2/../../../../arm-elf/lib/thumb/interwork/libc.a(memset.o)
                0x0010d990                memset
 .text          0x0010d9f8       0x60 /cygdrive/C/cygwin/GNUARM/bin/../lib/gcc/arm-elf/4.0.2/../../../../arm-elf/lib/thumb/interwork/libc.a(strcpy.o)
                0x0010d9f8                strcpy
 .text          0x0010da58       0x48 /cygdrive/C/cygwin/GNUARM/bin/../lib/gcc/arm-elf/4.0.2/../../../../arm-elf/lib/thumb/interwork/libc.a(strlen.o)
                0x0010da58                strlen
 .glue_7        0x0010daa0       0x30 /cygdrive/C/cygwin/GNUARM/bin/../lib/gcc/arm-elf/4.0.2/../../../../arm-elf/lib/thumb/interwork/libc.a(strncpy.o)
                0x0010dab8                __call_posttaskhook_from_arm
                0x0010daa1                __ecrobot_debug1_from_arm
                0x0010daad                __ecrobot_debug2_from_arm
                0x0010dac4                __call_pretaskhook_from_arm
 .glue_7t       0x0010dad0       0x60 /cygdrive/C/cygwin/GNUARM/bin/../lib/gcc/arm-elf/4.0.2/../../../../arm-elf/lib/thumb/interwork/libc.a(strncpy.o)
                0x0010dafc                __start_change_to_arm
                0x0010db18                __interrupts_get_and_disable_from_thumb
                0x0010db11                ____gtdf2_from_thumb
                0x0010daf0                __exit_and_dispatch_from_thumb
                0x0010daf4                __exit_and_dispatch_change_to_arm
                0x0010dad0                __disable_int_from_thumb
                0x0010dae8                __start_dispatch_from_thumb
                0x0010daf8                __start_from_thumb
                0x0010db0c                ____muldf3_change_to_arm
                0x0010dad8                __enable_int_from_thumb
                0x0010dae0                __dispatch_from_thumb
                0x0010db24                __interrupts_enable_change_to_arm
                0x0010db1c                __interrupts_get_and_disable_change_to_arm
                0x0010dae4                __dispatch_change_to_arm
                0x0010db14                ____gtdf2_change_to_arm
                0x0010db01                ____floatsidf_from_thumb
                0x0010db29                __display_bios_status_from_thumb
                0x0010dad4                __disable_int_change_to_arm
                0x0010db09                ____muldf3_from_thumb
                0x0010dadc                __enable_int_change_to_arm
                0x0010db04                ____floatsidf_change_to_arm
                0x0010db20                __interrupts_enable_from_thumb
                0x0010db2c                __display_bios_status_change_to_arm
                0x0010daec                __start_dispatch_change_to_arm
                0x0010db30                . = ALIGN (0x10)
 *(*.rodata *.rodata.*)
 .rodata.search_table.966
                0x0010db30        0xf build/kernel/task.o
 *fill*         0x0010db3f        0x1 00
 .rodata.alminib_cycle
                0x0010db40       0x10 build/./kernel_cfg.o
                0x0010db40                alminib_cycle
 .rodata.alminib_almval
                0x0010db50       0x10 build/./kernel_cfg.o
                0x0010db50                alminib_almval
 .rodata.alminib_autosta
                0x0010db60        0x4 build/./kernel_cfg.o
                0x0010db60                alminib_autosta
 .rodata.alminib_cback
                0x0010db64       0x10 build/./kernel_cfg.o
                0x0010db64                alminib_cback
 .rodata.alminib_cntid
                0x0010db74        0x4 build/./kernel_cfg.o
                0x0010db74                alminib_cntid
 .rodata.cntinib_tickbase
                0x0010db78        0x4 build/./kernel_cfg.o
                0x0010db78                cntinib_tickbase
 .rodata.cntinib_maxval2
                0x0010db7c        0x4 build/./kernel_cfg.o
                0x0010db7c                cntinib_maxval2
 .rodata.cntinib_maxval
                0x0010db80        0x4 build/./kernel_cfg.o
                0x0010db80                cntinib_maxval
 .rodata.SysTimerCnt
                0x0010db84        0x1 build/./kernel_cfg.o
                0x0010db84                SysTimerCnt
 *fill*         0x0010db85        0x1 00
 .rodata.tinib_stksz
                0x0010db86        0x8 build/./kernel_cfg.o
                0x0010db86                tinib_stksz
 *fill*         0x0010db8e        0x2 00
 .rodata.tinib_stk
                0x0010db90       0x10 build/./kernel_cfg.o
                0x0010db90                tinib_stk
 .rodata.tinib_task
                0x0010dba0       0x10 build/./kernel_cfg.o
                0x0010dba0                tinib_task
 .rodata.tinib_autoact
                0x0010dbb0        0x4 build/./kernel_cfg.o
                0x0010dbb0                tinib_autoact
 .rodata.tinib_maxact
                0x0010dbb4        0x4 build/./kernel_cfg.o
                0x0010dbb4                tinib_maxact
 .rodata.tinib_exepri
                0x0010dbb8        0x4 build/./kernel_cfg.o
                0x0010dbb8                tinib_exepri
 .rodata.tinib_inipri
                0x0010dbbc        0x4 build/./kernel_cfg.o
                0x0010dbbc                tinib_inipri
 .rodata.tnum_exttask
                0x0010dbc0        0x1 build/./kernel_cfg.o
                0x0010dbc0                tnum_exttask
 .rodata.tnum_task
                0x0010dbc1        0x1 build/./kernel_cfg.o
                0x0010dbc1                tnum_task
 .rodata.tnum_counter
                0x0010dbc2        0x1 build/./kernel_cfg.o
                0x0010dbc2                tnum_counter
 .rodata.tnum_alarm
                0x0010dbc3        0x1 build/./kernel_cfg.o
                0x0010dbc3                tnum_alarm
 .rodata.exec_addr
                0x0010dbc4        0x4 build/ecrobot_base.o
                0x0010dbc4                exec_addr
 .rodata.str1.4
                0x0010dbc8       0x80 build/ecrobot_base.o
 .rodata.NXT_PORT
                0x0010dc48        0x5 build/BTdrive2.o
                0x0010dc48                NXT_PORT
 *fill*         0x0010dc4d        0x3 00
 .rodata.str1.4
                0x0010dc50       0x17 build/BTdrive2.o
                                 0x18 (size before relaxing)
 *fill*         0x0010dc67        0x1 00
 .rodata.str1.4
                0x0010dc68       0x7c ../../ecrobot/../ecrobot/libecrobot.a(ecrobot_interface.o)
                                 0x84 (size before relaxing)
                0x0010dcf0                . = ALIGN (0x10)
 *fill*         0x0010dce4        0xc 00
 *(*.gnu.linkonce.* .gcc_except_table)
                0x0010dcf0                . = ALIGN (0x10)

.tors           0x0010dcf0        0x0
                0x0010dcf0                . = ALIGN (0x10)
                0x0010dcf0                __ctor_begin = .
 *(*.ctors*)
                0x0010dcf0                __ctor_end = .
                0x0010dcf0                . = ALIGN (0x10)
                0x0010dcf0                __dtor_begin = .
 *(*.dtors*)
                0x0010dcf0                __dtor_end = .
                0x0010dcf0                . = ALIGN (0x10)
                0x0010dcf0                __rom_end__ = __dtor_end

.bss            0x00203660     0x1a34
 *(*.bss *.bss.*)
 .bss.ready_primap
                0x00203660        0x2 build/kernel/task.o
 .bss.ready_queue_last
                0x00203662       0x10 build/kernel/task.o
 .bss.ready_queue_first
                0x00203672       0x10 build/kernel/task.o
 *fill*         0x00203682        0x2 00
 .bss._stack_Beeper
                0x00203684      0x200 build/./kernel_cfg.o
 .bss._stack_Kicker
                0x00203884      0x200 build/./kernel_cfg.o
 .bss._stack_StatusMonitor
                0x00203a84      0x200 build/./kernel_cfg.o
 .bss._stack_ReadBtPacket
                0x00203c84      0x200 build/./kernel_cfg.o
 .bss.receiveBuf
                0x00203e84       0x80 build/ecrobot_bluetooth.o
 .bss.sendBuf   0x00203f04      0x100 build/ecrobot_bluetooth.o
 .bss.handle    0x00204004        0x1 build/ecrobot_bluetooth.o
 *fill*         0x00204005        0x3 00
 .bss.status_bar_position
                0x00204008        0x4 build/ecrobot_base.o
 .bss.last_act_time.2753
                0x0020400c        0x4 build/ecrobot_base.o
 .bss.lcd.2682  0x00204010      0x320 build/ecrobot_base.o
 .bss.OS_flag   0x00204330        0x4 build/ecrobot_base.o
 .bss.status_bar
                0x00204334       0x10 build/ecrobot_base.o
 .bss.recvtime  0x00204344        0x4 build/BTdrive2.o
                0x00204344                recvtime
 .bss.speedMC   0x00204348        0x1 build/BTdrive2.o
                0x00204348                speedMC
 .bss.speedMA   0x00204349        0x1 build/BTdrive2.o
                0x00204349                speedMA
 .bss.bt_feedback_buf.2366
                0x0020434a       0x22 build/BTdrive2.o
 .bss.SensRe.2365
                0x0020436c        0x2 build/BTdrive2.o
 .bss.bt_receive_buf.2364
                0x0020436e       0x22 build/BTdrive2.o
 .bss.buttons_i
                0x00204390        0x4 ../../ecrobot/../ecrobot/libecrobot.a(ecrobot_interface.o)
 .bss.buttons_states
                0x00204394       0x14 ../../ecrobot/../ecrobot/libecrobot.a(ecrobot_interface.o)
 .bss.ecrobot_inputs
                0x002043a8        0x8 ../../ecrobot/../ecrobot/libecrobot.a(ecrobot_interface.o)
 .bss.systick_ms
                0x002043b0        0x4 ../../ecrobot/../ecrobot/libecrobot.a(systick.oram)
 .bss.delayedEnable
                0x002043b4        0x1 ../../ecrobot/../ecrobot/libecrobot.a(udp.oram)
 *fill*         0x002043b5        0x3 00
 .bss.outCnt    0x002043b8        0x4 ../../ecrobot/../ecrobot/libecrobot.a(udp.oram)
 .bss.outPtr    0x002043bc        0x4 ../../ecrobot/../ecrobot/libecrobot.a(udp.oram)
 .bss.newAddress
                0x002043c0        0x4 ../../ecrobot/../ecrobot/libecrobot.a(udp.oram)
 .bss.currentRxBank
                0x002043c4        0x4 ../../ecrobot/../ecrobot/libecrobot.a(udp.oram)
 .bss.currentFeatures
                0x002043c8        0x4 ../../ecrobot/../ecrobot/libecrobot.a(udp.oram)
 .bss.currentConfig
                0x002043cc        0x1 ../../ecrobot/../ecrobot/libecrobot.a(udp.oram)
 *fill*         0x002043cd        0x3 00
 .bss.twi_mask  0x002043d0        0x4 ../../ecrobot/../ecrobot/libecrobot.a(twi.oram)
 .bss.twi_ptr   0x002043d4        0x4 ../../ecrobot/../ecrobot/libecrobot.a(twi.oram)
 .bss.twi_pending
                0x002043d8        0x4 ../../ecrobot/../ecrobot/libecrobot.a(twi.oram)
 .bss.twi_state
                0x002043dc        0x4 ../../ecrobot/../ecrobot/libecrobot.a(twi.oram)
 .bss.page      0x002043e0        0x1 ../../ecrobot/../ecrobot/libecrobot.a(nxt_spi.oram)
                0x002043e0                page
 .bss.dirty     0x002043e1        0x1 ../../ecrobot/../ecrobot/libecrobot.a(nxt_spi.oram)
                0x002043e1                dirty
 *fill*         0x002043e2        0x2 00
 .bss.display   0x002043e4        0x4 ../../ecrobot/../ecrobot/libecrobot.a(nxt_spi.oram)
                0x002043e4                display
 .bss.interrupts_this_period
                0x002043e8        0x4 ../../ecrobot/../ecrobot/libecrobot.a(nxt_motors.oram)
 .bss.nxt_motor_initialised
                0x002043ec        0x4 ../../ecrobot/../ecrobot/libecrobot.a(nxt_motors.oram)
 .bss.motor     0x002043f0       0x30 ../../ecrobot/../ecrobot/libecrobot.a(nxt_motors.oram)
 .bss.display_tick
                0x00204420        0x4 ../../ecrobot/../ecrobot/libecrobot.a(display.oram)
                0x00204420                display_tick
 .bss.display_array
                0x00204424      0x388 ../../ecrobot/../ecrobot/libecrobot.a(display.oram)
 .bss.i2c_int_count
                0x002047ac        0x4 ../../ecrobot/../ecrobot/libecrobot.a(i2c.oram)
 .bss.i2c_port  0x002047b0      0x170 ../../ecrobot/../ecrobot/libecrobot.a(i2c.oram)
 .bss.sound_mode
                0x00204920        0x1 ../../ecrobot/../ecrobot/libecrobot.a(sound.oram)
                0x00204920                sound_mode
 *fill*         0x00204921        0x3 00
 .bss.in_buf_idx
                0x00204924        0x4 ../../ecrobot/../ecrobot/libecrobot.a(bt.oram)
 .bss.buf_ptr   0x00204928        0x4 ../../ecrobot/../ecrobot/libecrobot.a(bt.oram)
 .bss.out_buf   0x0020492c      0x200 ../../ecrobot/../ecrobot/libecrobot.a(bt.oram)
 .bss.out_buf_ptr
                0x00204b2c        0x1 ../../ecrobot/../ecrobot/libecrobot.a(bt.oram)
 .bss.in_buf_in_ptr
                0x00204b2d        0x1 ../../ecrobot/../ecrobot/libecrobot.a(bt.oram)
 .bss.in_buf    0x00204b2e      0x100 ../../ecrobot/../ecrobot/libecrobot.a(bt.oram)
 *fill*         0x00204c2e        0x2 00
 .bss.link_state
                0x00204c30        0x4 ../../ecrobot/../ecrobot/libecrobot.a(nxt_avr.oram)
 .bss.update_count
                0x00204c34        0x4 ../../ecrobot/../ecrobot/libecrobot.a(nxt_avr.oram)
 .bss.nxt_avr_stats
                0x00204c38       0x14 ../../ecrobot/../ecrobot/libecrobot.a(nxt_avr.oram)
 .bss.debounce_cnt
                0x00204c4c        0x2 ../../ecrobot/../ecrobot/libecrobot.a(nxt_avr.oram)
 .bss.debounce_state
                0x00204c4e        0x2 ../../ecrobot/../ecrobot/libecrobot.a(nxt_avr.oram)
 .bss.button_state
                0x00204c50        0x2 ../../ecrobot/../ecrobot/libecrobot.a(nxt_avr.oram)
 .bss.prev_buttons
                0x00204c52        0x2 ../../ecrobot/../ecrobot/libecrobot.a(nxt_avr.oram)
 .bss.from_buf  0x00204c54        0x4 ../../ecrobot/../ecrobot/libecrobot.a(nxt_avr.oram)
 .bss.io_from_avr
                0x00204c58        0x4 ../../ecrobot/../ecrobot/libecrobot.a(nxt_avr.oram)
 .bss.data_from_avr
                0x00204c5c       0x1a ../../ecrobot/../ecrobot/libecrobot.a(nxt_avr.oram)
 .bss.data_to_avr
                0x00204c76        0x9 ../../ecrobot/../ecrobot/libecrobot.a(nxt_avr.oram)
 .bss.io_to_avr
                0x00204c7f        0x8 ../../ecrobot/../ecrobot/libecrobot.a(nxt_avr.oram)
 *fill*         0x00204c87        0x1 00
 .bss.display   0x00204c88        0x4 ../../ecrobot/../ecrobot/libecrobot.a(nxt_lcd.oram)
                0x00204c90                . = ALIGN (0x10)
 *fill*         0x00204c8c        0x4 00
                0x00204c90                __bss_end__ = .
 COMMON         0x00204c90        0x2 build/kernel/interrupt.o
                0x00204c90                runisr
                0x00204c91                sus_all_cnt
 *fill*         0x00204c92        0x2 00
 COMMON         0x00204c94       0x10 build/kernel/osctl.o
                0x00204c94                callevel
                0x00204c95                _errorhook_svcid
                0x00204c96                appmode
                0x00204c98                _errorhook_par1
                0x00204c9c                _errorhook_par3
                0x00204ca0                _errorhook_par2
 COMMON         0x00204ca4        0x3 build/kernel/task.o
                0x00204ca4                runtsk
                0x00204ca5                schedtsk
                0x00204ca6                nextpri
 *fill*         0x00204ca7        0x1 00
 COMMON         0x00204ca8       0x70 build/./kernel_cfg.o
                0x00204ca8                tcb_waievt
                0x00204cac                rescb_prevpri
                0x00204cad                almcb_prev
                0x00204cb1                tcb_lastres
                0x00204cb8                almcb_almval
                0x00204cc8                tcxb_pc
                0x00204cd8                tcb_next
                0x00204cdc                tcb_curpri
                0x00204ce0                tcb_tstat
                0x00204ce4                isrcb_lastres
                0x00204ce5                cntcb_almque
                0x00204ce6                rescb_prevres
                0x00204ce7                tcb_actcnt
                0x00204cec                tcb_curevt
                0x00204cf0                almcb_cycle
                0x00204d00                tcxb_sp
                0x00204d10                almcb_next
                0x00204d14                cntcb_curval
 COMMON         0x00204d18        0x5 build/BTdrive2.o
                0x00204d18                BSens
                0x00204d19                BBeep
                0x00204d1a                rssi
                0x00204d1c                BKick
 *fill*         0x00204d1d        0x3 00
 COMMON         0x00204d20       0x44 ../../ecrobot/../ecrobot/libecrobot.a(uart.oram)
                0x00204d20                uart
 COMMON         0x00204d64        0x4 ../../ecrobot/../ecrobot/libecrobot.a(data_abort.oram)
                0x00204d64                data_abort_pc
 COMMON         0x00204d68        0x8 ../../ecrobot/../ecrobot/libecrobot.a(display.oram)
                0x00204d68                display_x
                0x00204d6c                display_y
 COMMON         0x00204d70      0x324 ../../ecrobot/../ecrobot/libecrobot.a(sound.oram)
                0x00204d70                sample
                0x00203660                __bss_start__ = ADDR (.bss)
                0x00205094                __bss_end__ = (ADDR (.bss) + SIZEOF (.bss))
                0x00205094                PROVIDE (end, .)

.heap_area      0x00205094     0xaae4
                0x0020fb78                . = (. + (0x20fb78 - end))
 *fill*         0x00205094     0xaae4 00

.stack          0x0020fb78      0x488
                0x0020fbf8                . = (. + 0x80)
 *fill*         0x0020fb78       0x80 00
                0x0020fc00                . = ALIGN (0x10)
 *fill*         0x0020fbf8        0x8 00
                0x0020fc00                __irq_stack__ = .
                0x0020fc00                __system_stack_bottom__ = .
                0x00210000                . = (. + 0x400)
 *fill*         0x0020fc00      0x400 00
                0x00210000                . = ALIGN (0x10)
                0x00210000                __system_stack__ = .
                0x00210000                __system_stack_top__ = .
                0x0020fb78                __stack_start__ = ADDR (.stack)
                0x00210000                __stack_end__ = (ADDR (.stack) + SIZEOF (.stack))
OUTPUT(BTdrive2_rom.elf elf32-littlearm)

.comment        0x00000000      0x372
 .comment       0x00000000       0x12 build/kernel/alarm.o
 .comment       0x00000012       0x12 build/kernel/event.o
 .comment       0x00000024       0x12 build/kernel/interrupt.o
 .comment       0x00000036       0x12 build/kernel/osctl.o
 .comment       0x00000048       0x12 build/kernel/resource.o
 .comment       0x0000005a       0x12 build/kernel/task.o
 .comment       0x0000006c       0x12 build/kernel/task_manage.o
 .comment       0x0000007e       0x12 build/config/at91sam7s-gnu/cpu_config.o
 .comment       0x00000090       0x12 build/config/at91sam7s-gnu/lego_nxt/sys_config.o
 .comment       0x000000a2       0x12 build/./kernel_cfg.o
 .comment       0x000000b4       0x12 build/syscalls.o
 .comment       0x000000c6       0x12 build/ecrobot_bluetooth.o
 .comment       0x000000d8       0x12 build/ecrobot_base.o
 .comment       0x000000ea       0x12 build/ecrobot.o
 .comment       0x000000fc       0x12 build/BTdrive2.o
 .comment       0x0000010e       0x12 build/syslib/at91sam7s-gnu/lego_nxt/hw_sys_timer.oram
 .comment       0x00000120       0x12 ../../ecrobot/../ecrobot/libecrobot.a(ecrobot_HiTechnic.o)
 .comment       0x00000132       0x12 ../../ecrobot/../ecrobot/libecrobot.a(ecrobot_interface.o)
 .comment       0x00000144       0x12 ../../ecrobot/../ecrobot/libecrobot.a(colorsensor.o)
 .comment       0x00000156       0x12 ../../ecrobot/../ecrobot/libecrobot.a(osek_hook.o)
 .comment       0x00000168       0x12 ../../ecrobot/../ecrobot/libecrobot.a(uart.oram)
 .comment       0x0000017a       0x12 ../../ecrobot/../ecrobot/libecrobot.a(systick.oram)
 .comment       0x0000018c       0x12 ../../ecrobot/../ecrobot/libecrobot.a(byte_fifo.oram)
 .comment       0x0000019e       0x12 ../../ecrobot/../ecrobot/libecrobot.a(aic.oram)
 .comment       0x000001b0       0x12 ../../ecrobot/../ecrobot/libecrobot.a(udp.oram)
 .comment       0x000001c2       0x12 ../../ecrobot/../ecrobot/libecrobot.a(twi.oram)
 .comment       0x000001d4       0x12 ../../ecrobot/../ecrobot/libecrobot.a(nxt_spi.oram)
 .comment       0x000001e6       0x12 ../../ecrobot/../ecrobot/libecrobot.a(nxt_motors.oram)
 .comment       0x000001f8       0x12 ../../ecrobot/../ecrobot/libecrobot.a(data_abort.oram)
 .comment       0x0000020a       0x12 ../../ecrobot/../ecrobot/libecrobot.a(display.oram)
 .comment       0x0000021c       0x12 ../../ecrobot/../ecrobot/libecrobot.a(i2c.oram)
 .comment       0x0000022e       0x12 ../../ecrobot/../ecrobot/libecrobot.a(sound.oram)
 .comment       0x00000240       0x12 ../../ecrobot/../ecrobot/libecrobot.a(bt.oram)
 .comment       0x00000252       0x12 ../../ecrobot/../ecrobot/libecrobot.a(nxt_avr.oram)
 .comment       0x00000264       0x12 ../../ecrobot/../ecrobot/libecrobot.a(sensors.oram)
 .comment       0x00000276       0x12 ../../ecrobot/../ecrobot/libecrobot.a(sensors1.oram)
 .comment       0x00000288       0x12 ../../ecrobot/../ecrobot/libecrobot.a(nxt_lcd.oram)
 .comment       0x0000029a       0x12 ../../ecrobot/../ecrobot/libecrobot.a(flash_loader.oram)
 .comment       0x000002ac       0x12 ../../ecrobot/../ecrobot/libecrobot.a(ecrobot_usb.o)
 .comment       0x000002be       0x12 ../../ecrobot/../ecrobot/libecrobot.a(flashprog.oram)
 .comment       0x000002d0       0x12 /cygdrive/C/cygwin/GNUARM/bin/../lib/gcc/arm-elf/4.0.2/thumb/interwork/libgcc.a(_muldi3.o)
 .comment       0x000002e2       0x12 /cygdrive/C/cygwin/GNUARM/bin/../lib/gcc/arm-elf/4.0.2/thumb/interwork/libgcc.a(_divdi3.o)
 .comment       0x000002f4       0x12 /cygdrive/C/cygwin/GNUARM/bin/../lib/gcc/arm-elf/4.0.2/thumb/interwork/libgcc.a(_clz.o)
 .comment       0x00000306       0x12 /cygdrive/C/cygwin/GNUARM/bin/../lib/gcc/arm-elf/4.0.2/../../../../arm-elf/lib/thumb/interwork/libc.a(memcpy.o)
 .comment       0x00000318       0x12 /cygdrive/C/cygwin/GNUARM/bin/../lib/gcc/arm-elf/4.0.2/../../../../arm-elf/lib/thumb/interwork/libc.a(memset.o)
 .comment       0x0000032a       0x12 /cygdrive/C/cygwin/GNUARM/bin/../lib/gcc/arm-elf/4.0.2/../../../../arm-elf/lib/thumb/interwork/libc.a(strcmp.o)
 .comment       0x0000033c       0x12 /cygdrive/C/cygwin/GNUARM/bin/../lib/gcc/arm-elf/4.0.2/../../../../arm-elf/lib/thumb/interwork/libc.a(strcpy.o)
 .comment       0x0000034e       0x12 /cygdrive/C/cygwin/GNUARM/bin/../lib/gcc/arm-elf/4.0.2/../../../../arm-elf/lib/thumb/interwork/libc.a(strlen.o)
 .comment       0x00000360       0x12 /cygdrive/C/cygwin/GNUARM/bin/../lib/gcc/arm-elf/4.0.2/../../../../arm-elf/lib/thumb/interwork/libc.a(strncpy.o)

.debug_line     0x00000000      0xb77
 .debug_line    0x00000000       0x70 /cygdrive/C/cygwin/GNUARM/bin/../lib/gcc/arm-elf/4.0.2/thumb/interwork/libgcc.a(_udivsi3.o)
 .debug_line    0x00000070       0x7c /cygdrive/C/cygwin/GNUARM/bin/../lib/gcc/arm-elf/4.0.2/thumb/interwork/libgcc.a(_divsi3.o)
 .debug_line    0x000000ec       0x68 /cygdrive/C/cygwin/GNUARM/bin/../lib/gcc/arm-elf/4.0.2/thumb/interwork/libgcc.a(_umodsi3.o)
 .debug_line    0x00000154       0x71 /cygdrive/C/cygwin/GNUARM/bin/../lib/gcc/arm-elf/4.0.2/thumb/interwork/libgcc.a(_modsi3.o)
 .debug_line    0x000001c5       0x5a /cygdrive/C/cygwin/GNUARM/bin/../lib/gcc/arm-elf/4.0.2/thumb/interwork/libgcc.a(_dvmd_tls.o)
 .debug_line    0x0000021f      0x162 /cygdrive/C/cygwin/GNUARM/bin/../lib/gcc/arm-elf/4.0.2/thumb/interwork/libgcc.a(_addsubdf3.o)
 .debug_line    0x00000381      0x177 /cygdrive/C/cygwin/GNUARM/bin/../lib/gcc/arm-elf/4.0.2/thumb/interwork/libgcc.a(_muldivdf3.o)
 .debug_line    0x000004f8       0xa4 /cygdrive/C/cygwin/GNUARM/bin/../lib/gcc/arm-elf/4.0.2/thumb/interwork/libgcc.a(_cmpdf2.o)
 .debug_line    0x0000059c       0x61 /cygdrive/C/cygwin/GNUARM/bin/../lib/gcc/arm-elf/4.0.2/thumb/interwork/libgcc.a(_muldi3.o)
 .debug_line    0x000005fd      0x122 /cygdrive/C/cygwin/GNUARM/bin/../lib/gcc/arm-elf/4.0.2/thumb/interwork/libgcc.a(_divdi3.o)
 .debug_line    0x0000071f       0x48 /cygdrive/C/cygwin/GNUARM/bin/../lib/gcc/arm-elf/4.0.2/thumb/interwork/libgcc.a(_clz.o)
 .debug_line    0x00000767       0xc3 /cygdrive/C/cygwin/GNUARM/bin/../lib/gcc/arm-elf/4.0.2/../../../../arm-elf/lib/thumb/interwork/libc.a(memcpy.o)
 .debug_line    0x0000082a       0xd4 /cygdrive/C/cygwin/GNUARM/bin/../lib/gcc/arm-elf/4.0.2/../../../../arm-elf/lib/thumb/interwork/libc.a(memset.o)
 .debug_line    0x000008fe       0x88 /cygdrive/C/cygwin/GNUARM/bin/../lib/gcc/arm-elf/4.0.2/../../../../arm-elf/lib/thumb/interwork/libc.a(strcmp.o)
 .debug_line    0x00000986       0x80 /cygdrive/C/cygwin/GNUARM/bin/../lib/gcc/arm-elf/4.0.2/../../../../arm-elf/lib/thumb/interwork/libc.a(strcpy.o)
 .debug_line    0x00000a06       0xaf /cygdrive/C/cygwin/GNUARM/bin/../lib/gcc/arm-elf/4.0.2/../../../../arm-elf/lib/thumb/interwork/libc.a(strlen.o)
 .debug_line    0x00000ab5       0xc2 /cygdrive/C/cygwin/GNUARM/bin/../lib/gcc/arm-elf/4.0.2/../../../../arm-elf/lib/thumb/interwork/libc.a(strncpy.o)

.debug_info     0x00000000     0x137a
 .debug_info    0x00000000       0x6a /cygdrive/C/cygwin/GNUARM/bin/../lib/gcc/arm-elf/4.0.2/thumb/interwork/libgcc.a(_udivsi3.o)
 .debug_info    0x0000006a       0x6a /cygdrive/C/cygwin/GNUARM/bin/../lib/gcc/arm-elf/4.0.2/thumb/interwork/libgcc.a(_divsi3.o)
 .debug_info    0x000000d4       0x6a /cygdrive/C/cygwin/GNUARM/bin/../lib/gcc/arm-elf/4.0.2/thumb/interwork/libgcc.a(_umodsi3.o)
 .debug_info    0x0000013e       0x6a /cygdrive/C/cygwin/GNUARM/bin/../lib/gcc/arm-elf/4.0.2/thumb/interwork/libgcc.a(_modsi3.o)
 .debug_info    0x000001a8       0x6a /cygdrive/C/cygwin/GNUARM/bin/../lib/gcc/arm-elf/4.0.2/thumb/interwork/libgcc.a(_dvmd_tls.o)
 .debug_info    0x00000212       0x69 /cygdrive/C/cygwin/GNUARM/bin/../lib/gcc/arm-elf/4.0.2/thumb/interwork/libgcc.a(_addsubdf3.o)
 .debug_info    0x0000027b       0x69 /cygdrive/C/cygwin/GNUARM/bin/../lib/gcc/arm-elf/4.0.2/thumb/interwork/libgcc.a(_muldivdf3.o)
 .debug_info    0x000002e4       0x69 /cygdrive/C/cygwin/GNUARM/bin/../lib/gcc/arm-elf/4.0.2/thumb/interwork/libgcc.a(_cmpdf2.o)
 .debug_info    0x0000034d      0x20e /cygdrive/C/cygwin/GNUARM/bin/../lib/gcc/arm-elf/4.0.2/thumb/interwork/libgcc.a(_muldi3.o)
 .debug_info    0x0000055b      0x758 /cygdrive/C/cygwin/GNUARM/bin/../lib/gcc/arm-elf/4.0.2/thumb/interwork/libgcc.a(_divdi3.o)
 .debug_info    0x00000cb3       0xc9 /cygdrive/C/cygwin/GNUARM/bin/../lib/gcc/arm-elf/4.0.2/thumb/interwork/libgcc.a(_clz.o)
 .debug_info    0x00000d7c      0x10d /cygdrive/C/cygwin/GNUARM/bin/../lib/gcc/arm-elf/4.0.2/../../../../arm-elf/lib/thumb/interwork/libc.a(memcpy.o)
 .debug_info    0x00000e89      0x111 /cygdrive/C/cygwin/GNUARM/bin/../lib/gcc/arm-elf/4.0.2/../../../../arm-elf/lib/thumb/interwork/libc.a(memset.o)
 .debug_info    0x00000f9a       0xd9 /cygdrive/C/cygwin/GNUARM/bin/../lib/gcc/arm-elf/4.0.2/../../../../arm-elf/lib/thumb/interwork/libc.a(strcmp.o)
 .debug_info    0x00001073      0x10c /cygdrive/C/cygwin/GNUARM/bin/../lib/gcc/arm-elf/4.0.2/../../../../arm-elf/lib/thumb/interwork/libc.a(strcpy.o)
 .debug_info    0x0000117f       0xd5 /cygdrive/C/cygwin/GNUARM/bin/../lib/gcc/arm-elf/4.0.2/../../../../arm-elf/lib/thumb/interwork/libc.a(strlen.o)
 .debug_info    0x00001254      0x126 /cygdrive/C/cygwin/GNUARM/bin/../lib/gcc/arm-elf/4.0.2/../../../../arm-elf/lib/thumb/interwork/libc.a(strncpy.o)

.debug_abbrev   0x00000000      0x69d
 .debug_abbrev  0x00000000       0x14 /cygdrive/C/cygwin/GNUARM/bin/../lib/gcc/arm-elf/4.0.2/thumb/interwork/libgcc.a(_udivsi3.o)
 .debug_abbrev  0x00000014       0x14 /cygdrive/C/cygwin/GNUARM/bin/../lib/gcc/arm-elf/4.0.2/thumb/interwork/libgcc.a(_divsi3.o)
 .debug_abbrev  0x00000028       0x14 /cygdrive/C/cygwin/GNUARM/bin/../lib/gcc/arm-elf/4.0.2/thumb/interwork/libgcc.a(_umodsi3.o)
 .debug_abbrev  0x0000003c       0x14 /cygdrive/C/cygwin/GNUARM/bin/../lib/gcc/arm-elf/4.0.2/thumb/interwork/libgcc.a(_modsi3.o)
 .debug_abbrev  0x00000050       0x14 /cygdrive/C/cygwin/GNUARM/bin/../lib/gcc/arm-elf/4.0.2/thumb/interwork/libgcc.a(_dvmd_tls.o)
 .debug_abbrev  0x00000064       0x14 /cygdrive/C/cygwin/GNUARM/bin/../lib/gcc/arm-elf/4.0.2/thumb/interwork/libgcc.a(_addsubdf3.o)
 .debug_abbrev  0x00000078       0x14 /cygdrive/C/cygwin/GNUARM/bin/../lib/gcc/arm-elf/4.0.2/thumb/interwork/libgcc.a(_muldivdf3.o)
 .debug_abbrev  0x0000008c       0x14 /cygdrive/C/cygwin/GNUARM/bin/../lib/gcc/arm-elf/4.0.2/thumb/interwork/libgcc.a(_cmpdf2.o)
 .debug_abbrev  0x000000a0       0xec /cygdrive/C/cygwin/GNUARM/bin/../lib/gcc/arm-elf/4.0.2/thumb/interwork/libgcc.a(_muldi3.o)
 .debug_abbrev  0x0000018c      0x174 /cygdrive/C/cygwin/GNUARM/bin/../lib/gcc/arm-elf/4.0.2/thumb/interwork/libgcc.a(_divdi3.o)
 .debug_abbrev  0x00000300       0x61 /cygdrive/C/cygwin/GNUARM/bin/../lib/gcc/arm-elf/4.0.2/thumb/interwork/libgcc.a(_clz.o)
 .debug_abbrev  0x00000361       0x99 /cygdrive/C/cygwin/GNUARM/bin/../lib/gcc/arm-elf/4.0.2/../../../../arm-elf/lib/thumb/interwork/libc.a(memcpy.o)
 .debug_abbrev  0x000003fa       0x9a /cygdrive/C/cygwin/GNUARM/bin/../lib/gcc/arm-elf/4.0.2/../../../../arm-elf/lib/thumb/interwork/libc.a(memset.o)
 .debug_abbrev  0x00000494       0x71 /cygdrive/C/cygwin/GNUARM/bin/../lib/gcc/arm-elf/4.0.2/../../../../arm-elf/lib/thumb/interwork/libc.a(strcmp.o)
 .debug_abbrev  0x00000505       0x80 /cygdrive/C/cygwin/GNUARM/bin/../lib/gcc/arm-elf/4.0.2/../../../../arm-elf/lib/thumb/interwork/libc.a(strcpy.o)
 .debug_abbrev  0x00000585       0x8b /cygdrive/C/cygwin/GNUARM/bin/../lib/gcc/arm-elf/4.0.2/../../../../arm-elf/lib/thumb/interwork/libc.a(strlen.o)
 .debug_abbrev  0x00000610       0x8d /cygdrive/C/cygwin/GNUARM/bin/../lib/gcc/arm-elf/4.0.2/../../../../arm-elf/lib/thumb/interwork/libc.a(strncpy.o)

.debug_aranges  0x00000000      0x200
 .debug_aranges
                0x00000000       0x20 /cygdrive/C/cygwin/GNUARM/bin/../lib/gcc/arm-elf/4.0.2/thumb/interwork/libgcc.a(_udivsi3.o)
 .debug_aranges
                0x00000020       0x20 /cygdrive/C/cygwin/GNUARM/bin/../lib/gcc/arm-elf/4.0.2/thumb/interwork/libgcc.a(_divsi3.o)
 .debug_aranges
                0x00000040       0x20 /cygdrive/C/cygwin/GNUARM/bin/../lib/gcc/arm-elf/4.0.2/thumb/interwork/libgcc.a(_umodsi3.o)
 .debug_aranges
                0x00000060       0x20 /cygdrive/C/cygwin/GNUARM/bin/../lib/gcc/arm-elf/4.0.2/thumb/interwork/libgcc.a(_modsi3.o)
 .debug_aranges
                0x00000080       0x20 /cygdrive/C/cygwin/GNUARM/bin/../lib/gcc/arm-elf/4.0.2/thumb/interwork/libgcc.a(_dvmd_tls.o)
 .debug_aranges
                0x000000a0       0x20 /cygdrive/C/cygwin/GNUARM/bin/../lib/gcc/arm-elf/4.0.2/thumb/interwork/libgcc.a(_addsubdf3.o)
 .debug_aranges
                0x000000c0       0x20 /cygdrive/C/cygwin/GNUARM/bin/../lib/gcc/arm-elf/4.0.2/thumb/interwork/libgcc.a(_muldivdf3.o)
 .debug_aranges
                0x000000e0       0x20 /cygdrive/C/cygwin/GNUARM/bin/../lib/gcc/arm-elf/4.0.2/thumb/interwork/libgcc.a(_cmpdf2.o)
 .debug_aranges
                0x00000100       0x20 /cygdrive/C/cygwin/GNUARM/bin/../lib/gcc/arm-elf/4.0.2/thumb/interwork/libgcc.a(_muldi3.o)
 .debug_aranges
                0x00000120       0x20 /cygdrive/C/cygwin/GNUARM/bin/../lib/gcc/arm-elf/4.0.2/thumb/interwork/libgcc.a(_divdi3.o)
 .debug_aranges
                0x00000140       0x20 /cygdrive/C/cygwin/GNUARM/bin/../lib/gcc/arm-elf/4.0.2/../../../../arm-elf/lib/thumb/interwork/libc.a(memcpy.o)
 .debug_aranges
                0x00000160       0x20 /cygdrive/C/cygwin/GNUARM/bin/../lib/gcc/arm-elf/4.0.2/../../../../arm-elf/lib/thumb/interwork/libc.a(memset.o)
 .debug_aranges
                0x00000180       0x20 /cygdrive/C/cygwin/GNUARM/bin/../lib/gcc/arm-elf/4.0.2/../../../../arm-elf/lib/thumb/interwork/libc.a(strcmp.o)
 .debug_aranges
                0x000001a0       0x20 /cygdrive/C/cygwin/GNUARM/bin/../lib/gcc/arm-elf/4.0.2/../../../../arm-elf/lib/thumb/interwork/libc.a(strcpy.o)
 .debug_aranges
                0x000001c0       0x20 /cygdrive/C/cygwin/GNUARM/bin/../lib/gcc/arm-elf/4.0.2/../../../../arm-elf/lib/thumb/interwork/libc.a(strlen.o)
 .debug_aranges
                0x000001e0       0x20 /cygdrive/C/cygwin/GNUARM/bin/../lib/gcc/arm-elf/4.0.2/../../../../arm-elf/lib/thumb/interwork/libc.a(strncpy.o)

.debug_frame    0x00000000      0x180
 .debug_frame   0x00000000       0x38 /cygdrive/C/cygwin/GNUARM/bin/../lib/gcc/arm-elf/4.0.2/thumb/interwork/libgcc.a(_muldi3.o)
 .debug_frame   0x00000038       0x3c /cygdrive/C/cygwin/GNUARM/bin/../lib/gcc/arm-elf/4.0.2/thumb/interwork/libgcc.a(_divdi3.o)
 .debug_frame   0x00000074       0x2c /cygdrive/C/cygwin/GNUARM/bin/../lib/gcc/arm-elf/4.0.2/../../../../arm-elf/lib/thumb/interwork/libc.a(memcpy.o)
 .debug_frame   0x000000a0       0x2c /cygdrive/C/cygwin/GNUARM/bin/../lib/gcc/arm-elf/4.0.2/../../../../arm-elf/lib/thumb/interwork/libc.a(memset.o)
 .debug_frame   0x000000cc       0x2c /cygdrive/C/cygwin/GNUARM/bin/../lib/gcc/arm-elf/4.0.2/../../../../arm-elf/lib/thumb/interwork/libc.a(strcmp.o)
 .debug_frame   0x000000f8       0x2c /cygdrive/C/cygwin/GNUARM/bin/../lib/gcc/arm-elf/4.0.2/../../../../arm-elf/lib/thumb/interwork/libc.a(strcpy.o)
 .debug_frame   0x00000124       0x2c /cygdrive/C/cygwin/GNUARM/bin/../lib/gcc/arm-elf/4.0.2/../../../../arm-elf/lib/thumb/interwork/libc.a(strlen.o)
 .debug_frame   0x00000150       0x30 /cygdrive/C/cygwin/GNUARM/bin/../lib/gcc/arm-elf/4.0.2/../../../../arm-elf/lib/thumb/interwork/libc.a(strncpy.o)

.debug_loc      0x00000000     0x13c0
 .debug_loc     0x00000000      0x156 /cygdrive/C/cygwin/GNUARM/bin/../lib/gcc/arm-elf/4.0.2/thumb/interwork/libgcc.a(_muldi3.o)
 .debug_loc     0x00000156      0xd45 /cygdrive/C/cygwin/GNUARM/bin/../lib/gcc/arm-elf/4.0.2/thumb/interwork/libgcc.a(_divdi3.o)
 .debug_loc     0x00000e9b      0x127 /cygdrive/C/cygwin/GNUARM/bin/../lib/gcc/arm-elf/4.0.2/../../../../arm-elf/lib/thumb/interwork/libc.a(memcpy.o)
 .debug_loc     0x00000fc2      0x12a /cygdrive/C/cygwin/GNUARM/bin/../lib/gcc/arm-elf/4.0.2/../../../../arm-elf/lib/thumb/interwork/libc.a(memset.o)
 .debug_loc     0x000010ec       0x8e /cygdrive/C/cygwin/GNUARM/bin/../lib/gcc/arm-elf/4.0.2/../../../../arm-elf/lib/thumb/interwork/libc.a(strcmp.o)
 .debug_loc     0x0000117a       0xb4 /cygdrive/C/cygwin/GNUARM/bin/../lib/gcc/arm-elf/4.0.2/../../../../arm-elf/lib/thumb/interwork/libc.a(strcpy.o)
 .debug_loc     0x0000122e       0x3c /cygdrive/C/cygwin/GNUARM/bin/../lib/gcc/arm-elf/4.0.2/../../../../arm-elf/lib/thumb/interwork/libc.a(strlen.o)
 .debug_loc     0x0000126a      0x156 /cygdrive/C/cygwin/GNUARM/bin/../lib/gcc/arm-elf/4.0.2/../../../../arm-elf/lib/thumb/interwork/libc.a(strncpy.o)

.debug_pubnames
                0x00000000      0x10d
 .debug_pubnames
                0x00000000       0x1f /cygdrive/C/cygwin/GNUARM/bin/../lib/gcc/arm-elf/4.0.2/thumb/interwork/libgcc.a(_muldi3.o)
 .debug_pubnames
                0x0000001f       0x1f /cygdrive/C/cygwin/GNUARM/bin/../lib/gcc/arm-elf/4.0.2/thumb/interwork/libgcc.a(_divdi3.o)
 .debug_pubnames
                0x0000003e       0x20 /cygdrive/C/cygwin/GNUARM/bin/../lib/gcc/arm-elf/4.0.2/thumb/interwork/libgcc.a(_clz.o)
 .debug_pubnames
                0x0000005e       0x1d /cygdrive/C/cygwin/GNUARM/bin/../lib/gcc/arm-elf/4.0.2/../../../../arm-elf/lib/thumb/interwork/libc.a(memcpy.o)
 .debug_pubnames
                0x0000007b       0x1d /cygdrive/C/cygwin/GNUARM/bin/../lib/gcc/arm-elf/4.0.2/../../../../arm-elf/lib/thumb/interwork/libc.a(memset.o)
 .debug_pubnames
                0x00000098       0x1d /cygdrive/C/cygwin/GNUARM/bin/../lib/gcc/arm-elf/4.0.2/../../../../arm-elf/lib/thumb/interwork/libc.a(strcmp.o)
 .debug_pubnames
                0x000000b5       0x1d /cygdrive/C/cygwin/GNUARM/bin/../lib/gcc/arm-elf/4.0.2/../../../../arm-elf/lib/thumb/interwork/libc.a(strcpy.o)
 .debug_pubnames
                0x000000d2       0x1d /cygdrive/C/cygwin/GNUARM/bin/../lib/gcc/arm-elf/4.0.2/../../../../arm-elf/lib/thumb/interwork/libc.a(strlen.o)
 .debug_pubnames
                0x000000ef       0x1e /cygdrive/C/cygwin/GNUARM/bin/../lib/gcc/arm-elf/4.0.2/../../../../arm-elf/lib/thumb/interwork/libc.a(strncpy.o)

.debug_ranges   0x00000000      0x1d8
 .debug_ranges  0x00000000       0x30 /cygdrive/C/cygwin/GNUARM/bin/../lib/gcc/arm-elf/4.0.2/thumb/interwork/libgcc.a(_muldi3.o)
 .debug_ranges  0x00000030      0x1a8 /cygdrive/C/cygwin/GNUARM/bin/../lib/gcc/arm-elf/4.0.2/thumb/interwork/libgcc.a(_divdi3.o)

.debug_str      0x00000000      0x38b
 .debug_str     0x00000000       0xfb /cygdrive/C/cygwin/GNUARM/bin/../lib/gcc/arm-elf/4.0.2/thumb/interwork/libgcc.a(_muldi3.o)
                                0x14f (size before relaxing)
 .debug_str     0x000000fb       0x5d /cygdrive/C/cygwin/GNUARM/bin/../lib/gcc/arm-elf/4.0.2/thumb/interwork/libgcc.a(_divdi3.o)
                                0x1a3 (size before relaxing)
 .debug_str     0x00000158        0x0 /cygdrive/C/cygwin/GNUARM/bin/../lib/gcc/arm-elf/4.0.2/thumb/interwork/libgcc.a(_clz.o)
                                0x104 (size before relaxing)
 .debug_str     0x00000158       0xb3 /cygdrive/C/cygwin/GNUARM/bin/../lib/gcc/arm-elf/4.0.2/../../../../arm-elf/lib/thumb/interwork/libc.a(memcpy.o)
                                 0xdf (size before relaxing)
 .debug_str     0x0000020b       0x5a /cygdrive/C/cygwin/GNUARM/bin/../lib/gcc/arm-elf/4.0.2/../../../../arm-elf/lib/thumb/interwork/libc.a(memset.o)
                                0x129 (size before relaxing)
 .debug_str     0x00000265       0x46 /cygdrive/C/cygwin/GNUARM/bin/../lib/gcc/arm-elf/4.0.2/../../../../arm-elf/lib/thumb/interwork/libc.a(strcmp.o)
                                0x10e (size before relaxing)
 .debug_str     0x000002ab       0x46 /cygdrive/C/cygwin/GNUARM/bin/../lib/gcc/arm-elf/4.0.2/../../../../arm-elf/lib/thumb/interwork/libc.a(strcpy.o)
                                0x130 (size before relaxing)
 .debug_str     0x000002f1       0x4c /cygdrive/C/cygwin/GNUARM/bin/../lib/gcc/arm-elf/4.0.2/../../../../arm-elf/lib/thumb/interwork/libc.a(strlen.o)
                                0x128 (size before relaxing)
 .debug_str     0x0000033d       0x4e /cygdrive/C/cygwin/GNUARM/bin/../lib/gcc/arm-elf/4.0.2/../../../../arm-elf/lib/thumb/interwork/libc.a(strncpy.o)
                                0x13f (size before relaxing)

Cross Reference Table

Symbol                                            File
ActivateTask                                      build/kernel/task_manage.o
                                                  build/./kernel_cfg.o
BBeep                                             build/BTdrive2.o
BKick                                             build/BTdrive2.o
BSens                                             build/BTdrive2.o
Beeper                                            build/./kernel_cfg.o
CancelAlarm                                       build/kernel/alarm.o
ChainTask                                         build/kernel/task_manage.o
ClearEvent                                        build/kernel/event.o
DisableAllInterrupts                              build/kernel/interrupt.o
EnableAllInterrupts                               build/kernel/interrupt.o
ErrorHook                                         ../../ecrobot/../ecrobot/libecrobot.a(osek_hook.o)
                                                  build/kernel/osctl.o
GetActiveApplicationMode                          build/kernel/osctl.o
GetAlarm                                          build/kernel/alarm.o
GetAlarmBase                                      build/kernel/alarm.o
GetEvent                                          build/kernel/event.o
GetResource                                       build/kernel/resource.o
GetTaskID                                         build/kernel/task_manage.o
GetTaskState                                      build/kernel/task_manage.o
ININOW                                            build/BTdrive2.o
Kicker                                            build/./kernel_cfg.o
NXT_COLORSENSOR_PROTOCOLS                         ../../ecrobot/../ecrobot/libecrobot.a(ecrobot_interface.o)
NXT_Entry_Point                                   build/nxt_entry_point.o
                                                  build/nxt_binary_header.o
NXT_PORT                                          build/BTdrive2.o
PostTaskHook                                      ../../ecrobot/../ecrobot/libecrobot.a(osek_hook.o)
                                                  build/config/at91sam7s-gnu/cpu_support.oram
                                                  build/kernel/osctl.o
PreTaskHook                                       ../../ecrobot/../ecrobot/libecrobot.a(osek_hook.o)
                                                  build/config/at91sam7s-gnu/cpu_support.oram
                                                  build/kernel/osctl.o
ReadBtPacket                                      build/./kernel_cfg.o
ReleaseResource                                   build/kernel/resource.o
ResumeAllInterrupts                               build/kernel/interrupt.o
ResumeOSInterrupts                                build/kernel/interrupt.o
Schedule                                          build/kernel/task_manage.o
SetAbsAlarm                                       build/kernel/alarm.o
SetEvent                                          build/kernel/event.o
SetRelAlarm                                       build/kernel/alarm.o
ShutdownHook                                      ../../ecrobot/../ecrobot/libecrobot.a(osek_hook.o)
                                                  build/kernel/osctl.o
ShutdownOS                                        build/kernel/osctl.o
SignalCounter                                     build/kernel/alarm.o
                                                  build/BTdrive2.o
StartOS                                           build/kernel/osctl.o
                                                  build/ecrobot.o
StartupHook                                       ../../ecrobot/../ecrobot/libecrobot.a(osek_hook.o)
                                                  build/kernel/osctl.o
StatusMonitor                                     build/./kernel_cfg.o
SuspendAllInterrupts                              build/kernel/interrupt.o
SuspendOSInterrupts                               build/kernel/interrupt.o
SysTimerCnt                                       build/./kernel_cfg.o
                                                  build/BTdrive2.o
TaskMainBeeper                                    build/BTdrive2.o
                                                  build/./kernel_cfg.o
TaskMainKicker                                    build/BTdrive2.o
                                                  build/./kernel_cfg.o
TaskMainReadBtPacket                              build/BTdrive2.o
                                                  build/./kernel_cfg.o
TaskMainStatusMonitor                             build/BTdrive2.o
                                                  build/./kernel_cfg.o
TerminateTask                                     build/kernel/task_manage.o
                                                  build/BTdrive2.o
WaitEvent                                         build/kernel/event.o
____floatsidf_change_to_arm                       /cygdrive/C/cygwin/GNUARM/bin/../lib/gcc/arm-elf/4.0.2/../../../../arm-elf/lib/thumb/interwork/libc.a(strncpy.o)
____floatsidf_from_thumb                          /cygdrive/C/cygwin/GNUARM/bin/../lib/gcc/arm-elf/4.0.2/../../../../arm-elf/lib/thumb/interwork/libc.a(strncpy.o)
____gtdf2_change_to_arm                           /cygdrive/C/cygwin/GNUARM/bin/../lib/gcc/arm-elf/4.0.2/../../../../arm-elf/lib/thumb/interwork/libc.a(strncpy.o)
____gtdf2_from_thumb                              /cygdrive/C/cygwin/GNUARM/bin/../lib/gcc/arm-elf/4.0.2/../../../../arm-elf/lib/thumb/interwork/libc.a(strncpy.o)
____muldf3_change_to_arm                          /cygdrive/C/cygwin/GNUARM/bin/../lib/gcc/arm-elf/4.0.2/../../../../arm-elf/lib/thumb/interwork/libc.a(strncpy.o)
____muldf3_from_thumb                             /cygdrive/C/cygwin/GNUARM/bin/../lib/gcc/arm-elf/4.0.2/../../../../arm-elf/lib/thumb/interwork/libc.a(strncpy.o)
__adddf3                                          /cygdrive/C/cygwin/GNUARM/bin/../lib/gcc/arm-elf/4.0.2/thumb/interwork/libgcc.a(_addsubdf3.o)
__aeabi_cdcmpeq                                   /cygdrive/C/cygwin/GNUARM/bin/../lib/gcc/arm-elf/4.0.2/thumb/interwork/libgcc.a(_cmpdf2.o)
__aeabi_cdcmple                                   /cygdrive/C/cygwin/GNUARM/bin/../lib/gcc/arm-elf/4.0.2/thumb/interwork/libgcc.a(_cmpdf2.o)
__aeabi_cdrcmple                                  /cygdrive/C/cygwin/GNUARM/bin/../lib/gcc/arm-elf/4.0.2/thumb/interwork/libgcc.a(_cmpdf2.o)
__aeabi_dadd                                      /cygdrive/C/cygwin/GNUARM/bin/../lib/gcc/arm-elf/4.0.2/thumb/interwork/libgcc.a(_addsubdf3.o)
__aeabi_dcmpeq                                    /cygdrive/C/cygwin/GNUARM/bin/../lib/gcc/arm-elf/4.0.2/thumb/interwork/libgcc.a(_cmpdf2.o)
__aeabi_dcmpge                                    /cygdrive/C/cygwin/GNUARM/bin/../lib/gcc/arm-elf/4.0.2/thumb/interwork/libgcc.a(_cmpdf2.o)
__aeabi_dcmpgt                                    /cygdrive/C/cygwin/GNUARM/bin/../lib/gcc/arm-elf/4.0.2/thumb/interwork/libgcc.a(_cmpdf2.o)
__aeabi_dcmple                                    /cygdrive/C/cygwin/GNUARM/bin/../lib/gcc/arm-elf/4.0.2/thumb/interwork/libgcc.a(_cmpdf2.o)
__aeabi_dcmplt                                    /cygdrive/C/cygwin/GNUARM/bin/../lib/gcc/arm-elf/4.0.2/thumb/interwork/libgcc.a(_cmpdf2.o)
__aeabi_ddiv                                      /cygdrive/C/cygwin/GNUARM/bin/../lib/gcc/arm-elf/4.0.2/thumb/interwork/libgcc.a(_muldivdf3.o)
__aeabi_dmul                                      /cygdrive/C/cygwin/GNUARM/bin/../lib/gcc/arm-elf/4.0.2/thumb/interwork/libgcc.a(_muldivdf3.o)
__aeabi_drsub                                     /cygdrive/C/cygwin/GNUARM/bin/../lib/gcc/arm-elf/4.0.2/thumb/interwork/libgcc.a(_addsubdf3.o)
__aeabi_dsub                                      /cygdrive/C/cygwin/GNUARM/bin/../lib/gcc/arm-elf/4.0.2/thumb/interwork/libgcc.a(_addsubdf3.o)
__aeabi_f2d                                       /cygdrive/C/cygwin/GNUARM/bin/../lib/gcc/arm-elf/4.0.2/thumb/interwork/libgcc.a(_addsubdf3.o)
__aeabi_i2d                                       /cygdrive/C/cygwin/GNUARM/bin/../lib/gcc/arm-elf/4.0.2/thumb/interwork/libgcc.a(_addsubdf3.o)
__aeabi_idiv0                                     /cygdrive/C/cygwin/GNUARM/bin/../lib/gcc/arm-elf/4.0.2/thumb/interwork/libgcc.a(_dvmd_tls.o)
__aeabi_idivmod                                   /cygdrive/C/cygwin/GNUARM/bin/../lib/gcc/arm-elf/4.0.2/thumb/interwork/libgcc.a(_divsi3.o)
__aeabi_l2d                                       /cygdrive/C/cygwin/GNUARM/bin/../lib/gcc/arm-elf/4.0.2/thumb/interwork/libgcc.a(_addsubdf3.o)
__aeabi_ldiv0                                     /cygdrive/C/cygwin/GNUARM/bin/../lib/gcc/arm-elf/4.0.2/thumb/interwork/libgcc.a(_dvmd_tls.o)
__aeabi_ui2d                                      /cygdrive/C/cygwin/GNUARM/bin/../lib/gcc/arm-elf/4.0.2/thumb/interwork/libgcc.a(_addsubdf3.o)
__aeabi_uidivmod                                  /cygdrive/C/cygwin/GNUARM/bin/../lib/gcc/arm-elf/4.0.2/thumb/interwork/libgcc.a(_udivsi3.o)
__aeabi_ul2d                                      /cygdrive/C/cygwin/GNUARM/bin/../lib/gcc/arm-elf/4.0.2/thumb/interwork/libgcc.a(_addsubdf3.o)
__bss_end__                                       build/ecrobot_init.o
__bss_start__                                     build/ecrobot_init.o
__call_posttaskhook_from_arm                      /cygdrive/C/cygwin/GNUARM/bin/../lib/gcc/arm-elf/4.0.2/../../../../arm-elf/lib/thumb/interwork/libc.a(strncpy.o)
__call_pretaskhook_from_arm                       /cygdrive/C/cygwin/GNUARM/bin/../lib/gcc/arm-elf/4.0.2/../../../../arm-elf/lib/thumb/interwork/libc.a(strncpy.o)
__clz_tab                                         /cygdrive/C/cygwin/GNUARM/bin/../lib/gcc/arm-elf/4.0.2/thumb/interwork/libgcc.a(_clz.o)
                                                  /cygdrive/C/cygwin/GNUARM/bin/../lib/gcc/arm-elf/4.0.2/thumb/interwork/libgcc.a(_divdi3.o)
__cmpdf2                                          /cygdrive/C/cygwin/GNUARM/bin/../lib/gcc/arm-elf/4.0.2/thumb/interwork/libgcc.a(_cmpdf2.o)
__ctor_begin                                      build/ecrobot_base.o
__ctor_end                                        build/ecrobot_base.o
__data_load_end__                                 build/ecrobot_init.o
__data_load_start__                               build/ecrobot_init.o
__data_ram_start__                                build/ecrobot_init.o
__disable_int_change_to_arm                       /cygdrive/C/cygwin/GNUARM/bin/../lib/gcc/arm-elf/4.0.2/../../../../arm-elf/lib/thumb/interwork/libc.a(strncpy.o)
__disable_int_from_thumb                          /cygdrive/C/cygwin/GNUARM/bin/../lib/gcc/arm-elf/4.0.2/../../../../arm-elf/lib/thumb/interwork/libc.a(strncpy.o)
__dispatch_change_to_arm                          /cygdrive/C/cygwin/GNUARM/bin/../lib/gcc/arm-elf/4.0.2/../../../../arm-elf/lib/thumb/interwork/libc.a(strncpy.o)
__dispatch_from_thumb                             /cygdrive/C/cygwin/GNUARM/bin/../lib/gcc/arm-elf/4.0.2/../../../../arm-elf/lib/thumb/interwork/libc.a(strncpy.o)
__display_bios_status_change_to_arm               /cygdrive/C/cygwin/GNUARM/bin/../lib/gcc/arm-elf/4.0.2/../../../../arm-elf/lib/thumb/interwork/libc.a(strncpy.o)
__display_bios_status_from_thumb                  /cygdrive/C/cygwin/GNUARM/bin/../lib/gcc/arm-elf/4.0.2/../../../../arm-elf/lib/thumb/interwork/libc.a(strncpy.o)
__div0                                            /cygdrive/C/cygwin/GNUARM/bin/../lib/gcc/arm-elf/4.0.2/thumb/interwork/libgcc.a(_dvmd_tls.o)
                                                  /cygdrive/C/cygwin/GNUARM/bin/../lib/gcc/arm-elf/4.0.2/thumb/interwork/libgcc.a(_modsi3.o)
                                                  /cygdrive/C/cygwin/GNUARM/bin/../lib/gcc/arm-elf/4.0.2/thumb/interwork/libgcc.a(_umodsi3.o)
                                                  /cygdrive/C/cygwin/GNUARM/bin/../lib/gcc/arm-elf/4.0.2/thumb/interwork/libgcc.a(_divsi3.o)
                                                  /cygdrive/C/cygwin/GNUARM/bin/../lib/gcc/arm-elf/4.0.2/thumb/interwork/libgcc.a(_udivsi3.o)
__divdf3                                          /cygdrive/C/cygwin/GNUARM/bin/../lib/gcc/arm-elf/4.0.2/thumb/interwork/libgcc.a(_muldivdf3.o)
__divdi3                                          /cygdrive/C/cygwin/GNUARM/bin/../lib/gcc/arm-elf/4.0.2/thumb/interwork/libgcc.a(_divdi3.o)
                                                  ../../ecrobot/../ecrobot/libecrobot.a(sound.oram)
__divsi3                                          /cygdrive/C/cygwin/GNUARM/bin/../lib/gcc/arm-elf/4.0.2/thumb/interwork/libgcc.a(_divsi3.o)
                                                  ../../ecrobot/../ecrobot/libecrobot.a(sound.oram)
                                                  ../../ecrobot/../ecrobot/libecrobot.a(uart.oram)
__dtor_begin                                      build/ecrobot_base.o
__dtor_end                                        build/ecrobot_base.o
__ecrobot_debug1_from_arm                         /cygdrive/C/cygwin/GNUARM/bin/../lib/gcc/arm-elf/4.0.2/../../../../arm-elf/lib/thumb/interwork/libc.a(strncpy.o)
__ecrobot_debug2_from_arm                         /cygdrive/C/cygwin/GNUARM/bin/../lib/gcc/arm-elf/4.0.2/../../../../arm-elf/lib/thumb/interwork/libc.a(strncpy.o)
__enable_int_change_to_arm                        /cygdrive/C/cygwin/GNUARM/bin/../lib/gcc/arm-elf/4.0.2/../../../../arm-elf/lib/thumb/interwork/libc.a(strncpy.o)
__enable_int_from_thumb                           /cygdrive/C/cygwin/GNUARM/bin/../lib/gcc/arm-elf/4.0.2/../../../../arm-elf/lib/thumb/interwork/libc.a(strncpy.o)
__eqdf2                                           /cygdrive/C/cygwin/GNUARM/bin/../lib/gcc/arm-elf/4.0.2/thumb/interwork/libgcc.a(_cmpdf2.o)
__exit_and_dispatch_change_to_arm                 /cygdrive/C/cygwin/GNUARM/bin/../lib/gcc/arm-elf/4.0.2/../../../../arm-elf/lib/thumb/interwork/libc.a(strncpy.o)
__exit_and_dispatch_from_thumb                    /cygdrive/C/cygwin/GNUARM/bin/../lib/gcc/arm-elf/4.0.2/../../../../arm-elf/lib/thumb/interwork/libc.a(strncpy.o)
__extendsfdf2                                     /cygdrive/C/cygwin/GNUARM/bin/../lib/gcc/arm-elf/4.0.2/thumb/interwork/libgcc.a(_addsubdf3.o)
__floatdidf                                       /cygdrive/C/cygwin/GNUARM/bin/../lib/gcc/arm-elf/4.0.2/thumb/interwork/libgcc.a(_addsubdf3.o)
__floatsidf                                       /cygdrive/C/cygwin/GNUARM/bin/../lib/gcc/arm-elf/4.0.2/thumb/interwork/libgcc.a(_addsubdf3.o)
                                                  ../../ecrobot/../ecrobot/libecrobot.a(colorsensor.o)
__floatundidf                                     /cygdrive/C/cygwin/GNUARM/bin/../lib/gcc/arm-elf/4.0.2/thumb/interwork/libgcc.a(_addsubdf3.o)
__floatunsidf                                     /cygdrive/C/cygwin/GNUARM/bin/../lib/gcc/arm-elf/4.0.2/thumb/interwork/libgcc.a(_addsubdf3.o)
__gedf2                                           /cygdrive/C/cygwin/GNUARM/bin/../lib/gcc/arm-elf/4.0.2/thumb/interwork/libgcc.a(_cmpdf2.o)
__gtdf2                                           /cygdrive/C/cygwin/GNUARM/bin/../lib/gcc/arm-elf/4.0.2/thumb/interwork/libgcc.a(_cmpdf2.o)
                                                  ../../ecrobot/../ecrobot/libecrobot.a(colorsensor.o)
__interrupts_enable_change_to_arm                 /cygdrive/C/cygwin/GNUARM/bin/../lib/gcc/arm-elf/4.0.2/../../../../arm-elf/lib/thumb/interwork/libc.a(strncpy.o)
__interrupts_enable_from_thumb                    /cygdrive/C/cygwin/GNUARM/bin/../lib/gcc/arm-elf/4.0.2/../../../../arm-elf/lib/thumb/interwork/libc.a(strncpy.o)
__interrupts_get_and_disable_change_to_arm        /cygdrive/C/cygwin/GNUARM/bin/../lib/gcc/arm-elf/4.0.2/../../../../arm-elf/lib/thumb/interwork/libc.a(strncpy.o)
__interrupts_get_and_disable_from_thumb           /cygdrive/C/cygwin/GNUARM/bin/../lib/gcc/arm-elf/4.0.2/../../../../arm-elf/lib/thumb/interwork/libc.a(strncpy.o)
__irq_stack__                                     build/ecrobot_init.o
__ledf2                                           /cygdrive/C/cygwin/GNUARM/bin/../lib/gcc/arm-elf/4.0.2/thumb/interwork/libgcc.a(_cmpdf2.o)
__ltdf2                                           /cygdrive/C/cygwin/GNUARM/bin/../lib/gcc/arm-elf/4.0.2/thumb/interwork/libgcc.a(_cmpdf2.o)
__modsi3                                          /cygdrive/C/cygwin/GNUARM/bin/../lib/gcc/arm-elf/4.0.2/thumb/interwork/libgcc.a(_modsi3.o)